Component: ARM Compiler 5.06 update 7 (build 960) Tool: armlink [4d3601]

==============================================================================

Section Cross References

    startup_stm32f103xb.o(RESET) refers to startup_stm32f103xb.o(STACK) for __initial_sp
    startup_stm32f103xb.o(RESET) refers to startup_stm32f103xb.o(.text) for Reset_Handler
    startup_stm32f103xb.o(RESET) refers to stm32f1xx_it.o(i.NMI_Handler) for NMI_Handler
    startup_stm32f103xb.o(RESET) refers to stm32f1xx_it.o(i.HardFault_Handler) for HardFault_Handler
    startup_stm32f103xb.o(RESET) refers to stm32f1xx_it.o(i.MemManage_Handler) for MemManage_Handler
    startup_stm32f103xb.o(RESET) refers to stm32f1xx_it.o(i.BusFault_Handler) for BusFault_Handler
    startup_stm32f103xb.o(RESET) refers to stm32f1xx_it.o(i.UsageFault_Handler) for UsageFault_Handler
    startup_stm32f103xb.o(RESET) refers to port.o(.emb_text) for SVC_Handler
    startup_stm32f103xb.o(RESET) refers to stm32f1xx_it.o(i.DebugMon_Handler) for DebugMon_Handler
    startup_stm32f103xb.o(RESET) refers to cmsis_os2.o(i.SysTick_Handler) for SysTick_Handler
    startup_stm32f103xb.o(RESET) refers to stm32f1xx_it.o(i.DMA1_Channel5_IRQHandler) for DMA1_Channel5_IRQHandler
    startup_stm32f103xb.o(RESET) refers to stm32f1xx_it.o(i.TIM1_UP_IRQHandler) for TIM1_UP_IRQHandler
    startup_stm32f103xb.o(RESET) refers to stm32f1xx_it.o(i.USART1_IRQHandler) for USART1_IRQHandler
    startup_stm32f103xb.o(.text) refers to system_stm32f1xx.o(i.SystemInit) for SystemInit
    startup_stm32f103xb.o(.text) refers to entry.o(.ARM.Collect$$$$00000000) for __main
    text_utils.o(i.Log_Print) refers to stm32f1xx_hal_uart.o(i.HAL_UART_Transmit) for HAL_UART_Transmit
    text_utils.o(i.Log_Print) refers to main.o(.bss) for huart1
    text_utils.o(i.SWO_Print) refers to text_utils.o(i.SWO_PrintChar) for SWO_PrintChar
    text_utils.o(i.u1_printf) refers to printfa.o(i.__0vsnprintf) for vsnprintf
    text_utils.o(i.u1_printf) refers to strlen.o(.text) for strlen
    text_utils.o(i.u1_printf) refers to text_utils.o(i.Log_Print) for Log_Print
    delay.o(i.DWT_Delay_Init) refers to stm32f1xx_hal_rcc.o(i.HAL_RCC_GetSysClockFreq) for HAL_RCC_GetSysClockFreq
    delay.o(i.DWT_Delay_Init) refers to delay.o(.data) for .data
    delay.o(i.DWT_Delay_us) refers to delay.o(.data) for .data
    subtask.o(i.Get_Data_SubTask) refers to car.o(i.Car_Get_Real_Value) for Car_Get_Real_Value
    subtask.o(i.Normal_Balance_SubTask) refers to pid.o(i.Position_PID) for Position_PID
    subtask.o(i.Normal_Balance_SubTask) refers to fflti.o(.text) for __aeabi_i2f
    subtask.o(i.Normal_Balance_SubTask) refers to fadd.o(.text) for __aeabi_fadd
    subtask.o(i.Normal_Balance_SubTask) refers to pid.o(i.Angle_PID) for Angle_PID
    subtask.o(i.Normal_Balance_SubTask) refers to ffixi.o(.text) for __aeabi_f2iz
    subtask.o(i.Normal_Balance_SubTask) refers to motor.o(i.Set_Motor_A_Speed) for Set_Motor_A_Speed
    subtask.o(i.Normal_Balance_SubTask) refers to motor.o(i.Set_Motor_B_Speed) for Set_Motor_B_Speed
    subtask.o(i.Normal_Balance_SubTask) refers to car.o(.bss) for g_car
    subtask.o(i.Normal_Balance_SubTask) refers to subtask.o(.data) for .data
    uart_pid_parse.o(i.GetPIDParams) refers to queue.o(i.xQueueSemaphoreTake) for xQueueSemaphoreTake
    uart_pid_parse.o(i.GetPIDParams) refers to memcpya.o(.text) for __aeabi_memcpy4
    uart_pid_parse.o(i.GetPIDParams) refers to printfa.o(i.__0printf) for __2printf
    uart_pid_parse.o(i.GetPIDParams) refers to queue.o(i.xQueueGenericSend) for xQueueGenericSend
    uart_pid_parse.o(i.GetPIDParams) refers to uart_pid_parse.o(.data) for .data
    uart_pid_parse.o(i.LoadPIDParamsFromFlash) refers to memcpya.o(.text) for __aeabi_memcpy4
    uart_pid_parse.o(i.LoadPIDParamsFromFlash) refers to queue.o(i.xQueueSemaphoreTake) for xQueueSemaphoreTake
    uart_pid_parse.o(i.LoadPIDParamsFromFlash) refers to printfa.o(i.__0printf) for __2printf
    uart_pid_parse.o(i.LoadPIDParamsFromFlash) refers to queue.o(i.xQueueGenericSend) for xQueueGenericSend
    uart_pid_parse.o(i.LoadPIDParamsFromFlash) refers to f2d.o(.text) for __aeabi_f2d
    uart_pid_parse.o(i.LoadPIDParamsFromFlash) refers to uart_pid_parse.o(.data) for .data
    uart_pid_parse.o(i.LoadPIDParamsFromFlash) refers to pid.o(.data) for g_stored_pid_params
    uart_pid_parse.o(i.LoadPIDParamsFromFlash) refers to uart_pid_parse.o(.conststring) for .conststring
    uart_pid_parse.o(i.SavePIDParamsToFlash) refers to memcpya.o(.text) for __aeabi_memcpy4
    uart_pid_parse.o(i.SavePIDParamsToFlash) refers to f2d.o(.text) for __aeabi_f2d
    uart_pid_parse.o(i.SavePIDParamsToFlash) refers to printfa.o(i.__0printf) for __2printf
    uart_pid_parse.o(i.SavePIDParamsToFlash) refers to stm32f1xx_hal_flash.o(i.HAL_FLASH_Unlock) for HAL_FLASH_Unlock
    uart_pid_parse.o(i.SavePIDParamsToFlash) refers to stm32f1xx_hal_flash_ex.o(i.HAL_FLASHEx_Erase) for HAL_FLASHEx_Erase
[...]
    i.xTaskResumeAll                         0x08007a98   Section        0  tasks.o(i.xTaskResumeAll)
    i.xTimerCreateTimerTask                  0x08007b5c   Section        0  timers.o(i.xTimerCreateTimerTask)
    i.xTimerGenericCommand                   0x08007bbc   Section        0  timers.o(i.xTimerGenericCommand)
    .constdata                               0x08007c24   Section       72  main.o(.constdata)
    .constdata                               0x08007c6c   Section       18  stm32f1xx_hal_rcc.o(.constdata)
    aPredivFactorTable                       0x08007c6c   Data           2  stm32f1xx_hal_rcc.o(.constdata)
    aPLLMULFactorTable                       0x08007c6e   Data          16  stm32f1xx_hal_rcc.o(.constdata)
    .constdata                               0x08007c7e   Section       16  system_stm32f1xx.o(.constdata)
    .constdata                               0x08007c8e   Section        8  system_stm32f1xx.o(.constdata)
    .constdata                               0x08007c96   Section       64  ctype_c.o(.constdata)
    .conststring                             0x08007cd8   Section      374  uart_pid_parse.o(.conststring)
    .conststring                             0x08007e50   Section      113  main.o(.conststring)
    .data                                    0x20000000   Section        8  subtask.o(.data)
    .data                                    0x20000008   Section       16  uart_pid_parse.o(.data)
    g_kp                                     0x20000008   Data           4  uart_pid_parse.o(.data)
    g_ki                                     0x2000000c   Data           4  uart_pid_parse.o(.data)
    g_kd                                     0x20000010   Data           4  uart_pid_parse.o(.data)
    xParsePIDMutex                           0x20000014   Data           4  uart_pid_parse.o(.data)
    .data                                    0x20000018   Section       20  main.o(.data)
    ulCurrentDMATransferSize                 0x20000020   Data           4  main.o(.data)
    .data                                    0x2000002c   Section       12  stm32f1xx_hal.o(.data)
    .data                                    0x20000038   Section        4  system_stm32f1xx.o(.data)
    .data                                    0x2000003c   Section       60  tasks.o(.data)
    uxDeletedTasksWaitingCleanUp             0x20000040   Data           4  tasks.o(.data)
    uxCurrentNumberOfTasks                   0x20000044   Data           4  tasks.o(.data)
    xTickCount                               0x20000048   Data           4  tasks.o(.data)
    uxTopReadyPriority                       0x2000004c   Data           4  tasks.o(.data)
    xSchedulerRunning                        0x20000050   Data           4  tasks.o(.data)
    xPendedTicks                             0x20000054   Data           4  tasks.o(.data)
    xYieldPending                            0x20000058   Data           4  tasks.o(.data)
    xNumOfOverflows                          0x2000005c   Data           4  tasks.o(.data)
    uxTaskNumber                             0x20000060   Data           4  tasks.o(.data)
    xNextTaskUnblockTime                     0x20000064   Data           4  tasks.o(.data)
    xIdleTaskHandle                          0x20000068   Data           4  tasks.o(.data)
    uxSchedulerSuspended                     0x2000006c   Data           4  tasks.o(.data)
    pxDelayedTaskList                        0x20000070   Data           4  tasks.o(.data)
    pxOverflowDelayedTaskList                0x20000074   Data           4  tasks.o(.data)
    .data                                    0x20000078   Section       20  timers.o(.data)
    xTimerQueue                              0x20000078   Data           4  timers.o(.data)
    xTimerTaskHandle                         0x2000007c   Data           4  timers.o(.data)
    xLastTime                                0x20000080   Data           4  timers.o(.data)
    pxCurrentTimerList                       0x20000084   Data           4  timers.o(.data)
    pxOverflowTimerList                      0x20000088   Data           4  timers.o(.data)
    .data                                    0x2000008c   Section        4  cmsis_os2.o(.data)
    KernelState                              0x2000008c   Data           4  cmsis_os2.o(.data)
    .data                                    0x20000090   Section       32  heap_4.o(.data)
    pxEnd                                    0x20000090   Data           4  heap_4.o(.data)
    xFreeBytesRemaining                      0x20000094   Data           4  heap_4.o(.data)
    xMinimumEverFreeBytesRemaining           0x20000098   Data           4  heap_4.o(.data)
    xNumberOfSuccessfulAllocations           0x2000009c   Data           4  heap_4.o(.data)
    xNumberOfSuccessfulFrees                 0x200000a0   Data           4  heap_4.o(.data)
    xBlockAllocatedBit                       0x200000a4   Data           4  heap_4.o(.data)
    xStart                                   0x200000a8   Data           8  heap_4.o(.data)
    .data                                    0x200000b0   Section       12  port.o(.data)
    ucMaxSysCallPriority                     0x200000b0   Data           1  port.o(.data)
    uxCriticalNesting                        0x200000b4   Data           4  port.o(.data)
    ulMaxPRIGROUPValue                       0x200000b8   Data           4  port.o(.data)
    .data                                    0x200000bc   Section        2  mpu9250.o(.data)
    i                                        0x200000bc   Data           2  mpu9250.o(.data)
    .data                                    0x200000c0   Section      192  pid.o(.data)
    .data                                    0x20000180   Section       12  car.o(.data)
    is_first_call                            0x20000180   Data           1  car.o(.data)
    g_car_flag_instance                      0x20000181   Data           2  car.o(.data)
    wrap_count                               0x20000184   Data           4  car.o(.data)
    last_yaw                                 0x20000188   Data           4  car.o(.data)
    .data                                    0x2000018c   Section        4  stdout.o(.data)
    .data                                    0x20000190   Section        4  errno.o(.data)
    _errno                                   0x20000190   Data           4  errno.o(.data)
    .bss                                     0x20000194   Section      648  main.o(.bss)
    xReceivedData                            0x20000194   Data         130  main.o(.bss)
    .bss                                     0x2000041c   Section       72  stm32f1xx_hal_timebase_tim.o(.bss)
    .bss                                     0x20000468   Section       32  stm32f1xx_hal_flash.o(.bss)
    .bss                                     0x20000488   Section       64  queue.o(.bss)
    .bss                                     0x200004c8   Section     1220  tasks.o(.bss)
    pxReadyTasksLists                        0x200004c8   Data        1120  tasks.o(.bss)
    xDelayedTaskList1                        0x20000928   Data          20  tasks.o(.bss)
    xDelayedTaskList2                        0x2000093c   Data          20  tasks.o(.bss)
    xPendingReadyList                        0x20000950   Data          20  tasks.o(.bss)
    xTasksWaitingTermination                 0x20000964   Data          20  tasks.o(.bss)
    xSuspendedTaskList                       0x20000978   Data          20  tasks.o(.bss)
    .bss                                     0x2000098c   Section      280  timers.o(.bss)
    xStaticTimerQueue                        0x2000098c   Data          80  timers.o(.bss)
    ucStaticTimerQueueStorage                0x200009dc   Data         160  timers.o(.bss)
    xActiveTimerList1                        0x20000a7c   Data          20  timers.o(.bss)
    xActiveTimerList2                        0x20000a90   Data          20  timers.o(.bss)
    .bss                                     0x20000aa4   Section     1720  cmsis_os2.o(.bss)
    Idle_TCB                                 0x20000aa4   Data          92  cmsis_os2.o(.bss)
    Idle_Stack                               0x20000b00   Data         512  cmsis_os2.o(.bss)
    Timer_TCB                                0x20000d00   Data          92  cmsis_os2.o(.bss)
    Timer_Stack                              0x20000d5c   Data        1024  cmsis_os2.o(.bss)
    .bss                                     0x2000115c   Section     3072  heap_4.o(.bss)
    ucHeap                                   0x2000115c   Data        3072  heap_4.o(.bss)
    .bss                                     0x20001d5c   Section       16  mpu9250.o(.bss)
    dataBuf                                  0x20001d5c   Data          16  mpu9250.o(.bss)
    .bss                                     0x20001d6c   Section      548  car.o(.bss)
    SpeedControl                             0x20001e48   Data          40  car.o(.bss)
    g_pitch_pid_instance                     0x20001e70   Data          48  car.o(.bss)
    g_speed_pid_instance                     0x20001ea0   Data          48  car.o(.bss)
    g_yaw_pid_instance                       0x20001ed0   Data          48  car.o(.bss)
    g_distance_pid_instance                  0x20001f00   Data          48  car.o(.bss)
    g_angle_pid_instance                     0x20001f30   Data          48  car.o(.bss)
    g_roll_pid_instance                      0x20001f60   Data          48  car.o(.bss)
    .bss                                     0x20001f90   Section      128  car.o(.bss)
    STACK                                    0x20002010   Section     1024  startup_stm32f103xb.o(STACK)

    Global Symbols

    Symbol Name                              Value     Ov Type        Size  Object(Section)

    BuildAttributes$$THM_ISAv4$P$D$K$B$S$PE$A:L22UL41UL21$X:L11$S22US41US21$IEEE1$IW$USESV6$~STKCKD$USESV7$~SHL$OTIME$ROPI$IEEEX$EBA8$MICROLIB$REQ8$PRES8$EABIv2 0x00000000   Number         0  anon$$obj.o ABSOLUTE
    __ARM_use_no_argv                        0x00000000   Number         0  main.o ABSOLUTE
    _printf_a                                0x00000000   Number         0  stubs.o ABSOLUTE
    _printf_c                                0x00000000   Number         0  stubs.o ABSOLUTE
    _printf_charcount                        0x00000000   Number         0  stubs.o ABSOLUTE
    _printf_d                                0x00000000   Number         0  stubs.o ABSOLUTE
    _printf_e                                0x00000000   Number         0  stubs.o ABSOLUTE
    _printf_f                                0x00000000   Number         0  stubs.o ABSOLUTE
    _printf_flags                            0x00000000   Number         0  stubs.o ABSOLUTE
    _printf_fp_dec                           0x00000000   Number         0  stubs.o ABSOLUTE
    _printf_fp_hex                           0x00000000   Number         0  stubs.o ABSOLUTE
    _printf_g                                0x00000000   Number         0  stubs.o ABSOLUTE
    _printf_i                                0x00000000   Number         0  stubs.o ABSOLUTE
    _printf_int_dec                          0x00000000   Number         0  stubs.o ABSOLUTE
    _printf_l                                0x00000000   Number         0  stubs.o ABSOLUTE
    _printf_lc                               0x00000000   Number         0  stubs.o ABSOLUTE
    _printf_ll                               0x00000000   Number         0  stubs.o ABSOLUTE
    _printf_lld                              0x00000000   Number         0  stubs.o ABSOLUTE
    _printf_lli                              0x00000000   Number         0  stubs.o ABSOLUTE
    _printf_llo                              0x00000000   Number         0  stubs.o ABSOLUTE
    _printf_llu                              0x00000000   Number         0  stubs.o ABSOLUTE
    _printf_llx                              0x00000000   Number         0  stubs.o ABSOLUTE
    _printf_longlong_dec                     0x00000000   Number         0  stubs.o ABSOLUTE
    _printf_longlong_hex                     0x00000000   Number         0  stubs.o ABSOLUTE
    _printf_longlong_oct                     0x00000000   Number         0  stubs.o ABSOLUTE
    _printf_ls                               0x00000000   Number         0  stubs.o ABSOLUTE
    _printf_mbtowc                           0x00000000   Number         0  stubs.o ABSOLUTE
    _printf_n                                0x00000000   Number         0  stubs.o ABSOLUTE
    _printf_o                                0x00000000   Number         0  stubs.o ABSOLUTE
    _printf_p                                0x00000000   Number         0  stubs.o ABSOLUTE
    _printf_percent                          0x00000000   Number         0  stubs.o ABSOLUTE
    _printf_pre_padding                      0x00000000   Number         0  stubs.o ABSOLUTE
    _printf_return_value                     0x00000000   Number         0  stubs.o ABSOLUTE
    _printf_s                                0x00000000   Number         0  stubs.o ABSOLUTE
    _printf_sizespec                         0x00000000   Number         0  stubs.o ABSOLUTE
    _printf_str                              0x00000000   Number         0  stubs.o ABSOLUTE
    _printf_truncate_signed                  0x00000000   Number         0  stubs.o ABSOLUTE
    _printf_truncate_unsigned                0x00000000   Number         0  stubs.o ABSOLUTE
    _printf_u                                0x00000000   Number         0  stubs.o ABSOLUTE
    _printf_wc                               0x00000000   Number         0  stubs.o ABSOLUTE
    _printf_wctomb                           0x00000000   Number         0  stubs.o ABSOLUTE
    _printf_widthprec                        0x00000000   Number         0  stubs.o ABSOLUTE
    _printf_x                                0x00000000   Number         0  stubs.o ABSOLUTE
    __arm_fini_                               - Undefined Weak Reference
    __cpp_initialize__aeabi_                  - Undefined Weak Reference
    __cxa_finalize                            - Undefined Weak Reference
    _clock_init                               - Undefined Weak Reference
    _microlib_exit                            - Undefined Weak Reference
    _scanf_int                                - Undefined Weak Reference
    _scanf_longlong                           - Undefined Weak Reference
    __Vectors_Size                           0x000000ec   Number         0  startup_stm32f103xb.o ABSOLUTE
    __Vectors                                0x08000000   Data           4  startup_stm32f103xb.o(RESET)
    __Vectors_End                            0x080000ec   Data           0  startup_stm32f103xb.o(RESET)
    __main                                   0x080000ed   Thumb Code     0  entry.o(.ARM.Collect$$$$00000000)
    _main_stk                                0x080000ed   Thumb Code     0  entry2.o(.ARM.Collect$$$$00000001)
    _main_scatterload                        0x080000f1   Thumb Code     0  entry5.o(.ARM.Collect$$$$00000004)
    __main_after_scatterload                 0x080000f5   Thumb Code     0  entry5.o(.ARM.Collect$$$$00000004)
    _main_clock                              0x080000f5   Thumb Code     0  entry7b.o(.ARM.Collect$$$$00000008)
    _main_cpp_init                           0x080000f5   Thumb Code     0  entry8b.o(.ARM.Collect$$$$0000000A)
    _main_init                               0x080000f5   Thumb Code     0  entry9a.o(.ARM.Collect$$$$0000000B)
    __rt_lib_shutdown_fini                   0x080000fd   Thumb Code     0  entry12b.o(.ARM.Collect$$$$0000000E)
    __rt_final_cpp                           0x08000101   Thumb Code     0  entry10a.o(.ARM.Collect$$$$0000000F)
    __rt_final_exit                          0x08000101   Thumb Code     0  entry11a.o(.ARM.Collect$$$$00000011)
    SVC_Handler                              0x08000105   Thumb Code    32  port.o(.emb_text)
    __asm___6_port_c_39a90d8d__prvStartFirstTask 0x08000129   Thumb Code    28  port.o(.emb_text)
    PendSV_Handler                           0x08000149   Thumb Code    72  port.o(.emb_text)
    vPortGetIPSR                             0x08000195   Thumb Code     6  port.o(.emb_text)
    Reset_Handler                            0x0800019d   Thumb Code     8  startup_stm32f103xb.o(.text)
    ADC1_2_IRQHandler                        0x080001b7   Thumb Code     0  startup_stm32f103xb.o(.text)
    CAN1_RX1_IRQHandler                      0x080001b7   Thumb Code     0  startup_stm32f103xb.o(.text)
    CAN1_SCE_IRQHandler                      0x080001b7   Thumb Code     0  startup_stm32f103xb.o(.text)
    DMA1_Channel1_IRQHandler                 0x080001b7   Thumb Code     0  startup_stm32f103xb.o(.text)
    DMA1_Channel2_IRQHandler                 0x080001b7   Thumb Code     0  startup_stm32f103xb.o(.text)
    DMA1_Channel3_IRQHandler                 0x080001b7   Thumb Code     0  startup_stm32f103xb.o(.text)
    DMA1_Channel4_IRQHandler                 0x080001b7   Thumb Code     0  startup_stm32f103xb.o(.text)
    DMA1_Channel6_IRQHandler                 0x080001b7   Thumb Code     0  startup_stm32f103xb.o(.text)
    DMA1_Channel7_IRQHandler                 0x080001b7   Thumb Code     0  startup_stm32f103xb.o(.text)
    EXTI0_IRQHandler                         0x080001b7   Thumb Code     0  startup_stm32f103xb.o(.text)
    EXTI15_10_IRQHandler                     0x080001b7   Thumb Code     0  startup_stm32f103xb.o(.text)
    EXTI1_IRQHandler                         0x080001b7   Thumb Code     0  startup_stm32f103xb.o(.text)
    EXTI2_IRQHandler                         0x080001b7   Thumb Code     0  startup_stm32f103xb.o(.text)
    EXTI3_IRQHandler                         0x080001b7   Thumb Code     0  startup_stm32f103xb.o(.text)
    EXTI4_IRQHandler                         0x080001b7   Thumb Code     0  startup_stm32f103xb.o(.text)
    EXTI9_5_IRQHandler                       0x080001b7   Thumb Code     0  startup_stm32f103xb.o(.text)
    FLASH_IRQHandler                         0x080001b7   Thumb Code     0  startup_stm32f103xb.o(.text)
    I2C1_ER_IRQHandler                       0x080001b7   Thumb Code     0  startup_stm32f103xb.o(.text)
    I2C1_EV_IRQHandler                       0x080001b7   Thumb Code     0  startup_stm32f103xb.o(.text)
    I2C2_ER_IRQHandler                       0x080001b7   Thumb Code     0  startup_stm32f103xb.o(.text)
    I2C2_EV_IRQHandler                       0x080001b7   Thumb Code     0  startup_stm32f103xb.o(.text)
    PVD_IRQHandler                           0x080001b7   Thumb Code     0  startup_stm32f103xb.o(.text)
    RCC_IRQHandler                           0x080001b7   Thumb Code     0  startup_stm32f103xb.o(.text)
    RTC_Alarm_IRQHandler                     0x080001b7   Thumb Code     0  startup_stm32f103xb.o(.text)
    RTC_IRQHandler                           0x080001b7   Thumb Code     0  startup_stm32f103xb.o(.text)
    SPI1_IRQHandler                          0x080001b7   Thumb Code     0  startup_stm32f103xb.o(.text)
    SPI2_IRQHandler                          0x080001b7   Thumb Code     0  startup_stm32f103xb.o(.text)
    TAMPER_IRQHandler                        0x080001b7   Thumb Code     0  startup_stm32f103xb.o(.text)
    TIM1_BRK_IRQHandler                      0x080001b7   Thumb Code     0  startup_stm32f103xb.o(.text)
    TIM1_CC_IRQHandler                       0x080001b7   Thumb Code     0  startup_stm32f103xb.o(.text)
    TIM1_TRG_COM_IRQHandler                  0x080001b7   Thumb Code     0  startup_stm32f103xb.o(.text)
    TIM2_IRQHandler                          0x080001b7   Thumb Code     0  startup_stm32f103xb.o(.text)
    TIM3_IRQHandler                          0x080001b7   Thumb Code     0  startup_stm32f103xb.o(.text)
    TIM4_IRQHandler                          0x080001b7   Thumb Code     0  startup_stm32f103xb.o(.text)
    USART2_IRQHandler                        0x080001b7   Thumb Code     0  startup_stm32f103xb.o(.text)
    USART3_IRQHandler                        0x080001b7   Thumb Code     0  startup_stm32f103xb.o(.text)
    USBWakeUp_IRQHandler                     0x080001b7   Thumb Code     0  startup_stm32f103xb.o(.text)
    USB_HP_CAN1_TX_IRQHandler                0x080001b7   Thumb Code     0  startup_stm32f103xb.o(.text)
    USB_LP_CAN1_RX0_IRQHandler               0x080001b7   Thumb Code     0  startup_stm32f103xb.o(.text)
    WWDG_IRQHandler                          0x080001b7   Thumb Code     0  startup_stm32f103xb.o(.text)
    __aeabi_llsr                             0x080001c1   Thumb Code    32  llushr.o(.text)
    _ll_ushift_r                             0x080001c1   Thumb Code     0  llushr.o(.text)
    __aeabi_memcpy                           0x080001e1   Thumb Code    36  memcpya.o(.text)
    __aeabi_memcpy4                          0x080001e1   Thumb Code     0  memcpya.o(.text)
    __aeabi_memcpy8                          0x080001e1   Thumb Code     0  memcpya.o(.text)
    __aeabi_memset                           0x08000205   Thumb Code    14  memseta.o(.text)
    __aeabi_memset4                          0x08000205   Thumb Code     0  memseta.o(.text)
    __aeabi_memset8                          0x08000205   Thumb Code     0  memseta.o(.text)
    __aeabi_memclr                           0x08000213   Thumb Code     4  memseta.o(.text)
    __aeabi_memclr4                          0x08000213   Thumb Code     0  memseta.o(.text)
    __aeabi_memclr8                          0x08000213   Thumb Code     0  memseta.o(.text)
    memset                                   0x08000217   Thumb Code    18  memseta.o(.text)
    strlen                                   0x08000229   Thumb Code    14  strlen.o(.text)
    strcmp                                   0x08000237   Thumb Code    28  strcmp.o(.text)
    __0sscanf                                0x08000255   Thumb Code    48  __0sscanf.o(.text)
    _scanf_string                            0x0800028d   Thumb Code   224  _scanf_str.o(.text)
    _scanf_real                              0x08000495   Thumb Code     0  scanf_fp.o(.text)
    _scanf_really_real                       0x08000495   Thumb Code   556  scanf_fp.o(.text)
    __aeabi_fadd                             0x080006cd   Thumb Code   164  fadd.o(.text)
    __aeabi_fsub                             0x08000771   Thumb Code     6  fadd.o(.text)
    __aeabi_frsub                            0x08000777   Thumb Code     6  fadd.o(.text)
    __aeabi_fmul                             0x0800077d   Thumb Code   100  fmul.o(.text)
    __aeabi_fdiv                             0x080007e1   Thumb Code   124  fdiv.o(.text)
    __ARM_scalbnf                            0x0800085d   Thumb Code    24  fscalb.o(.text)
    scalbnf                                  0x0800085d   Thumb Code     0  fscalb.o(.text)
    __aeabi_dmul                             0x08000875   Thumb Code   228  dmul.o(.text)
    __aeabi_ddiv                             0x08000959   Thumb Code   222  ddiv.o(.text)
    __aeabi_i2f                              0x08000a37   Thumb Code    18  fflti.o(.text)
    __aeabi_ui2f                             0x08000a49   Thumb Code    10  ffltui.o(.text)
    __aeabi_i2d                              0x08000a53   Thumb Code    34  dflti.o(.text)
    __aeabi_f2iz                             0x08000a75   Thumb Code    50  ffixi.o(.text)
    __aeabi_f2d                              0x08000aa7   Thumb Code    38  f2d.o(.text)
    __aeabi_d2f                              0x08000acd   Thumb Code    56  d2f.o(.text)
    __aeabi_cfrcmple                         0x08000b05   Thumb Code    20  cfrcmple.o(.text)
    __aeabi_uidiv                            0x08000b19   Thumb Code     0  uidiv.o(.text)
    __aeabi_uidivmod                         0x08000b19   Thumb Code    44  uidiv.o(.text)
    __aeabi_uldivmod                         0x08000b45   Thumb Code    98  uldiv.o(.text)
    __vfscanf_char                           0x08000bb5   Thumb Code    20  scanf_char.o(.text)
    _sgetc                                   0x08000bd1   Thumb Code    30  _sgetc.o(.text)
    _sbackspace                              0x08000bef   Thumb Code    34  _sgetc.o(.text)
    __I$use$fp                               0x08000c11   Thumb Code     0  iusefp.o(.text)
    _float_round                             0x08000c11   Thumb Code    18  fepilogue.o(.text)
    _float_epilogue                          0x08000c23   Thumb Code    92  fepilogue.o(.text)
    _fsqrt                                   0x08000c7f   Thumb Code    94  fsqrt.o(.text)
    _double_round                            0x08000cdd   Thumb Code    30  depilogue.o(.text)
    _double_epilogue                         0x08000cfb   Thumb Code   156  depilogue.o(.text)
    __aeabi_dadd                             0x08000d97   Thumb Code   322  dadd.o(.text)
    __aeabi_dsub                             0x08000ed9   Thumb Code     6  dadd.o(.text)
    __aeabi_drsub                            0x08000edf   Thumb Code     6  dadd.o(.text)
    __aeabi_ul2d                             0x08000ee5   Thumb Code    24  dfltul.o(.text)
    __aeabi_d2ulz                            0x08000efd   Thumb Code    48  dfixul.o(.text)
    __aeabi_cdrcmple                         0x08000f2d   Thumb Code    48  cdrcmple.o(.text)
    __scatterload                            0x08000f5d   Thumb Code    28  init.o(.text)
    __scatterload_rt2                        0x08000f5d   Thumb Code     0  init.o(.text)
    __aeabi_llsl                             0x08000f81   Thumb Code    30  llshl.o(.text)
    _ll_shift_l                              0x08000f81   Thumb Code     0  llshl.o(.text)
    __aeabi_lasr                             0x08000f9f   Thumb Code    36  llsshr.o(.text)
    _ll_sshift_r                             0x08000f9f   Thumb Code     0  llsshr.o(.text)
    isspace                                  0x08000fc3   Thumb Code    10  isspace_c.o(.text)
    __vfscanf                                0x08000fcd   Thumb Code   810  _scanf.o(.text)
    __ctype_lookup                           0x080012fd   Thumb Code    34  ctype_c.o(.text)
    __decompress                             0x08001325   Thumb Code     0  __dczerorl2.o(.text)
    __decompress1                            0x08001325   Thumb Code    86  __dczerorl2.o(.text)
    Angle_PID                                0x0800137b   Thumb Code   140  pid.o(i.Angle_PID)
    BusFault_Handler                         0x08001407   Thumb Code     2  stm32f1xx_it.o(i.BusFault_Handler)
    Car_Get_Real_Value                       0x08001409   Thumb Code   488  car.o(i.Car_Get_Real_Value)
    Car_Init                                 0x0800163d   Thumb Code   414  car.o(i.Car_Init)
    DMA1_Channel5_IRQHandler                 0x08001811   Thumb Code     6  stm32f1xx_it.o(i.DMA1_Channel5_IRQHandler)
    DebugMon_Handler                         0x08001847   Thumb Code     2  stm32f1xx_it.o(i.DebugMon_Handler)
    Encoder_Get_A                            0x08001849   Thumb Code    14  motor.o(i.Encoder_Get_A)
    Encoder_Get_B                            0x0800185d   Thumb Code    14  motor.o(i.Encoder_Get_B)
    Error_Handler                            0x08001871   Thumb Code     4  main.o(i.Error_Handler)
    FLASH_PageErase                          0x08001899   Thumb Code    28  stm32f1xx_hal_flash_ex.o(i.FLASH_PageErase)
    FLASH_WaitForLastOperation               0x08001935   Thumb Code    80  stm32f1xx_hal_flash.o(i.FLASH_WaitForLastOperation)
    Get_Data_SubTask                         0x08001989   Thumb Code     6  subtask.o(i.Get_Data_SubTask)
    HAL_DMA_Abort                            0x08001995   Thumb Code    70  stm32f1xx_hal_dma.o(i.HAL_DMA_Abort)
    HAL_DMA_Abort_IT                         0x080019dd   Thumb Code   148  stm32f1xx_hal_dma.o(i.HAL_DMA_Abort_IT)
    HAL_DMA_IRQHandler                       0x08001a75   Thumb Code   316  stm32f1xx_hal_dma.o(i.HAL_DMA_IRQHandler)
    HAL_DMA_Init                             0x08001bc9   Thumb Code    84  stm32f1xx_hal_dma.o(i.HAL_DMA_Init)
    HAL_DMA_Start_IT                         0x08001c25   Thumb Code   112  stm32f1xx_hal_dma.o(i.HAL_DMA_Start_IT)
    HAL_Delay                                0x08001c95   Thumb Code    32  stm32f1xx_hal.o(i.HAL_Delay)
    HAL_FLASHEx_Erase                        0x08001cb9   Thumb Code   160  stm32f1xx_hal_flash_ex.o(i.HAL_FLASHEx_Erase)
    HAL_FLASH_Lock                           0x08001d61   Thumb Code    14  stm32f1xx_hal_flash.o(i.HAL_FLASH_Lock)
    HAL_FLASH_Program                        0x08001d75   Thumb Code   120  stm32f1xx_hal_flash.o(i.HAL_FLASH_Program)
    HAL_FLASH_Unlock                         0x08001df5   Thumb Code    28  stm32f1xx_hal_flash.o(i.HAL_FLASH_Unlock)
    HAL_GPIO_Init                            0x08001e1d   Thumb Code   446  stm32f1xx_hal_gpio.o(i.HAL_GPIO_Init)
    HAL_GPIO_TogglePin                       0x08001ffd   Thumb Code    16  stm32f1xx_hal_gpio.o(i.HAL_GPIO_TogglePin)
    HAL_GPIO_WritePin                        0x0800200d   Thumb Code    10  stm32f1xx_hal_gpio.o(i.HAL_GPIO_WritePin)
    HAL_GetTick                              0x08002019   Thumb Code     6  stm32f1xx_hal.o(i.HAL_GetTick)
    HAL_IncTick                              0x08002025   Thumb Code    12  stm32f1xx_hal.o(i.HAL_IncTick)
    HAL_Init                                 0x08002035   Thumb Code    32  stm32f1xx_hal.o(i.HAL_Init)
    HAL_InitTick                             0x08002059   Thumb Code   118  stm32f1xx_hal_timebase_tim.o(i.HAL_InitTick)
    HAL_MspInit                              0x080020e5   Thumb Code    62  stm32f1xx_hal_msp.o(i.HAL_MspInit)
    HAL_NVIC_EnableIRQ                       0x0800212d   Thumb Code    26  stm32f1xx_hal_cortex.o(i.HAL_NVIC_EnableIRQ)
    HAL_NVIC_SetPriority                     0x08002149   Thumb Code    60  stm32f1xx_hal_cortex.o(i.HAL_NVIC_SetPriority)
    HAL_NVIC_SetPriorityGrouping             0x08002189   Thumb Code    26  stm32f1xx_hal_cortex.o(i.HAL_NVIC_SetPriorityGrouping)
    HAL_RCC_ClockConfig                      0x080021ad   Thumb Code   280  stm32f1xx_hal_rcc.o(i.HAL_RCC_ClockConfig)
    HAL_RCC_GetClockConfig                   0x080022d9   Thumb Code    54  stm32f1xx_hal_rcc.o(i.HAL_RCC_GetClockConfig)
    HAL_RCC_GetPCLK1Freq                     0x08002319   Thumb Code    20  stm32f1xx_hal_rcc.o(i.HAL_RCC_GetPCLK1Freq)
    HAL_RCC_GetPCLK2Freq                     0x08002339   Thumb Code    20  stm32f1xx_hal_rcc.o(i.HAL_RCC_GetPCLK2Freq)
    HAL_RCC_GetSysClockFreq                  0x08002359   Thumb Code    64  stm32f1xx_hal_rcc.o(i.HAL_RCC_GetSysClockFreq)
    HAL_RCC_OscConfig                        0x080023ad   Thumb Code   778  stm32f1xx_hal_rcc.o(i.HAL_RCC_OscConfig)
    HAL_SPI_GetState                         0x080026cd   Thumb Code     6  stm32f1xx_hal_spi.o(i.HAL_SPI_GetState)
    HAL_SPI_Init                             0x080026d3   Thumb Code   178  stm32f1xx_hal_spi.o(i.HAL_SPI_Init)
    HAL_SPI_MspInit                          0x08002785   Thumb Code    98  stm32f1xx_hal_msp.o(i.HAL_SPI_MspInit)
    HAL_SPI_Receive                          0x080027f5   Thumb Code   340  stm32f1xx_hal_spi.o(i.HAL_SPI_Receive)
    HAL_SPI_Transmit                         0x08002949   Thumb Code   358  stm32f1xx_hal_spi.o(i.HAL_SPI_Transmit)
    HAL_SPI_TransmitReceive                  0x08002aaf   Thumb Code   496  stm32f1xx_hal_spi.o(i.HAL_SPI_TransmitReceive)
    HAL_TIMEx_BreakCallback                  0x08002c9f   Thumb Code     2  stm32f1xx_hal_tim_ex.o(i.HAL_TIMEx_BreakCallback)
    HAL_TIMEx_CommutCallback                 0x08002ca1   Thumb Code     2  stm32f1xx_hal_tim_ex.o(i.HAL_TIMEx_CommutCallback)
    HAL_TIMEx_MasterConfigSynchronization    0x08002ca5   Thumb Code    92  stm32f1xx_hal_tim_ex.o(i.HAL_TIMEx_MasterConfigSynchronization)
    HAL_TIM_Base_Init                        0x08002d0d   Thumb Code    90  stm32f1xx_hal_tim.o(i.HAL_TIM_Base_Init)
    HAL_TIM_Base_MspInit                     0x08002d69   Thumb Code    30  stm32f1xx_hal_msp.o(i.HAL_TIM_Base_MspInit)
    HAL_TIM_Base_Start_IT                    0x08002d91   Thumb Code    76  stm32f1xx_hal_tim.o(i.HAL_TIM_Base_Start_IT)
    HAL_TIM_ConfigClockSource                0x08002de9   Thumb Code   220  stm32f1xx_hal_tim.o(i.HAL_TIM_ConfigClockSource)
    HAL_TIM_Encoder_Init                     0x08002ec5   Thumb Code   164  stm32f1xx_hal_tim.o(i.HAL_TIM_Encoder_Init)
    HAL_TIM_Encoder_MspInit                  0x08002f69   Thumb Code   122  stm32f1xx_hal_msp.o(i.HAL_TIM_Encoder_MspInit)
    HAL_TIM_IC_CaptureCallback               0x08002ff5   Thumb Code     2  stm32f1xx_hal_tim.o(i.HAL_TIM_IC_CaptureCallback)
    HAL_TIM_IRQHandler                       0x08002ff7   Thumb Code   304  stm32f1xx_hal_tim.o(i.HAL_TIM_IRQHandler)
    HAL_TIM_MspPostInit                      0x08003129   Thumb Code    62  stm32f1xx_hal_msp.o(i.HAL_TIM_MspPostInit)
    HAL_TIM_OC_DelayElapsedCallback          0x08003175   Thumb Code     2  stm32f1xx_hal_tim.o(i.HAL_TIM_OC_DelayElapsedCallback)
    HAL_TIM_PWM_ConfigChannel                0x08003177   Thumb Code   204  stm32f1xx_hal_tim.o(i.HAL_TIM_PWM_ConfigChannel)
    HAL_TIM_PWM_Init                         0x08003243   Thumb Code    90  stm32f1xx_hal_tim.o(i.HAL_TIM_PWM_Init)
    HAL_TIM_PWM_MspInit                      0x0800329d   Thumb Code     2  stm32f1xx_hal_tim.o(i.HAL_TIM_PWM_MspInit)
    HAL_TIM_PWM_PulseFinishedCallback        0x0800329f   Thumb Code     2  stm32f1xx_hal_tim.o(i.HAL_TIM_PWM_PulseFinishedCallback)
    HAL_TIM_PWM_Start                        0x080032a1   Thumb Code   144  stm32f1xx_hal_tim.o(i.HAL_TIM_PWM_Start)
    HAL_TIM_PeriodElapsedCallback            0x0800333d   Thumb Code    14  main.o(i.HAL_TIM_PeriodElapsedCallback)
    HAL_TIM_TriggerCallback                  0x08003351   Thumb Code     2  stm32f1xx_hal_tim.o(i.HAL_TIM_TriggerCallback)
    HAL_UARTEx_RxEventCallback               0x08003355   Thumb Code   188  main.o(i.HAL_UARTEx_RxEventCallback)
    HAL_UART_ErrorCallback                   0x08003429   Thumb Code     2  stm32f1xx_hal_uart.o(i.HAL_UART_ErrorCallback)
    HAL_UART_IRQHandler                      0x0800342d   Thumb Code   616  stm32f1xx_hal_uart.o(i.HAL_UART_IRQHandler)
    HAL_UART_Init                            0x08003699   Thumb Code   100  stm32f1xx_hal_uart.o(i.HAL_UART_Init)
    HAL_UART_MspInit                         0x080036fd   Thumb Code   156  stm32f1xx_hal_msp.o(i.HAL_UART_MspInit)
    HAL_UART_Receive_DMA                     0x080037ad   Thumb Code    28  stm32f1xx_hal_uart.o(i.HAL_UART_Receive_DMA)
    HAL_UART_RxCpltCallback                  0x080037c9   Thumb Code     2  stm32f1xx_hal_uart.o(i.HAL_UART_RxCpltCallback)
    HAL_UART_RxHalfCpltCallback              0x080037cb   Thumb Code     2  stm32f1xx_hal_uart.o(i.HAL_UART_RxHalfCpltCallback)
    HAL_UART_Transmit                        0x080037cd   Thumb Code   160  stm32f1xx_hal_uart.o(i.HAL_UART_Transmit)
    HAL_UART_TxCpltCallback                  0x0800386d   Thumb Code     2  stm32f1xx_hal_uart.o(i.HAL_UART_TxCpltCallback)
    HardFault_Handler                        0x0800386f   Thumb Code     2  stm32f1xx_it.o(i.HardFault_Handler)
    InfiniteYaw                              0x08003871   Thumb Code    76  car.o(i.InfiniteYaw)
    LoadPIDParamsFromFlash                   0x080038c9   Thumb Code   220  uart_pid_parse.o(i.LoadPIDParamsFromFlash)
    Log_Print                                0x08003aa1   Thumb Code    20  text_utils.o(i.Log_Print)
    MPU9250_Init                             0x08003ab9   Thumb Code   136  mpu9250.o(i.MPU9250_Init)
    MPU9250_ReadAccel                        0x08003b5d   Thumb Code   108  mpu9250.o(i.MPU9250_ReadAccel)
    MPU9250_ReadGyro                         0x08003bd5   Thumb Code   108  mpu9250.o(i.MPU9250_ReadGyro)
    MPU9250_ReadMag                          0x08003c4d   Thumb Code   248  mpu9250.o(i.MPU9250_ReadMag)
    MemManage_Handler                        0x08004039   Thumb Code     2  stm32f1xx_it.o(i.MemManage_Handler)
    NMI_Handler                              0x0800403b   Thumb Code     2  stm32f1xx_it.o(i.NMI_Handler)
    Normal_Balance_SubTask                   0x0800403d   Thumb Code   140  subtask.o(i.Normal_Balance_SubTask)
    Position_PID                             0x080040d1   Thumb Code   148  pid.o(i.Position_PID)
    SavePIDParamsToFlash                     0x080042ad   Thumb Code   382  uart_pid_parse.o(i.SavePIDParamsToFlash)
    Set_Motor_A_Speed                        0x080044f9   Thumb Code    64  motor.o(i.Set_Motor_A_Speed)
    Set_Motor_B_Speed                        0x08004541   Thumb Code    64  motor.o(i.Set_Motor_B_Speed)
    StartDefaultTask                         0x08004589   Thumb Code    30  main.o(i.StartDefaultTask)
    StartUART1DMAReceive                     0x080045ad   Thumb Code    32  main.o(i.StartUART1DMAReceive)
    SysTick_Handler                          0x080045d5   Thumb Code    26  cmsis_os2.o(i.SysTick_Handler)
    SystemClock_Config                       0x080045ef   Thumb Code    94  main.o(i.SystemClock_Config)
    SystemInit                               0x0800464d   Thumb Code     2  system_stm32f1xx.o(i.SystemInit)
    TIM1_UP_IRQHandler                       0x08004651   Thumb Code     6  stm32f1xx_it.o(i.TIM1_UP_IRQHandler)
    TIM_Base_SetConfig                       0x0800465d   Thumb Code   108  stm32f1xx_hal_tim.o(i.TIM_Base_SetConfig)
    TIM_CCxChannelCmd                        0x080046d5   Thumb Code    26  stm32f1xx_hal_tim.o(i.TIM_CCxChannelCmd)
    TIM_ETR_SetConfig                        0x080046ef   Thumb Code    20  stm32f1xx_hal_tim.o(i.TIM_ETR_SetConfig)
    TIM_OC2_SetConfig                        0x08004765   Thumb Code    84  stm32f1xx_hal_tim.o(i.TIM_OC2_SetConfig)
    Test_SPI_Communication                   0x080048a1   Thumb Code   178  main.o(i.Test_SPI_Communication)
    UART1_ParsePIDData                       0x08004a4d   Thumb Code   222  uart_pid_parse.o(i.UART1_ParsePIDData)
    UART_Start_Receive_DMA                   0x08004f29   Thumb Code   130  stm32f1xx_hal_uart.o(i.UART_Start_Receive_DMA)
    USART1_IRQHandler                        0x0800502d   Thumb Code     6  stm32f1xx_it.o(i.USART1_IRQHandler)
    UartRecvTask                             0x08005039   Thumb Code   212  main.o(i.UartRecvTask)
    UsageFault_Handler                       0x080051e5   Thumb Code     2  stm32f1xx_it.o(i.UsageFault_Handler)
    __0printf                                0x080051e9   Thumb Code    22  printfa.o(i.__0printf)
    __1printf                                0x080051e9   Thumb Code     0  printfa.o(i.__0printf)
    __2printf                                0x080051e9   Thumb Code     0  printfa.o(i.__0printf)
    __c89printf                              0x080051e9   Thumb Code     0  printfa.o(i.__0printf)
    printf                                   0x080051e9   Thumb Code     0  printfa.o(i.__0printf)
    __0vsnprintf                             0x08005209   Thumb Code    46  printfa.o(i.__0vsnprintf)
    __1vsnprintf                             0x08005209   Thumb Code     0  printfa.o(i.__0vsnprintf)
    __2vsnprintf                             0x08005209   Thumb Code     0  printfa.o(i.__0vsnprintf)
    __c89vsnprintf                           0x08005209   Thumb Code     0  printfa.o(i.__0vsnprintf)
    vsnprintf                                0x08005209   Thumb Code     0  printfa.o(i.__0vsnprintf)
    __ARM_fpclassifyf                        0x0800523d   Thumb Code    38  fpclassifyf.o(i.__ARM_fpclassifyf)
    __mathlib_flt_infnan2                    0x08005283   Thumb Code     4  funder.o(i.__mathlib_flt_infnan2)
    __mathlib_flt_underflow                  0x08005287   Thumb Code    10  funder.o(i.__mathlib_flt_underflow)
    __scatterload_copy                       0x08005291   Thumb Code    14  handlers.o(i.__scatterload_copy)
    __scatterload_null                       0x0800529f   Thumb Code     2  handlers.o(i.__scatterload_null)
    __scatterload_zeroinit                   0x080052a1   Thumb Code    14  handlers.o(i.__scatterload_zeroinit)
    __set_errno                              0x080052b1   Thumb Code     6  errno.o(i.__set_errno)
    _is_digit                                0x08005441   Thumb Code    14  scanf_fp.o(i._is_digit)
    atan2f                                   0x08005b6d   Thumb Code   598  atan2f.o(i.atan2f)
    fputc                                    0x08005e11   Thumb Code    16  main.o(i.fputc)
    main                                     0x08005e25   Thumb Code   318  main.o(i.main)
    osKernelInitialize                       0x080060cd   Thumb Code    32  cmsis_os2.o(i.osKernelInitialize)
    osKernelStart                            0x080060f1   Thumb Code    48  cmsis_os2.o(i.osKernelStart)
    osThreadNew                              0x08006129   Thumb Code   138  cmsis_os2.o(i.osThreadNew)
    pvPortMalloc                             0x08006949   Thumb Code   216  heap_4.o(i.pvPortMalloc)
    pvTaskIncrementMutexHeldCount            0x08006a25   Thumb Code    18  tasks.o(i.pvTaskIncrementMutexHeldCount)
    pxPortInitialiseStack                    0x08006a3d   Thumb Code    32  port.o(i.pxPortInitialiseStack)
    sqrtf                                    0x08006a97   Thumb Code    44  sqrtf.o(i.sqrtf)
    u1_printf                                0x08006ac3   Thumb Code    40  text_utils.o(i.u1_printf)
    uxListRemove                             0x08006aeb   Thumb Code    38  list.o(i.uxListRemove)
    vApplicationGetIdleTaskMemory            0x08006b11   Thumb Code    16  cmsis_os2.o(i.vApplicationGetIdleTaskMemory)
    vApplicationGetTimerTaskMemory           0x08006b25   Thumb Code    18  cmsis_os2.o(i.vApplicationGetTimerTaskMemory)
    vListInitialise                          0x08006b3d   Thumb Code    22  list.o(i.vListInitialise)
    vListInitialiseItem                      0x08006b53   Thumb Code     6  list.o(i.vListInitialiseItem)
    vListInsert                              0x08006b59   Thumb Code    48  list.o(i.vListInsert)
    vListInsertEnd                           0x08006b89   Thumb Code    24  list.o(i.vListInsertEnd)
    vPortEnterCritical                       0x08006ba1   Thumb Code    54  port.o(i.vPortEnterCritical)
    vPortExitCritical                        0x08006be1   Thumb Code    34  port.o(i.vPortExitCritical)
    vPortFree                                0x08006c09   Thumb Code    94  heap_4.o(i.vPortFree)
    vPortSetupTimerInterrupt                 0x08006c6d   Thumb Code    32  port.o(i.vPortSetupTimerInterrupt)
    vPortValidateInterruptPriority           0x08006c91   Thumb Code    74  port.o(i.vPortValidateInterruptPriority)
    vQueueAddToRegistry                      0x08006ce5   Thumb Code    34  queue.o(i.vQueueAddToRegistry)
    vQueueWaitForMessageRestricted           0x08006d0d   Thumb Code    68  queue.o(i.vQueueWaitForMessageRestricted)
    vTaskDelay                               0x08006d51   Thumb Code    66  tasks.o(i.vTaskDelay)
    vTaskInternalSetTimeOutState             0x08006d9d   Thumb Code    12  tasks.o(i.vTaskInternalSetTimeOutState)
    vTaskMissedYield                         0x08006dad   Thumb Code     8  tasks.o(i.vTaskMissedYield)
    vTaskPlaceOnEventList                    0x08006db9   Thumb Code    44  tasks.o(i.vTaskPlaceOnEventList)
    vTaskPlaceOnEventListRestricted          0x08006de9   Thumb Code    52  tasks.o(i.vTaskPlaceOnEventListRestricted)
    vTaskPriorityDisinheritAfterTimeout      0x08006e21   Thumb Code   134  tasks.o(i.vTaskPriorityDisinheritAfterTimeout)
    vTaskStartScheduler                      0x08006eb1   Thumb Code   118  tasks.o(i.vTaskStartScheduler)
    vTaskSuspendAll                          0x08006f39   Thumb Code    10  tasks.o(i.vTaskSuspendAll)
    vTaskSwitchContext                       0x08006f49   Thumb Code    90  tasks.o(i.vTaskSwitchContext)
    xPortStartScheduler                      0x08006fad   Thumb Code   154  port.o(i.xPortStartScheduler)
    xPortSysTickHandler                      0x08007055   Thumb Code    38  port.o(i.xPortSysTickHandler)
    xQueueGenericCreate                      0x08007081   Thumb Code    66  queue.o(i.xQueueGenericCreate)
    xQueueGenericCreateStatic                0x080070c3   Thumb Code   102  queue.o(i.xQueueGenericCreateStatic)
    xQueueGenericReset                       0x08007129   Thumb Code   132  queue.o(i.xQueueGenericReset)
    xQueueGenericSend                        0x080071b1   Thumb Code   346  queue.o(i.xQueueGenericSend)
    xQueueGenericSendFromISR                 0x08007311   Thumb Code   190  queue.o(i.xQueueGenericSendFromISR)
    xQueueGiveFromISR                        0x080073cf   Thumb Code   156  queue.o(i.xQueueGiveFromISR)
    xQueueReceive                            0x0800746d   Thumb Code   308  queue.o(i.xQueueReceive)
    xQueueSemaphoreTake                      0x080075a5   Thumb Code   372  queue.o(i.xQueueSemaphoreTake)
    xTaskCheckForTimeOut                     0x0800771d   Thumb Code   112  tasks.o(i.xTaskCheckForTimeOut)
    xTaskCreate                              0x08007791   Thumb Code    90  tasks.o(i.xTaskCreate)
    xTaskCreateStatic                        0x080077eb   Thumb Code    86  tasks.o(i.xTaskCreateStatic)
    xTaskGetSchedulerState                   0x08007841   Thumb Code    22  tasks.o(i.xTaskGetSchedulerState)
    xTaskGetTickCount                        0x0800785d   Thumb Code     6  tasks.o(i.xTaskGetTickCount)
    xTaskIncrementTick                       0x08007869   Thumb Code   192  tasks.o(i.xTaskIncrementTick)
    xTaskPriorityDisinherit                  0x08007931   Thumb Code   118  tasks.o(i.xTaskPriorityDisinherit)
    xTaskPriorityInherit                     0x080079b1   Thumb Code   112  tasks.o(i.xTaskPriorityInherit)
    xTaskRemoveFromEventList                 0x08007a29   Thumb Code    98  tasks.o(i.xTaskRemoveFromEventList)
    xTaskResumeAll                           0x08007a99   Thumb Code   182  tasks.o(i.xTaskResumeAll)
    xTimerCreateTimerTask                    0x08007b5d   Thumb Code    78  timers.o(i.xTimerCreateTimerTask)
    xTimerGenericCommand                     0x08007bbd   Thumb Code    98  timers.o(i.xTimerGenericCommand)
    defaultTask_attributes                   0x08007c24   Data          36  main.o(.constdata)
    uartRecvTask_attributes                  0x08007c48   Data          36  main.o(.constdata)
    AHBPrescTable                            0x08007c7e   Data          16  system_stm32f1xx.o(.constdata)
    APBPrescTable                            0x08007c8e   Data           8  system_stm32f1xx.o(.constdata)
    __ctype_categories                       0x08007c96   Data          64  ctype_c.o(.constdata)
    Region$$Table$$Base                      0x08007ec4   Number         0  anon$$obj.o(Region$$Table)
    Region$$Table$$Limit                     0x08007ee4   Number         0  anon$$obj.o(Region$$Table)
    M1_PWM_Out                               0x20000000   Data           4  subtask.o(.data)
    M2_PWM_Out                               0x20000004   Data           4  subtask.o(.data)
    xUART1ReceiveQueue                       0x20000018   Data           4  main.o(.data)
    xUART1ProcessingSemaphore                0x2000001c   Data           4  main.o(.data)
    defaultTaskHandle                        0x20000024   Data           4  main.o(.data)
    uartRecvTaskHandle                       0x20000028   Data           4  main.o(.data)
    uwTickFreq                               0x2000002c   Data           1  stm32f1xx_hal.o(.data)
    uwTickPrio                               0x20000030   Data           4  stm32f1xx_hal.o(.data)
    uwTick                                   0x20000034   Data           4  stm32f1xx_hal.o(.data)
    SystemCoreClock                          0x20000038   Data           4  system_stm32f1xx.o(.data)
    pxCurrentTCB                             0x2000003c   Data           4  tasks.o(.data)
    g_stored_pid_params                      0x200000c0   Data         192  pid.o(.data)
    __stdout                                 0x2000018c   Data           4  stdout.o(.data)
    hspi1                                    0x20000218   Data          88  main.o(.bss)
    htim2                                    0x20000270   Data          72  main.o(.bss)
    htim3                                    0x200002b8   Data          72  main.o(.bss)
    htim4                                    0x20000300   Data          72  main.o(.bss)
    huart1                                   0x20000348   Data          72  main.o(.bss)
    hdma_usart1_rx                           0x20000390   Data          68  main.o(.bss)
    mpu                                      0x200003d4   Data          72  main.o(.bss)
    htim1                                    0x2000041c   Data          72  stm32f1xx_hal_timebase_tim.o(.bss)
    pFlash                                   0x20000468   Data          32  stm32f1xx_hal_flash.o(.bss)
    xQueueRegistry                           0x20000488   Data          64  queue.o(.bss)
    g_car                                    0x20001d6c   Data         220  car.o(.bss)
    s_pid_uart_rx_buf                        0x20001f90   Data         128  car.o(.bss)
    __initial_sp                             0x20002410   Data           0  startup_stm32f103xb.o(STACK)



==============================================================================

Memory Map of the image

  Image Entry point : 0x080000ed

  Load Region LR_IROM1 (Base: 0x08000000, Size: 0x00008078, Max: 0x00010000, ABSOLUTE, COMPRESSED[0x00007f10])

    Execution Region ER_IROM1 (Exec base: 0x08000000, Load base: 0x08000000, Size: 0x00007ee4, Max: 0x00010000, ABSOLUTE)

    Exec Addr    Load Addr    Size         Type   Attr      Idx    E Section Name        Object

    0x08000000   0x08000000   0x000000ec   Data   RO            3    RESET               startup_stm32f103xb.o
    0x080000ec   0x080000ec   0x00000000   Code   RO         5475  * .ARM.Collect$$$$00000000  mc_w.l(entry.o)
    0x080000ec   0x080000ec   0x00000004   Code   RO         5805    .ARM.Collect$$$$00000001  mc_w.l(entry2.o)
    0x080000f0   0x080000f0   0x00000004   Code   RO         5808    .ARM.Collect$$$$00000004  mc_w.l(entry5.o)
    0x080000f4   0x080000f4   0x00000000   Code   RO         5810    .ARM.Collect$$$$00000008  mc_w.l(entry7b.o)
    0x080000f4   0x080000f4   0x00000000   Code   RO         5812    .ARM.Collect$$$$0000000A  mc_w.l(entry8b.o)
    0x080000f4   0x080000f4   0x00000008   Code   RO         5813    .ARM.Collect$$$$0000000B  mc_w.l(entry9a.o)
    0x080000fc   0x080000fc   0x00000004   Code   RO         5820    .ARM.Collect$$$$0000000E  mc_w.l(entry12b.o)
    0x08000100   0x08000100   0x00000000   Code   RO         5815    .ARM.Collect$$$$0000000F  mc_w.l(entry10a.o)
    0x08000100   0x08000100   0x00000000   Code   RO         5817    .ARM.Collect$$$$00000011  mc_w.l(entry11a.o)
    0x08000100   0x08000100   0x00000004   Code   RO         5806    .ARM.Collect$$$$00002712  mc_w.l(entry2.o)
    0x08000104   0x08000104   0x00000096   Code   RO         5101    .emb_text           port.o
    0x0800019a   0x0800019a   0x00000002   PAD
    0x0800019c   0x0800019c   0x00000024   Code   RO            4    .text               startup_stm32f103xb.o
    0x080001c0   0x080001c0   0x00000020   Code   RO         5478    .text               mc_w.l(llushr.o)
    0x080001e0   0x080001e0   0x00000024   Code   RO         5480    .text               mc_w.l(memcpya.o)
    0x08000204   0x08000204   0x00000024   Code   RO         5484    .text               mc_w.l(memseta.o)
    0x08000228   0x08000228   0x0000000e   Code   RO         5486    .text               mc_w.l(strlen.o)
    0x08000236   0x08000236   0x0000001c   Code   RO         5488    .text               mc_w.l(strcmp.o)
    0x08000252   0x08000252   0x00000002   PAD
    0x08000254   0x08000254   0x00000038   Code   RO         5753    .text               mc_w.l(__0sscanf.o)
    0x0800028c   0x0800028c   0x000000e0   Code   RO         5755    .text               mc_w.l(_scanf_str.o)
    0x0800036c   0x0800036c   0x00000360   Code   RO         5757    .text               mc_w.l(scanf_fp.o)
    0x080006cc   0x080006cc   0x000000b0   Code   RO         5761    .text               mf_w.l(fadd.o)
    0x0800077c   0x0800077c   0x00000064   Code   RO         5763    .text               mf_w.l(fmul.o)
    0x080007e0   0x080007e0   0x0000007c   Code   RO         5765    .text               mf_w.l(fdiv.o)
    0x0800085c   0x0800085c   0x00000018   Code   RO         5767    .text               mf_w.l(fscalb.o)
    0x08000874   0x08000874   0x000000e4   Code   RO         5769    .text               mf_w.l(dmul.o)
    0x08000958   0x08000958   0x000000de   Code   RO         5771    .text               mf_w.l(ddiv.o)
    0x08000a36   0x08000a36   0x00000012   Code   RO         5775    .text               mf_w.l(fflti.o)
    0x08000a48   0x08000a48   0x0000000a   Code   RO         5777    .text               mf_w.l(ffltui.o)
    0x08000a52   0x08000a52   0x00000022   Code   RO         5779    .text               mf_w.l(dflti.o)
    0x08000a74   0x08000a74   0x00000032   Code   RO         5781    .text               mf_w.l(ffixi.o)
    0x08000aa6   0x08000aa6   0x00000026   Code   RO         5783    .text               mf_w.l(f2d.o)
    0x08000acc   0x08000acc   0x00000038   Code   RO         5785    .text               mf_w.l(d2f.o)
    0x08000b04   0x08000b04   0x00000014   Code   RO         5787    .text               mf_w.l(cfrcmple.o)
    0x08000b18   0x08000b18   0x0000002c   Code   RO         5822    .text               mc_w.l(uidiv.o)
    0x08000b44   0x08000b44   0x00000062   Code   RO         5824    .text               mc_w.l(uldiv.o)
    0x08000ba6   0x08000ba6   0x00000002   PAD
    0x08000ba8   0x08000ba8   0x00000028   Code   RO         5833    .text               mc_w.l(scanf_char.o)
    0x08000bd0   0x08000bd0   0x00000040   Code   RO         5835    .text               mc_w.l(_sgetc.o)
    0x08000c10   0x08000c10   0x00000000   Code   RO         5837    .text               mc_w.l(iusefp.o)
    0x08000c10   0x08000c10   0x0000006e   Code   RO         5838    .text               mf_w.l(fepilogue.o)
    0x08000c7e   0x08000c7e   0x0000005e   Code   RO         5840    .text               mf_w.l(fsqrt.o)
    0x08000cdc   0x08000cdc   0x000000ba   Code   RO         5842    .text               mf_w.l(depilogue.o)
    0x08000d96   0x08000d96   0x0000014e   Code   RO         5844    .text               mf_w.l(dadd.o)
    0x08000ee4   0x08000ee4   0x00000018   Code   RO         5846    .text               mf_w.l(dfltul.o)
    0x08000efc   0x08000efc   0x00000030   Code   RO         5848    .text               mf_w.l(dfixul.o)
    0x08000f2c   0x08000f2c   0x00000030   Code   RO         5850    .text               mf_w.l(cdrcmple.o)
    0x08000f5c   0x08000f5c   0x00000024   Code   RO         5852    .text               mc_w.l(init.o)
    0x08000f80   0x08000f80   0x0000001e   Code   RO         5854    .text               mc_w.l(llshl.o)
    0x08000f9e   0x08000f9e   0x00000024   Code   RO         5856    .text               mc_w.l(llsshr.o)
    0x08000fc2   0x08000fc2   0x0000000a   Code   RO         5858    .text               mc_w.l(isspace_c.o)
    0x08000fcc   0x08000fcc   0x00000330   Code   RO         5860    .text               mc_w.l(_scanf.o)
    0x080012fc   0x080012fc   0x00000028   Code   RO         5862    .text               mc_w.l(ctype_c.o)
    0x08001324   0x08001324   0x00000056   Code   RO         5873    .text               mc_w.l(__dczerorl2.o)
    0x0800137a   0x0800137a   0x0000008c   Code   RO         5363    i.Angle_PID         pid.o
    0x08001406   0x08001406   0x00000002   Code   RO          538    i.BusFault_Handler  stm32f1xx_it.o
    0x08001408   0x08001408   0x00000234   Code   RO         5405    i.Car_Get_Real_Value  car.o
    0x0800163c   0x0800163c   0x000001d4   Code   RO         5406    i.Car_Init          car.o
    0x08001810   0x08001810   0x0000000c   Code   RO          539    i.DMA1_Channel5_IRQHandler  stm32f1xx_it.o
    0x0800181c   0x0800181c   0x0000002a   Code   RO         2121    i.DMA_SetConfig     stm32f1xx_hal_dma.o
    0x08001846   0x08001846   0x00000002   Code   RO          540    i.DebugMon_Handler  stm32f1xx_it.o
    0x08001848   0x08001848   0x00000014   Code   RO         5311    i.Encoder_Get_A     motor.o
    0x0800185c   0x0800185c   0x00000014   Code   RO         5312    i.Encoder_Get_B     motor.o
    0x08001870   0x08001870   0x00000004   Code   RO          370    i.Error_Handler     main.o
    0x08001874   0x08001874   0x00000024   Code   RO         2561    i.FLASH_MassErase   stm32f1xx_hal_flash_ex.o
    0x08001898   0x08001898   0x00000024   Code   RO         2566    i.FLASH_PageErase   stm32f1xx_hal_flash_ex.o
    0x080018bc   0x080018bc   0x0000001c   Code   RO         2458    i.FLASH_Program_HalfWord  stm32f1xx_hal_flash.o
    0x080018d8   0x080018d8   0x0000005c   Code   RO         2459    i.FLASH_SetErrorCode  stm32f1xx_hal_flash.o
    0x08001934   0x08001934   0x00000054   Code   RO         2460    i.FLASH_WaitForLastOperation  stm32f1xx_hal_flash.o
    0x08001988   0x08001988   0x0000000c   Code   RO          236    i.Get_Data_SubTask  subtask.o
    0x08001994   0x08001994   0x00000046   Code   RO         2122    i.HAL_DMA_Abort     stm32f1xx_hal_dma.o
    0x080019da   0x080019da   0x00000002   PAD
    0x080019dc   0x080019dc   0x00000098   Code   RO         2123    i.HAL_DMA_Abort_IT  stm32f1xx_hal_dma.o
    0x08001a74   0x08001a74   0x00000154   Code   RO         2127    i.HAL_DMA_IRQHandler  stm32f1xx_hal_dma.o
    0x08001bc8   0x08001bc8   0x0000005c   Code   RO         2128    i.HAL_DMA_Init      stm32f1xx_hal_dma.o
    0x08001c24   0x08001c24   0x00000070   Code   RO         2132    i.HAL_DMA_Start_IT  stm32f1xx_hal_dma.o
    0x08001c94   0x08001c94   0x00000024   Code   RO         1748    i.HAL_Delay         stm32f1xx_hal.o
    0x08001cb8   0x08001cb8   0x000000a8   Code   RO         2567    i.HAL_FLASHEx_Erase  stm32f1xx_hal_flash_ex.o
    0x08001d60   0x08001d60   0x00000014   Code   RO         2464    i.HAL_FLASH_Lock    stm32f1xx_hal_flash.o
    0x08001d74   0x08001d74   0x00000080   Code   RO         2469    i.HAL_FLASH_Program  stm32f1xx_hal_flash.o
    0x08001df4   0x08001df4   0x00000028   Code   RO         2471    i.HAL_FLASH_Unlock  stm32f1xx_hal_flash.o
    0x08001e1c   0x08001e1c   0x000001e0   Code   RO         2058    i.HAL_GPIO_Init     stm32f1xx_hal_gpio.o
    0x08001ffc   0x08001ffc   0x00000010   Code   RO         2061    i.HAL_GPIO_TogglePin  stm32f1xx_hal_gpio.o
    0x0800200c   0x0800200c   0x0000000a   Code   RO         2062    i.HAL_GPIO_WritePin  stm32f1xx_hal_gpio.o
    0x08002016   0x08002016   0x00000002   PAD
    0x08002018   0x08002018   0x0000000c   Code   RO         1752    i.HAL_GetTick       stm32f1xx_hal.o
    0x08002024   0x08002024   0x00000010   Code   RO         1758    i.HAL_IncTick       stm32f1xx_hal.o
    0x08002034   0x08002034   0x00000024   Code   RO         1759    i.HAL_Init          stm32f1xx_hal.o
    0x08002058   0x08002058   0x0000008c   Code   RO          693    i.HAL_InitTick      stm32f1xx_hal_timebase_tim.o
    0x080020e4   0x080020e4   0x00000048   Code   RO          614    i.HAL_MspInit       stm32f1xx_hal_msp.o
    0x0800212c   0x0800212c   0x0000001a   Code   RO         2218    i.HAL_NVIC_EnableIRQ  stm32f1xx_hal_cortex.o
    0x08002146   0x08002146   0x00000002   PAD
    0x08002148   0x08002148   0x00000040   Code   RO         2224    i.HAL_NVIC_SetPriority  stm32f1xx_hal_cortex.o
    0x08002188   0x08002188   0x00000024   Code   RO         2225    i.HAL_NVIC_SetPriorityGrouping  stm32f1xx_hal_cortex.o
    0x080021ac   0x080021ac   0x0000012c   Code   RO         1916    i.HAL_RCC_ClockConfig  stm32f1xx_hal_rcc.o
    0x080022d8   0x080022d8   0x00000040   Code   RO         1920    i.HAL_RCC_GetClockConfig  stm32f1xx_hal_rcc.o
    0x08002318   0x08002318   0x00000020   Code   RO         1923    i.HAL_RCC_GetPCLK1Freq  stm32f1xx_hal_rcc.o
    0x08002338   0x08002338   0x00000020   Code   RO         1924    i.HAL_RCC_GetPCLK2Freq  stm32f1xx_hal_rcc.o
    0x08002358   0x08002358   0x00000054   Code   RO         1925    i.HAL_RCC_GetSysClockFreq  stm32f1xx_hal_rcc.o
    0x080023ac   0x080023ac   0x00000320   Code   RO         1928    i.HAL_RCC_OscConfig  stm32f1xx_hal_rcc.o
    0x080026cc   0x080026cc   0x00000006   Code   RO         2727    i.HAL_SPI_GetState  stm32f1xx_hal_spi.o
    0x080026d2   0x080026d2   0x000000b2   Code   RO         2729    i.HAL_SPI_Init      stm32f1xx_hal_spi.o
    0x08002784   0x08002784   0x00000070   Code   RO          616    i.HAL_SPI_MspInit   stm32f1xx_hal_msp.o
    0x080027f4   0x080027f4   0x00000154   Code   RO         2732    i.HAL_SPI_Receive   stm32f1xx_hal_spi.o
    0x08002948   0x08002948   0x00000166   Code   RO         2737    i.HAL_SPI_Transmit  stm32f1xx_hal_spi.o
    0x08002aae   0x08002aae   0x000001f0   Code   RO         2738    i.HAL_SPI_TransmitReceive  stm32f1xx_hal_spi.o
    0x08002c9e   0x08002c9e   0x00000002   Code   RO         1474    i.HAL_TIMEx_BreakCallback  stm32f1xx_hal_tim_ex.o
    0x08002ca0   0x08002ca0   0x00000002   Code   RO         1475    i.HAL_TIMEx_CommutCallback  stm32f1xx_hal_tim_ex.o
    0x08002ca2   0x08002ca2   0x00000002   PAD
    0x08002ca4   0x08002ca4   0x00000068   Code   RO         1493    i.HAL_TIMEx_MasterConfigSynchronization  stm32f1xx_hal_tim_ex.o
    0x08002d0c   0x08002d0c   0x0000005a   Code   RO          770    i.HAL_TIM_Base_Init  stm32f1xx_hal_tim.o
    0x08002d66   0x08002d66   0x00000002   PAD
    0x08002d68   0x08002d68   0x00000028   Code   RO          618    i.HAL_TIM_Base_MspInit  stm32f1xx_hal_msp.o
    0x08002d90   0x08002d90   0x00000058   Code   RO          775    i.HAL_TIM_Base_Start_IT  stm32f1xx_hal_tim.o
    0x08002de8   0x08002de8   0x000000dc   Code   RO          779    i.HAL_TIM_ConfigClockSource  stm32f1xx_hal_tim.o
    0x08002ec4   0x08002ec4   0x000000a4   Code   RO          791    i.HAL_TIM_Encoder_Init  stm32f1xx_hal_tim.o
    0x08002f68   0x08002f68   0x0000008c   Code   RO          620    i.HAL_TIM_Encoder_MspInit  stm32f1xx_hal_msp.o
    0x08002ff4   0x08002ff4   0x00000002   Code   RO          804    i.HAL_TIM_IC_CaptureCallback  stm32f1xx_hal_tim.o
    0x08002ff6   0x08002ff6   0x00000130   Code   RO          818    i.HAL_TIM_IRQHandler  stm32f1xx_hal_tim.o
    0x08003126   0x08003126   0x00000002   PAD
    0x08003128   0x08003128   0x0000004c   Code   RO          621    i.HAL_TIM_MspPostInit  stm32f1xx_hal_msp.o
    0x08003174   0x08003174   0x00000002   Code   RO          821    i.HAL_TIM_OC_DelayElapsedCallback  stm32f1xx_hal_tim.o
    0x08003176   0x08003176   0x000000cc   Code   RO          842    i.HAL_TIM_PWM_ConfigChannel  stm32f1xx_hal_tim.o
    0x08003242   0x08003242   0x0000005a   Code   RO          845    i.HAL_TIM_PWM_Init  stm32f1xx_hal_tim.o
    0x0800329c   0x0800329c   0x00000002   Code   RO          847    i.HAL_TIM_PWM_MspInit  stm32f1xx_hal_tim.o
    0x0800329e   0x0800329e   0x00000002   Code   RO          848    i.HAL_TIM_PWM_PulseFinishedCallback  stm32f1xx_hal_tim.o
    0x080032a0   0x080032a0   0x0000009c   Code   RO          850    i.HAL_TIM_PWM_Start  stm32f1xx_hal_tim.o
    0x0800333c   0x0800333c   0x00000014   Code   RO          371    i.HAL_TIM_PeriodElapsedCallback  main.o
    0x08003350   0x08003350   0x00000002   Code   RO          861    i.HAL_TIM_TriggerCallback  stm32f1xx_hal_tim.o
    0x08003352   0x08003352   0x00000002   PAD
    0x08003354   0x08003354   0x000000d4   Code   RO          372    i.HAL_UARTEx_RxEventCallback  main.o
    0x08003428   0x08003428   0x00000002   Code   RO         3066    i.HAL_UART_ErrorCallback  stm32f1xx_hal_uart.o
    0x0800342a   0x0800342a   0x00000002   PAD
    0x0800342c   0x0800342c   0x0000026c   Code   RO         3069    i.HAL_UART_IRQHandler  stm32f1xx_hal_uart.o
    0x08003698   0x08003698   0x00000064   Code   RO         3070    i.HAL_UART_Init     stm32f1xx_hal_uart.o
    0x080036fc   0x080036fc   0x000000b0   Code   RO          623    i.HAL_UART_MspInit  stm32f1xx_hal_msp.o
    0x080037ac   0x080037ac   0x0000001c   Code   RO         3074    i.HAL_UART_Receive_DMA  stm32f1xx_hal_uart.o
    0x080037c8   0x080037c8   0x00000002   Code   RO         3076    i.HAL_UART_RxCpltCallback  stm32f1xx_hal_uart.o
    0x080037ca   0x080037ca   0x00000002   Code   RO         3077    i.HAL_UART_RxHalfCpltCallback  stm32f1xx_hal_uart.o
    0x080037cc   0x080037cc   0x000000a0   Code   RO         3078    i.HAL_UART_Transmit  stm32f1xx_hal_uart.o
    0x0800386c   0x0800386c   0x00000002   Code   RO         3081    i.HAL_UART_TxCpltCallback  stm32f1xx_hal_uart.o
    0x0800386e   0x0800386e   0x00000002   Code   RO          541    i.HardFault_Handler  stm32f1xx_it.o
    0x08003870   0x08003870   0x00000058   Code   RO         5408    i.InfiniteYaw       car.o
    0x080038c8   0x080038c8   0x000001d8   Code   RO          294    i.LoadPIDParamsFromFlash  uart_pid_parse.o
    0x08003aa0   0x08003aa0   0x00000018   Code   RO           13    i.Log_Print         text_utils.o
    0x08003ab8   0x08003ab8   0x000000a4   Code   RO         5206    i.MPU9250_Init      mpu9250.o
    0x08003b5c   0x08003b5c   0x00000078   Code   RO         5207    i.MPU9250_ReadAccel  mpu9250.o
    0x08003bd4   0x08003bd4   0x00000078   Code   RO         5209    i.MPU9250_ReadGyro  mpu9250.o
    0x08003c4c   0x08003c4c   0x00000100   Code   RO         5210    i.MPU9250_ReadMag   mpu9250.o
    0x08003d4c   0x08003d4c   0x000000f0   Code   RO          373    i.MX_GPIO_Init      main.o
    0x08003e3c   0x08003e3c   0x00000044   Code   RO          374    i.MX_SPI1_Init      main.o
    0x08003e80   0x08003e80   0x00000068   Code   RO          375    i.MX_TIM2_Init      main.o
    0x08003ee8   0x08003ee8   0x000000a8   Code   RO          376    i.MX_TIM3_Init      main.o
    0x08003f90   0x08003f90   0x00000068   Code   RO          377    i.MX_TIM4_Init      main.o
    0x08003ff8   0x08003ff8   0x00000040   Code   RO          378    i.MX_USART1_UART_Init  main.o
    0x08004038   0x08004038   0x00000002   Code   RO          542    i.MemManage_Handler  stm32f1xx_it.o
    0x0800403a   0x0800403a   0x00000002   Code   RO          543    i.NMI_Handler       stm32f1xx_it.o
    0x0800403c   0x0800403c   0x00000094   Code   RO          237    i.Normal_Balance_SubTask  subtask.o
    0x080040d0   0x080040d0   0x00000094   Code   RO         5365    i.Position_PID      pid.o
    0x08004164   0x08004164   0x0000005c   Code   RO         2766    i.SPI_EndRxTransaction  stm32f1xx_hal_spi.o
    0x080041c0   0x080041c0   0x00000034   Code   RO         2767    i.SPI_EndRxTxTransaction  stm32f1xx_hal_spi.o
    0x080041f4   0x080041f4   0x000000b8   Code   RO         2772    i.SPI_WaitFlagStateUntilTimeout  stm32f1xx_hal_spi.o
    0x080042ac   0x080042ac   0x0000024c   Code   RO          295    i.SavePIDParamsToFlash  uart_pid_parse.o
    0x080044f8   0x080044f8   0x00000048   Code   RO         5314    i.Set_Motor_A_Speed  motor.o
    0x08004540   0x08004540   0x00000048   Code   RO         5315    i.Set_Motor_B_Speed  motor.o
    0x08004588   0x08004588   0x00000024   Code   RO          379    i.StartDefaultTask  main.o
    0x080045ac   0x080045ac   0x00000028   Code   RO          380    i.StartUART1DMAReceive  main.o
    0x080045d4   0x080045d4   0x0000001a   Code   RO         4539    i.SysTick_Handler   cmsis_os2.o
    0x080045ee   0x080045ee   0x0000005e   Code   RO          381    i.SystemClock_Config  main.o
    0x0800464c   0x0800464c   0x00000002   Code   RO         3404    i.SystemInit        system_stm32f1xx.o
    0x0800464e   0x0800464e   0x00000002   PAD
    0x08004650   0x08004650   0x0000000c   Code   RO          544    i.TIM1_UP_IRQHandler  stm32f1xx_it.o
    0x0800465c   0x0800465c   0x00000078   Code   RO          863    i.TIM_Base_SetConfig  stm32f1xx_hal_tim.o
    0x080046d4   0x080046d4   0x0000001a   Code   RO          864    i.TIM_CCxChannelCmd  stm32f1xx_hal_tim.o
    0x080046ee   0x080046ee   0x00000014   Code   RO          874    i.TIM_ETR_SetConfig  stm32f1xx_hal_tim.o
    0x08004702   0x08004702   0x00000010   Code   RO          875    i.TIM_ITRx_SetConfig  stm32f1xx_hal_tim.o
    0x08004712   0x08004712   0x00000002   PAD
    0x08004714   0x08004714   0x00000050   Code   RO          876    i.TIM_OC1_SetConfig  stm32f1xx_hal_tim.o
    0x08004764   0x08004764   0x00000058   Code   RO          877    i.TIM_OC2_SetConfig  stm32f1xx_hal_tim.o
    0x080047bc   0x080047bc   0x00000058   Code   RO          878    i.TIM_OC3_SetConfig  stm32f1xx_hal_tim.o
    0x08004814   0x08004814   0x00000044   Code   RO          879    i.TIM_OC4_SetConfig  stm32f1xx_hal_tim.o
    0x08004858   0x08004858   0x00000022   Code   RO          881    i.TIM_TI1_ConfigInputStage  stm32f1xx_hal_tim.o
    0x0800487a   0x0800487a   0x00000024   Code   RO          883    i.TIM_TI2_ConfigInputStage  stm32f1xx_hal_tim.o
    0x0800489e   0x0800489e   0x00000002   PAD
    0x080048a0   0x080048a0   0x000001ac   Code   RO          382    i.Test_SPI_Communication  main.o
    0x08004a4c   0x08004a4c   0x000001f8   Code   RO          296    i.UART1_ParsePIDData  uart_pid_parse.o
    0x08004c44   0x08004c44   0x00000010   Code   RO         3083    i.UART_DMAAbortOnError  stm32f1xx_hal_uart.o
    0x08004c54   0x08004c54   0x0000004a   Code   RO         3084    i.UART_DMAError     stm32f1xx_hal_uart.o
    0x08004c9e   0x08004c9e   0x00000086   Code   RO         3085    i.UART_DMAReceiveCplt  stm32f1xx_hal_uart.o
    0x08004d24   0x08004d24   0x0000001e   Code   RO         3087    i.UART_DMARxHalfCplt  stm32f1xx_hal_uart.o
    0x08004d42   0x08004d42   0x0000004e   Code   RO         3093    i.UART_EndRxTransfer  stm32f1xx_hal_uart.o
    0x08004d90   0x08004d90   0x0000001c   Code   RO         3094    i.UART_EndTxTransfer  stm32f1xx_hal_uart.o
    0x08004dac   0x08004dac   0x000000c2   Code   RO         3095    i.UART_Receive_IT   stm32f1xx_hal_uart.o
    0x08004e6e   0x08004e6e   0x00000002   PAD
    0x08004e70   0x08004e70   0x000000b8   Code   RO         3096    i.UART_SetConfig    stm32f1xx_hal_uart.o
    0x08004f28   0x08004f28   0x00000090   Code   RO         3097    i.UART_Start_Receive_DMA  stm32f1xx_hal_uart.o
    0x08004fb8   0x08004fb8   0x00000072   Code   RO         3099    i.UART_WaitOnFlagUntilTimeout  stm32f1xx_hal_uart.o
    0x0800502a   0x0800502a   0x00000002   PAD
    0x0800502c   0x0800502c   0x0000000c   Code   RO          545    i.USART1_IRQHandler  stm32f1xx_it.o
    0x08005038   0x08005038   0x000001ac   Code   RO          383    i.UartRecvTask      main.o
    0x080051e4   0x080051e4   0x00000002   Code   RO          546    i.UsageFault_Handler  stm32f1xx_it.o
    0x080051e6   0x080051e6   0x00000002   PAD
    0x080051e8   0x080051e8   0x00000020   Code   RO         5725    i.__0printf         mc_w.l(printfa.o)
    0x08005208   0x08005208   0x00000034   Code   RO         5730    i.__0vsnprintf      mc_w.l(printfa.o)
    0x0800523c   0x0800523c   0x00000026   Code   RO         5789    i.__ARM_fpclassifyf  m_ws.l(fpclassifyf.o)
    0x08005262   0x08005262   0x00000020   Code   RO         2231    i.__NVIC_SetPriority  stm32f1xx_hal_cortex.o
    0x08005282   0x08005282   0x00000004   Code   RO         5793    i.__mathlib_flt_infnan2  m_ws.l(funder.o)
    0x08005286   0x08005286   0x0000000a   Code   RO         5797    i.__mathlib_flt_underflow  m_ws.l(funder.o)
    0x08005290   0x08005290   0x0000000e   Code   RO         5867    i.__scatterload_copy  mc_w.l(handlers.o)
    0x0800529e   0x0800529e   0x00000002   Code   RO         5868    i.__scatterload_null  mc_w.l(handlers.o)
    0x080052a0   0x080052a0   0x0000000e   Code   RO         5869    i.__scatterload_zeroinit  mc_w.l(handlers.o)
    0x080052ae   0x080052ae   0x00000002   PAD
    0x080052b0   0x080052b0   0x0000000c   Code   RO         5828    i.__set_errno       mc_w.l(errno.o)
    0x080052bc   0x080052bc   0x00000184   Code   RO         5732    i._fp_digits        mc_w.l(printfa.o)
    0x08005440   0x08005440   0x0000000e   Code   RO         5759    i._is_digit         mc_w.l(scanf_fp.o)
    0x0800544e   0x0800544e   0x00000002   PAD
    0x08005450   0x08005450   0x000006b4   Code   RO         5733    i._printf_core      mc_w.l(printfa.o)
    0x08005b04   0x08005b04   0x00000024   Code   RO         5734    i._printf_post_padding  mc_w.l(printfa.o)
    0x08005b28   0x08005b28   0x0000002e   Code   RO         5735    i._printf_pre_padding  mc_w.l(printfa.o)
    0x08005b56   0x08005b56   0x00000016   Code   RO         5736    i._snputc           mc_w.l(printfa.o)
    0x08005b6c   0x08005b6c   0x000002a4   Code   RO         5460    i.atan2f            m_ws.l(atan2f.o)
    0x08005e10   0x08005e10   0x00000014   Code   RO          384    i.fputc             main.o
    0x08005e24   0x08005e24   0x000001c0   Code   RO          385    i.main              main.o
    0x08005fe4   0x08005fe4   0x00000032   Code   RO         5213    i.mpu_r_ak8963_regs  mpu9250.o
    0x08006016   0x08006016   0x00000002   PAD
    0x08006018   0x08006018   0x00000058   Code   RO         5214    i.mpu_r_regs        mpu9250.o
    0x08006070   0x08006070   0x0000005c   Code   RO         5216    i.mpu_w_reg         mpu9250.o
    0x080060cc   0x080060cc   0x00000024   Code   RO         4555    i.osKernelInitialize  cmsis_os2.o
    0x080060f0   0x080060f0   0x00000038   Code   RO         4558    i.osKernelStart     cmsis_os2.o
    0x08006128   0x08006128   0x0000008a   Code   RO         4600    i.osThreadNew       cmsis_os2.o
    0x080061b2   0x080061b2   0x00000002   PAD
    0x080061b4   0x080061b4   0x0000005c   Code   RO         4003    i.prvAddCurrentTaskToDelayedList  tasks.o
    0x08006210   0x08006210   0x000000d0   Code   RO         4004    i.prvAddNewTaskToReadyList  tasks.o
    0x080062e0   0x080062e0   0x00000058   Code   RO         4368    i.prvCheckForValidListAndQueue  timers.o
    0x08006338   0x08006338   0x00000026   Code   RO         3609    i.prvCopyDataFromQueue  queue.o
    0x0800635e   0x0800635e   0x0000006c   Code   RO         3610    i.prvCopyDataToQueue  queue.o
    0x080063ca   0x080063ca   0x00000034   Code   RO         4005    i.prvDeleteTCB      tasks.o
    0x080063fe   0x080063fe   0x00000002   PAD
    0x08006400   0x08006400   0x0000004c   Code   RO         5046    i.prvHeapInit       heap_4.o
    0x0800644c   0x0800644c   0x00000060   Code   RO         4006    i.prvIdleTask       tasks.o
    0x080064ac   0x080064ac   0x00000022   Code   RO         3612    i.prvInitialiseNewQueue  queue.o
    0x080064ce   0x080064ce   0x00000002   PAD
    0x080064d0   0x080064d0   0x000000b0   Code   RO         4007    i.prvInitialiseNewTask  tasks.o
    0x08006580   0x08006580   0x0000004c   Code   RO         5047    i.prvInsertBlockIntoFreeList  heap_4.o
    0x080065cc   0x080065cc   0x00000038   Code   RO         4370    i.prvInsertTimerInActiveList  timers.o
    0x08006604   0x08006604   0x0000001c   Code   RO         3613    i.prvIsQueueEmpty   queue.o
    0x08006620   0x08006620   0x000000fc   Code   RO         4371    i.prvProcessReceivedCommands  timers.o
    0x0800671c   0x0800671c   0x000000c0   Code   RO         4372    i.prvProcessTimerOrBlockTask  timers.o
    0x080067dc   0x080067dc   0x00000020   Code   RO         4009    i.prvResetNextTaskUnblockTime  tasks.o
    0x080067fc   0x080067fc   0x00000028   Code   RO         4373    i.prvSampleTimeNow  timers.o
    0x08006824   0x08006824   0x0000006c   Code   RO         4374    i.prvSwitchTimerLists  timers.o
    0x08006890   0x08006890   0x00000028   Code   RO         5102    i.prvTaskExitError  port.o
    0x080068b8   0x080068b8   0x00000024   Code   RO         4375    i.prvTimerTask      timers.o
    0x080068dc   0x080068dc   0x0000006a   Code   RO         3614    i.prvUnlockQueue    queue.o
    0x08006946   0x08006946   0x00000002   PAD
    0x08006948   0x08006948   0x000000dc   Code   RO         5048    i.pvPortMalloc      heap_4.o
    0x08006a24   0x08006a24   0x00000018   Code   RO         4012    i.pvTaskIncrementMutexHeldCount  tasks.o
    0x08006a3c   0x08006a3c   0x00000024   Code   RO         5103    i.pxPortInitialiseStack  port.o
    0x08006a60   0x08006a60   0x00000036   Code   RO         5217    i.spi_wr_byte       mpu9250.o
    0x08006a96   0x08006a96   0x0000002c   Code   RO         5468    i.sqrtf             m_ws.l(sqrtf.o)
    0x08006ac2   0x08006ac2   0x00000028   Code   RO           16    i.u1_printf         text_utils.o
    0x08006aea   0x08006aea   0x00000026   Code   RO         3569    i.uxListRemove      list.o
    0x08006b10   0x08006b10   0x00000014   Code   RO         4612    i.vApplicationGetIdleTaskMemory  cmsis_os2.o
    0x08006b24   0x08006b24   0x00000018   Code   RO         4613    i.vApplicationGetTimerTaskMemory  cmsis_os2.o
    0x08006b3c   0x08006b3c   0x00000016   Code   RO         3570    i.vListInitialise   list.o
    0x08006b52   0x08006b52   0x00000006   Code   RO         3571    i.vListInitialiseItem  list.o
    0x08006b58   0x08006b58   0x00000030   Code   RO         3572    i.vListInsert       list.o
    0x08006b88   0x08006b88   0x00000018   Code   RO         3573    i.vListInsertEnd    list.o
    0x08006ba0   0x08006ba0   0x00000040   Code   RO         5105    i.vPortEnterCritical  port.o
    0x08006be0   0x08006be0   0x00000028   Code   RO         5106    i.vPortExitCritical  port.o
    0x08006c08   0x08006c08   0x00000064   Code   RO         5049    i.vPortFree         heap_4.o
    0x08006c6c   0x08006c6c   0x00000024   Code   RO         5107    i.vPortSetupTimerInterrupt  port.o
    0x08006c90   0x08006c90   0x00000054   Code   RO         5108    i.vPortValidateInterruptPriority  port.o
    0x08006ce4   0x08006ce4   0x00000028   Code   RO         3620    i.vQueueAddToRegistry  queue.o
    0x08006d0c   0x08006d0c   0x00000044   Code   RO         3624    i.vQueueWaitForMessageRestricted  queue.o
    0x08006d50   0x08006d50   0x0000004c   Code   RO         4022    i.vTaskDelay        tasks.o
    0x08006d9c   0x08006d9c   0x00000010   Code   RO         4027    i.vTaskInternalSetTimeOutState  tasks.o
    0x08006dac   0x08006dac   0x0000000c   Code   RO         4028    i.vTaskMissedYield  tasks.o
    0x08006db8   0x08006db8   0x00000030   Code   RO         4030    i.vTaskPlaceOnEventList  tasks.o
    0x08006de8   0x08006de8   0x00000038   Code   RO         4031    i.vTaskPlaceOnEventListRestricted  tasks.o
    0x08006e20   0x08006e20   0x00000090   Code   RO         4033    i.vTaskPriorityDisinheritAfterTimeout  tasks.o
    0x08006eb0   0x08006eb0   0x00000088   Code   RO         4039    i.vTaskStartScheduler  tasks.o
    0x08006f38   0x08006f38   0x00000010   Code   RO         4041    i.vTaskSuspendAll   tasks.o
    0x08006f48   0x08006f48   0x00000064   Code   RO         4042    i.vTaskSwitchContext  tasks.o
    0x08006fac   0x08006fac   0x000000a8   Code   RO         5109    i.xPortStartScheduler  port.o
    0x08007054   0x08007054   0x0000002c   Code   RO         5110    i.xPortSysTickHandler  port.o
    0x08007080   0x08007080   0x00000042   Code   RO         3629    i.xQueueGenericCreate  queue.o
    0x080070c2   0x080070c2   0x00000066   Code   RO         3630    i.xQueueGenericCreateStatic  queue.o
    0x08007128   0x08007128   0x00000088   Code   RO         3631    i.xQueueGenericReset  queue.o
    0x080071b0   0x080071b0   0x00000160   Code   RO         3632    i.xQueueGenericSend  queue.o
    0x08007310   0x08007310   0x000000be   Code   RO         3633    i.xQueueGenericSendFromISR  queue.o
    0x080073ce   0x080073ce   0x0000009c   Code   RO         3636    i.xQueueGiveFromISR  queue.o
    0x0800746a   0x0800746a   0x00000002   PAD
    0x0800746c   0x0800746c   0x00000138   Code   RO         3642    i.xQueueReceive     queue.o
    0x080075a4   0x080075a4   0x00000178   Code   RO         3644    i.xQueueSemaphoreTake  queue.o
    0x0800771c   0x0800771c   0x00000074   Code   RO         4044    i.xTaskCheckForTimeOut  tasks.o
    0x08007790   0x08007790   0x0000005a   Code   RO         4045    i.xTaskCreate       tasks.o
    0x080077ea   0x080077ea   0x00000056   Code   RO         4046    i.xTaskCreateStatic  tasks.o
    0x08007840   0x08007840   0x0000001c   Code   RO         4050    i.xTaskGetSchedulerState  tasks.o
    0x0800785c   0x0800785c   0x0000000c   Code   RO         4051    i.xTaskGetTickCount  tasks.o
    0x08007868   0x08007868   0x000000c8   Code   RO         4053    i.xTaskIncrementTick  tasks.o
    0x08007930   0x08007930   0x00000080   Code   RO         4056    i.xTaskPriorityDisinherit  tasks.o
    0x080079b0   0x080079b0   0x00000078   Code   RO         4057    i.xTaskPriorityInherit  tasks.o
    0x08007a28   0x08007a28   0x00000070   Code   RO         4058    i.xTaskRemoveFromEventList  tasks.o
    0x08007a98   0x08007a98   0x000000c4   Code   RO         4059    i.xTaskResumeAll    tasks.o
    0x08007b5c   0x08007b5c   0x00000060   Code   RO         4384    i.xTimerCreateTimerTask  timers.o
    0x08007bbc   0x08007bbc   0x00000068   Code   RO         4385    i.xTimerGenericCommand  timers.o
    0x08007c24   0x08007c24   0x00000048   Data   RO          387    .constdata          main.o
    0x08007c6c   0x08007c6c   0x00000012   Data   RO         1929    .constdata          stm32f1xx_hal_rcc.o
    0x08007c7e   0x08007c7e   0x00000010   Data   RO         3405    .constdata          system_stm32f1xx.o
    0x08007c8e   0x08007c8e   0x00000008   Data   RO         3406    .constdata          system_stm32f1xx.o
    0x08007c96   0x08007c96   0x00000040   Data   RO         5863    .constdata          mc_w.l(ctype_c.o)
    0x08007cd6   0x08007cd6   0x00000002   PAD
    0x08007cd8   0x08007cd8   0x00000176   Data   RO          298    .conststring        uart_pid_parse.o
    0x08007e4e   0x08007e4e   0x00000002   PAD
    0x08007e50   0x08007e50   0x00000071   Data   RO          388    .conststring        main.o
    0x08007ec1   0x08007ec1   0x00000003   PAD
    0x08007ec4   0x08007ec4   0x00000020   Data   RO         5865    Region$$Table       anon$$obj.o


    Execution Region RW_IRAM1 (Exec base: 0x20000000, Load base: 0x08007ee4, Size: 0x00002410, Max: 0x00005000, ABSOLUTE, COMPRESSED[0x0000002c])

    Exec Addr    Load Addr    Size         Type   Attr      Idx    E Section Name        Object

    0x20000000   COMPRESSED   0x00000008   Data   RW          238    .data               subtask.o
    0x20000008   COMPRESSED   0x00000010   Data   RW          299    .data               uart_pid_parse.o
    0x20000018   COMPRESSED   0x00000014   Data   RW          391    .data               main.o
    0x2000002c   COMPRESSED   0x0000000c   Data   RW         1766    .data               stm32f1xx_hal.o
    0x20000038   COMPRESSED   0x00000004   Data   RW         3407    .data               system_stm32f1xx.o
    0x2000003c   COMPRESSED   0x0000003c   Data   RW         4062    .data               tasks.o
    0x20000078   COMPRESSED   0x00000014   Data   RW         4393    .data               timers.o
    0x2000008c   COMPRESSED   0x00000004   Data   RW         4615    .data               cmsis_os2.o
    0x20000090   COMPRESSED   0x00000020   Data   RW         5055    .data               heap_4.o
    0x200000b0   COMPRESSED   0x0000000c   Data   RW         5111    .data               port.o
    0x200000bc   COMPRESSED   0x00000002   Data   RW         5219    .data               mpu9250.o
    0x200000be   COMPRESSED   0x00000002   PAD
    0x200000c0   COMPRESSED   0x000000c0   Data   RW         5366    .data               pid.o
    0x20000180   COMPRESSED   0x0000000c   Data   RW         5411    .data               car.o
    0x2000018c   COMPRESSED   0x00000004   Data   RW         5821    .data               mc_w.l(stdout.o)
    0x20000190   COMPRESSED   0x00000004   Data   RW         5829    .data               mc_w.l(errno.o)
    0x20000194        -       0x00000288   Zero   RW          386    .bss                main.o
    0x2000041c        -       0x00000048   Zero   RW          696    .bss                stm32f1xx_hal_timebase_tim.o
    0x20000464   COMPRESSED   0x00000004   PAD
    0x20000468        -       0x00000020   Zero   RW         2472    .bss                stm32f1xx_hal_flash.o
    0x20000488        -       0x00000040   Zero   RW         3646    .bss                queue.o
    0x200004c8        -       0x000004c4   Zero   RW         4061    .bss                tasks.o
    0x2000098c        -       0x00000118   Zero   RW         4392    .bss                timers.o
    0x20000aa4        -       0x000006b8   Zero   RW         4614    .bss                cmsis_os2.o
    0x2000115c        -       0x00000c00   Zero   RW         5054    .bss                heap_4.o
    0x20001d5c        -       0x00000010   Zero   RW         5218    .bss                mpu9250.o
    0x20001d6c        -       0x00000224   Zero   RW         5409    .bss                car.o
    0x20001f90        -       0x00000080   Zero   RW         5410    .bss                car.o
    0x20002010        -       0x00000400   Zero   RW            1    STACK               startup_stm32f103xb.o


==============================================================================

Image component sizes


      Code (inc. data)   RO Data    RW Data    ZI Data      Debug   Object Name

      1120        142          0         12        676       5348   car.o
       300         22          0          4       1720      50845   cmsis_os2.o
         0          0          0          0          0      19444   event_groups.o
       472         24          0         32       3072       4527   heap_4.o
       138          0          0          0          0       3162   list.o
      2478        702        185         20        648      42086   main.o
       184         28          0          0          0       1872   motor.o
       944         86          0          2         16       9752   mpu9250.o
       288          0          0        192          0       2449   pid.o
       662         70          0         12          0      10237   port.o
      2112         24          0          0         64      20456   queue.o
        36          8        236          0       1024        760   startup_stm32f103xb.o
       100         18          0         12          0       4954   stm32f1xx_hal.o
       158         14          0          0          0      27990   stm32f1xx_hal_cortex.o
       808         36          0          0          0       4698   stm32f1xx_hal_dma.o
       392         46          0          0         32       4394   stm32f1xx_hal_flash.o
       240         26          0          0          0       3077   stm32f1xx_hal_flash_ex.o
       506         34          0          0          0       3333   stm32f1xx_hal_gpio.o
       616         86          0          0          0       4111   stm32f1xx_hal_msp.o
      1312         96         18          0          0       5485   stm32f1xx_hal_rcc.o
      1706          4          0          0          0       8241   stm32f1xx_hal_spi.o
      1902         56          0          0          0      15989   stm32f1xx_hal_tim.o
       108         12          0          0          0       2241   stm32f1xx_hal_tim_ex.o
       140         22          0          0         72       1303   stm32f1xx_hal_timebase_tim.o
      1912         24          0          0          0      13281   stm32f1xx_hal_uart.o
        48         18          0          0          0       3541   stm32f1xx_it.o
       160         14          0          8          0       5961   subtask.o
         2          0         24          4          0        995   system_stm32f1xx.o
      2372        192          0         60       1220      27473   tasks.o
        64          4          0          0          0     451890   text_utils.o
       972         80          0         20        280      28899   timers.o
      1564        740        374         16          0      10115   uart_pid_parse.o

    ----------------------------------------------------------------------
     23858       2628        874        396       8828     798909   Object Totals
         0          0         32          0          0          0   (incl. Generated)
        42          0          5          2          4          0   (incl. Padding)

    ----------------------------------------------------------------------

      Code (inc. data)   RO Data    RW Data    ZI Data      Debug   Library Member Name

       676         78          0          0          0        116   atan2f.o
        38          0          0          0          0         68   fpclassifyf.o
        14          0          0          0          0        136   funder.o
        44          0          0          0          0         80   sqrtf.o
        56          8          0          0          0         84   __0sscanf.o
        86          0          0          0          0          0   __dczerorl2.o
       816          6          0          0          0        112   _scanf.o
       224          0          0          0          0         96   _scanf_str.o
        64          0          0          0          0         84   _sgetc.o
        40          6         64          0          0         68   ctype_c.o
         0          0          0          0          0          0   entry.o
         0          0          0          0          0          0   entry10a.o
         0          0          0          0          0          0   entry11a.o
         4          0          0          0          0          0   entry12b.o
         8          4          0          0          0          0   entry2.o
         4          0          0          0          0          0   entry5.o
         0          0          0          0          0          0   entry7b.o
         0          0          0          0          0          0   entry8b.o
         8          4          0          0          0          0   entry9a.o
        12          6          0          4          0         68   errno.o
        30          0          0          0          0          0   handlers.o
        36          8          0          0          0         68   init.o
        10          0          0          0          0         68   isspace_c.o
         0          0          0          0          0          0   iusefp.o
        30          0          0          0          0         68   llshl.o
        36          0          0          0          0         68   llsshr.o
        32          0          0          0          0         68   llushr.o
        36          0          0          0          0         68   memcpya.o
        36          0          0          0          0        108   memseta.o
      2292         96          0          0          0        612   printfa.o
        40          8          0          0          0         84   scanf_char.o
       878         12          0          0          0        216   scanf_fp.o
         0          0          0          4          0          0   stdout.o
        28          0          0          0          0         76   strcmp.o
        14          0          0          0          0         68   strlen.o
        44          0          0          0          0         80   uidiv.o
        98          0          0          0          0         92   uldiv.o
        48          0          0          0          0         68   cdrcmple.o
        20          0          0          0          0         68   cfrcmple.o
        56          0          0          0          0         88   d2f.o
       334          0          0          0          0        148   dadd.o
       222          0          0          0          0        100   ddiv.o
       186          0          0          0          0        176   depilogue.o
        48          0          0          0          0         68   dfixul.o
        34          0          0          0          0         76   dflti.o
        24          0          0          0          0         76   dfltul.o
       228          0          0          0          0         96   dmul.o
        38          0          0          0          0         68   f2d.o
       176          0          0          0          0        140   fadd.o
       124          0          0          0          0         88   fdiv.o
       110          0          0          0          0        168   fepilogue.o
        50          0          0          0          0         68   ffixi.o
        18          0          0          0          0         68   fflti.o
        10          0          0          0          0         68   ffltui.o
       100          0          0          0          0         76   fmul.o
        24          0          0          0          0         68   fscalb.o
        94          0          0          0          0         96   fsqrt.o

    ----------------------------------------------------------------------
      7686        236         66          8          0       4528   Library Totals
         8          0          2          0          0          0   (incl. Padding)

    ----------------------------------------------------------------------

      Code (inc. data)   RO Data    RW Data    ZI Data      Debug   Library Name

       772         78          0          0          0        400   m_ws.l
      4962        158         64          8          0       2256   mc_w.l
      1944          0          0          0          0       1872   mf_w.l

    ----------------------------------------------------------------------
      7686        236         66          8          0       4528   Library Totals

    ----------------------------------------------------------------------

==============================================================================


      Code (inc. data)   RO Data    RW Data    ZI Data      Debug   

     31544       2864        940        404       8828     790097   Grand Totals
     31544       2864        940         44       8828     790097   ELF Image Totals (compressed)
     31544       2864        940         44          0          0   ROM Totals

==============================================================================

    Total RO  Size (Code + RO Data)                32484 (  31.72kB)
    Total RW  Size (RW Data + ZI Data)              9232 (   9.02kB)
    Total ROM Size (Code + RO Data + RW Data)      32528 (  31.77kB)

==============================================================================

