<html>
<body>
<pre>
<h1>µVision Build Log</h1>
<h2>Tool Versions:</h2>
IDE-Version: ¦ÌVision V5.43.1.0
Copyright (C) 2025 ARM Ltd and ARM Germany GmbH. All rights reserved.
License Information: Episode Episode, Episode, LIC=GMZI6-DKHEA-CXKU6-DAGH0-14VUP-YESZ8
 
Tool Versions:
Toolchain:       MDK-ARM Plus  Version: 5.43.0.0
Toolchain Path:  G:\Keil5\ARM\ARM_Compiler_5.06u7\Bin
C Compiler:      Armcc.exe V5.06 update 7 (build 960)
Assembler:       Armasm.exe V5.06 update 7 (build 960)
Linker/Locator:  ArmLink.exe V5.06 update 7 (build 960)
Library Manager: ArmAr.exe V5.06 update 7 (build 960)
Hex Converter:   FromElf.exe V5.06 update 7 (build 960)
CPU DLL:         SARMCM3.DLL V5.43.0.0
Dialog DLL:      DCM.DLL V1.17.5.0
Target DLL:      CMSIS_AGDI.dll V1.33.24.0
Dialog DLL:      TCM.DLL V1.56.6.0
 
<h2>Project:</h2>
F:\stmtest\MDK-ARM\stmTest.uvprojx
Project File Date:  01/30/2026

<h2>Output:</h2>
*** Using Compiler 'V5.06 update 7 (build 960)', folder: 'G:\Keil5\ARM\ARM_Compiler_5.06u7\Bin'
Rebuild target 'stmTest'
assembling startup_stm32f103xb.s...
compiling MahonyAHRS.c...
compiling delay.c...
compiling subtask.c...
..\Core\Src\subtask.c(22): warning:  #177-D: variable "yaw_out"  was declared but never referenced
      float yaw_out = 0;
..\Core\Src\subtask.c: 1 warning, 0 errors
compiling main.c...
../Core/Src/main.c(153): warning:  #223-D: function "u1_printf" declared implicitly
      u1_printf("DMA Start Failed!\r\n");
../Core/Src/main.c(164): warning:  #223-D: function "u1_printf" declared implicitly
    u1_printf("=== SPI Communication Test ===\r\n");
../Core/Src/main.c(231): warning:  #223-D: function "u1_printf" declared implicitly
    u1_printf("CS HIGH\r\n");
../Core/Src/main.c(323): warning:  #177-D: variable "CONTROL_PERIOD_MS"  was declared but never referenced
    const uint32_t CONTROL_PERIOD_MS = 5; // 200 Hz
../Core/Src/main.c: 4 warnings, 0 errors
compiling stm32f1xx_it.c...
../Core/Src/stm32f1xx_it.c(248): warning:  #550-D: variable "rx_data"  was set but never used
      UART1_DMA_Received_Data_t rx_data;
../Core/Src/stm32f1xx_it.c: 1 warning, 0 errors
compiling ascii16.c...
compiling stm32f1xx_hal_spi.c...
compiling stm32f1xx_hal.c...
compiling text_utils.c...
compiling stm32f1xx_hal_gpio_ex.c...
compiling stm32f1xx_hal_dma.c...
compiling stm32f1xx_hal_exti.c...
compiling system_stm32f1xx.c...
compiling stm32f1xx_hal_cortex.c...
compiling stm32f1xx_hal_gpio.c...
compiling stm32f1xx_hal_flash_ex.c...
compiling stm32f1xx_hal_pwr.c...
compiling stm32f1xx_hal_rcc_ex.c...
compiling stm32f1xx_hal_msp.c...
compiling stm32f1xx_hal_flash.c...
compiling stm32f1xx_hal_rcc.c...
compiling stm32f1xx_hal_tim_ex.c...
compiling stm32f1xx_hal_uart.c...
compiling stm32f1xx_hal_tim.c...
compiling mpu9250.c...
..\Hardwares\mpu9250.c(277): warning:  #177-D: variable "gyro_scale"  was declared but never referenced
  	const float gyro_scale = 65.5f; // Â±500dps to Â°/s.
..\Hardwares\mpu9250.c(413): warning:  #1-D: last line of file ends without a newline
  }
..\Hardwares\mpu9250.c: 2 warnings, 0 errors
compiling motor.c...
compiling PID.c...
..\Core\Src\Obj\PID.c(98): warning:  #1-D: last line of file ends without a newline
  }
..\Core\Src\Obj\PID.c: 1 warning, 0 errors
compiling Car.c...
..\Core\Src\Obj\Car.c(305): warning:  #1-D: last line of file ends without a newline
  }
..\Core\Src\Obj\Car.c(189): warning:  #177-D: variable "Status"  was declared but never referenced
      static char Status;
..\Core\Src\Obj\Car.c(190): warning:  #177-D: variable "Temp"  was declared but never referenced
      float Temp[6];
..\Core\Src\Obj\Car.c: 3 warnings, 0 errors
linking...
Program Size: Code=18154 RO-data=462 RW-data=300 ZI-data=2388  
FromELF: creating hex file...
"stmTest\stmTest.axf" - 0 Error(s), 12 Warning(s).

<h2>Software Packages used:</h2>

Package Vendor: ARM
                https://www.keil.com/pack/ARM.CMSIS.6.2.0.pack
                ARM::CMSIS@6.2.0
                CMSIS (Common Microcontroller Software Interface Standard)
   * Component: CORE Version: 6.1.1

Package Vendor: Keil
                https://www.keil.com/pack/Keil.STM32F1xx_DFP.2.4.1.pack
                Keil::STM32F1xx_DFP@2.4.1
                STMicroelectronics STM32F1 Series Device Support, Drivers and Examples

<h2>Collection of Component include folders:</h2>
  ./RTE/_stmTest
  C:/Users/Episode/AppData/Local/Arm/Packs/ARM/CMSIS/6.2.0/CMSIS/Core/Include
  C:/Users/Episode/AppData/Local/Arm/Packs/Keil/STM32F1xx_DFP/2.4.1/Device/Include

<h2>Collection of Component Files used:</h2>

   * Component: ARM::CMSIS:CORE@6.1.1
      Include file:  CMSIS/Core/Include/tz_context.h
Build Time Elapsed:  00:00:03
</pre>
</body>
</html>
