Component: ARM Compiler 5.06 update 7 (build 960) Tool: armlink [4d3601]

==============================================================================

Section Cross References

    startup_stm32f103xb.o(RESET) refers to startup_stm32f103xb.o(STACK) for __initial_sp
    startup_stm32f103xb.o(RESET) refers to startup_stm32f103xb.o(.text) for Reset_Handler
    startup_stm32f103xb.o(RESET) refers to stm32f1xx_it.o(i.NMI_Handler) for NMI_Handler
    startup_stm32f103xb.o(RESET) refers to stm32f1xx_it.o(i.HardFault_Handler) for HardFault_Handler
    startup_stm32f103xb.o(RESET) refers to stm32f1xx_it.o(i.MemManage_Handler) for MemManage_Handler
    startup_stm32f103xb.o(RESET) refers to stm32f1xx_it.o(i.BusFault_Handler) for BusFault_Handler
    startup_stm32f103xb.o(RESET) refers to stm32f1xx_it.o(i.UsageFault_Handler) for UsageFault_Handler
    startup_stm32f103xb.o(RESET) refers to stm32f1xx_it.o(i.SVC_Handler) for SVC_Handler
    startup_stm32f103xb.o(RESET) refers to stm32f1xx_it.o(i.DebugMon_Handler) for DebugMon_Handler
    startup_stm32f103xb.o(RESET) refers to stm32f1xx_it.o(i.PendSV_Handler) for PendSV_Handler
    startup_stm32f103xb.o(RESET) refers to stm32f1xx_it.o(i.SysTick_Handler) for SysTick_Handler
    startup_stm32f103xb.o(RESET) refers to stm32f1xx_it.o(i.DMA1_Channel5_IRQHandler) for DMA1_Channel5_IRQHandler
    startup_stm32f103xb.o(RESET) refers to stm32f1xx_it.o(i.TIM1_UP_IRQHandler) for TIM1_UP_IRQHandler
    startup_stm32f103xb.o(RESET) refers to stm32f1xx_it.o(i.USART1_IRQHandler) for USART1_IRQHandler
    startup_stm32f103xb.o(.text) refers to system_stm32f1xx.o(i.SystemInit) for SystemInit
    startup_stm32f103xb.o(.text) refers to entry.o(.ARM.Collect$$$$00000000) for __main
    text_utils.o(i.Log_Print) refers to stm32f1xx_hal_uart.o(i.HAL_UART_Transmit) for HAL_UART_Transmit
    text_utils.o(i.Log_Print) refers to main.o(.bss) for huart1
    text_utils.o(i.SWO_Print) refers to text_utils.o(i.SWO_PrintChar) for SWO_PrintChar
    text_utils.o(i.u1_printf) refers to printfa.o(i.__0vsnprintf) for vsnprintf
    text_utils.o(i.u1_printf) refers to strlen.o(.text) for strlen
    text_utils.o(i.u1_printf) refers to text_utils.o(i.Log_Print) for Log_Print
    delay.o(i.DWT_Delay_Init) refers to stm32f1xx_hal_rcc.o(i.HAL_RCC_GetSysClockFreq) for HAL_RCC_GetSysClockFreq
    delay.o(i.DWT_Delay_Init) refers to delay.o(.data) for .data
    delay.o(i.DWT_Delay_us) refers to delay.o(.data) for .data
    delay.o(i.DWT_Get_MS) refers to delay.o(.data) for .data
    subtask.o(i.Get_Data_SubTask) refers to car.o(i.Car_Get_Real_Value) for Car_Get_Real_Value
    subtask.o(i.Normal_Balance_SubTask) refers to pid.o(i.Position_PID) for Position_PID
    subtask.o(i.Normal_Balance_SubTask) refers to pid.o(i.Angle_PID) for Angle_PID
    subtask.o(i.Normal_Balance_SubTask) refers to ffixi.o(.text) for __aeabi_f2iz
    subtask.o(i.Normal_Balance_SubTask) refers to motor.o(i.Set_Motor_A_Speed) for Set_Motor_A_Speed
    subtask.o(i.Normal_Balance_SubTask) refers to motor.o(i.Set_Motor_B_Speed) for Set_Motor_B_Speed
    subtask.o(i.Normal_Balance_SubTask) refers to subtask.o(.data) for .data
    mahonyahrs.o(i.Mahony_Init) refers to fdiv.o(.text) for __aeabi_fdiv
    mahonyahrs.o(i.Mahony_Init) refers to mahonyahrs.o(.data) for .data
    mahonyahrs.o(i.Mahony_computeAngles) refers to fmul.o(.text) for __aeabi_fmul
    mahonyahrs.o(i.Mahony_computeAngles) refers to fadd.o(.text) for __aeabi_frsub
    mahonyahrs.o(i.Mahony_computeAngles) refers to atan2f.o(i.atan2f) for atan2f
    mahonyahrs.o(i.Mahony_computeAngles) refers to asinf.o(i.asinf) for asinf
    mahonyahrs.o(i.Mahony_computeAngles) refers to mahonyahrs.o(.data) for .data
    mahonyahrs.o(i.Mahony_invSqrt) refers to fscalb.o(.text) for __ARM_scalbnf
    mahonyahrs.o(i.Mahony_invSqrt) refers to fmul.o(.text) for __aeabi_fmul
    mahonyahrs.o(i.Mahony_invSqrt) refers to fadd.o(.text) for __aeabi_frsub
    mahonyahrs.o(i.Mahony_update) refers to fmul.o(.text) for __aeabi_fmul
    mahonyahrs.o(i.Mahony_update) refers to fadd.o(.text) for __aeabi_fadd
    mahonyahrs.o(i.Mahony_update) refers to mahonyahrs.o(i.Mahony_invSqrt) for Mahony_invSqrt
    mahonyahrs.o(i.Mahony_update) refers to fscalb.o(.text) for __ARM_scalbnf
    mahonyahrs.o(i.Mahony_update) refers to sqrtf.o(i.sqrtf) for sqrtf
    mahonyahrs.o(i.Mahony_update) refers to mahonyahrs.o(.data) for .data
    mahonyahrs.o(i.Mahony_update_IMU) refers to fmul.o(.text) for __aeabi_fmul
    mahonyahrs.o(i.Mahony_update_IMU) refers to fadd.o(.text) for __aeabi_fadd
    mahonyahrs.o(i.Mahony_update_IMU) refers to mahonyahrs.o(i.Mahony_invSqrt) for Mahony_invSqrt
    mahonyahrs.o(i.Mahony_update_IMU) refers to fscalb.o(.text) for __ARM_scalbnf
    mahonyahrs.o(i.Mahony_update_IMU) refers to mahonyahrs.o(.data) for .data
    mahonyahrs.o(i.getPitch) refers to mahonyahrs.o(i.Mahony_computeAngles) for Mahony_computeAngles
    mahonyahrs.o(i.getPitch) refers to fmul.o(.text) for __aeabi_fmul
[...]
    ..\Core\Src\stm32f1xx_it.c               0x00000000   Number         0  stm32f1xx_it.o ABSOLUTE
    ..\Core\Src\subtask.c                    0x00000000   Number         0  subtask.o ABSOLUTE
    ..\Core\Src\system_stm32f1xx.c           0x00000000   Number         0  system_stm32f1xx.o ABSOLUTE
    ..\Core\Src\text_utils.c                 0x00000000   Number         0  text_utils.o ABSOLUTE
    ..\DMP\driver\eMPL\inv_mpu.c             0x00000000   Number         0  inv_mpu.o ABSOLUTE
    ..\DMP\driver\eMPL\inv_mpu_dmp_motion_driver.c 0x00000000   Number         0  inv_mpu_dmp_motion_driver.o ABSOLUTE
    ..\Drivers\STM32F1xx_HAL_Driver\Src\stm32f1xx_hal.c 0x00000000   Number         0  stm32f1xx_hal.o ABSOLUTE
    ..\Drivers\STM32F1xx_HAL_Driver\Src\stm32f1xx_hal_cortex.c 0x00000000   Number         0  stm32f1xx_hal_cortex.o ABSOLUTE
    ..\Drivers\STM32F1xx_HAL_Driver\Src\stm32f1xx_hal_dma.c 0x00000000   Number         0  stm32f1xx_hal_dma.o ABSOLUTE
    ..\Drivers\STM32F1xx_HAL_Driver\Src\stm32f1xx_hal_exti.c 0x00000000   Number         0  stm32f1xx_hal_exti.o ABSOLUTE
    ..\Drivers\STM32F1xx_HAL_Driver\Src\stm32f1xx_hal_flash.c 0x00000000   Number         0  stm32f1xx_hal_flash.o ABSOLUTE
    ..\Drivers\STM32F1xx_HAL_Driver\Src\stm32f1xx_hal_flash_ex.c 0x00000000   Number         0  stm32f1xx_hal_flash_ex.o ABSOLUTE
    ..\Drivers\STM32F1xx_HAL_Driver\Src\stm32f1xx_hal_gpio.c 0x00000000   Number         0  stm32f1xx_hal_gpio.o ABSOLUTE
    ..\Drivers\STM32F1xx_HAL_Driver\Src\stm32f1xx_hal_gpio_ex.c 0x00000000   Number         0  stm32f1xx_hal_gpio_ex.o ABSOLUTE
    ..\Drivers\STM32F1xx_HAL_Driver\Src\stm32f1xx_hal_pwr.c 0x00000000   Number         0  stm32f1xx_hal_pwr.o ABSOLUTE
    ..\Drivers\STM32F1xx_HAL_Driver\Src\stm32f1xx_hal_rcc.c 0x00000000   Number         0  stm32f1xx_hal_rcc.o ABSOLUTE
    ..\Drivers\STM32F1xx_HAL_Driver\Src\stm32f1xx_hal_rcc_ex.c 0x00000000   Number         0  stm32f1xx_hal_rcc_ex.o ABSOLUTE
    ..\Drivers\STM32F1xx_HAL_Driver\Src\stm32f1xx_hal_spi.c 0x00000000   Number         0  stm32f1xx_hal_spi.o ABSOLUTE
    ..\Drivers\STM32F1xx_HAL_Driver\Src\stm32f1xx_hal_tim.c 0x00000000   Number         0  stm32f1xx_hal_tim.o ABSOLUTE
    ..\Drivers\STM32F1xx_HAL_Driver\Src\stm32f1xx_hal_tim_ex.c 0x00000000   Number         0  stm32f1xx_hal_tim_ex.o ABSOLUTE
    ..\Drivers\STM32F1xx_HAL_Driver\Src\stm32f1xx_hal_uart.c 0x00000000   Number         0  stm32f1xx_hal_uart.o ABSOLUTE
    ..\Hardwares\ascii16.c                   0x00000000   Number         0  ascii16.o ABSOLUTE
    ..\Hardwares\motor.c                     0x00000000   Number         0  motor.o ABSOLUTE
    ..\Hardwares\mpu9250.c                   0x00000000   Number         0  mpu9250.o ABSOLUTE
    ..\\Core\\Src\\Obj\\Car.c                0x00000000   Number         0  car.o ABSOLUTE
    ..\\Core\\Src\\Obj\\PID.c                0x00000000   Number         0  pid.o ABSOLUTE
    ..\\Core\\Src\\delay.c                   0x00000000   Number         0  delay.o ABSOLUTE
    ..\\Core\\Src\\subtask.c                 0x00000000   Number         0  subtask.o ABSOLUTE
    ..\\Core\\Src\\text_utils.c              0x00000000   Number         0  text_utils.o ABSOLUTE
    ..\\DMP\\driver\\eMPL\\inv_mpu.c         0x00000000   Number         0  inv_mpu.o ABSOLUTE
    ..\\DMP\\driver\\eMPL\\inv_mpu_dmp_motion_driver.c 0x00000000   Number         0  inv_mpu_dmp_motion_driver.o ABSOLUTE
    ..\\Hardwares\\motor.c                   0x00000000   Number         0  motor.o ABSOLUTE
    ..\\Hardwares\\mpu9250.c                 0x00000000   Number         0  mpu9250.o ABSOLUTE
    cdcmple.s                                0x00000000   Number         0  cdcmple.o ABSOLUTE
    cdrcmple.s                               0x00000000   Number         0  cdrcmple.o ABSOLUTE
    cfcmple.s                                0x00000000   Number         0  cfcmple.o ABSOLUTE
    cfrcmple.s                               0x00000000   Number         0  cfrcmple.o ABSOLUTE
    dc.s                                     0x00000000   Number         0  dc.o ABSOLUTE
    handlers.s                               0x00000000   Number         0  handlers.o ABSOLUTE
    init.s                                   0x00000000   Number         0  init.o ABSOLUTE
    softiic9250.c                            0x00000000   Number         0  softiic9250.o ABSOLUTE
    softiic9250.c                            0x00000000   Number         0  softiic9250.o ABSOLUTE
    startup_stm32f103xb.s                    0x00000000   Number         0  startup_stm32f103xb.o ABSOLUTE
    RESET                                    0x08000000   Section      236  startup_stm32f103xb.o(RESET)
    .ARM.Collect$$$$00000000                 0x080000ec   Section        0  entry.o(.ARM.Collect$$$$00000000)
    .ARM.Collect$$$$00000001                 0x080000ec   Section        4  entry2.o(.ARM.Collect$$$$00000001)
    .ARM.Collect$$$$00000004                 0x080000f0   Section        4  entry5.o(.ARM.Collect$$$$00000004)
    .ARM.Collect$$$$00000008                 0x080000f4   Section        0  entry7b.o(.ARM.Collect$$$$00000008)
    .ARM.Collect$$$$0000000A                 0x080000f4   Section        0  entry8b.o(.ARM.Collect$$$$0000000A)
    .ARM.Collect$$$$0000000B                 0x080000f4   Section        8  entry9a.o(.ARM.Collect$$$$0000000B)
    .ARM.Collect$$$$0000000E                 0x080000fc   Section        4  entry12b.o(.ARM.Collect$$$$0000000E)
    .ARM.Collect$$$$0000000F                 0x08000100   Section        0  entry10a.o(.ARM.Collect$$$$0000000F)
    .ARM.Collect$$$$00000011                 0x08000100   Section        0  entry11a.o(.ARM.Collect$$$$00000011)
    .ARM.Collect$$$$00002712                 0x08000100   Section        4  entry2.o(.ARM.Collect$$$$00002712)
    __lit__00000000                          0x08000100   Data           4  entry2.o(.ARM.Collect$$$$00002712)
    .text                                    0x08000104   Section       36  startup_stm32f103xb.o(.text)
    .text                                    0x08000128   Section        0  llushr.o(.text)
    .text                                    0x08000148   Section        0  memseta.o(.text)
    .text                                    0x0800016c   Section        0  strlen.o(.text)
    .text                                    0x0800017a   Section        0  fadd.o(.text)
    .text                                    0x0800022a   Section        0  fmul.o(.text)
    .text                                    0x0800028e   Section        0  fdiv.o(.text)
    .text                                    0x0800030a   Section        0  fscalb.o(.text)
    .text                                    0x08000322   Section        0  dmul.o(.text)
    .text                                    0x08000406   Section        0  ddiv.o(.text)
    .text                                    0x080004e4   Section        0  fflti.o(.text)
    .text                                    0x080004f6   Section        0  ffltui.o(.text)
    .text                                    0x08000500   Section        0  ffixi.o(.text)
    .text                                    0x08000532   Section        0  f2d.o(.text)
    .text                                    0x08000558   Section       20  cfrcmple.o(.text)
    .text                                    0x0800056c   Section        0  uidiv.o(.text)
    .text                                    0x08000598   Section        0  uldiv.o(.text)
    .text                                    0x080005fa   Section        0  iusefp.o(.text)
    .text                                    0x080005fa   Section        0  fepilogue.o(.text)
    .text                                    0x08000668   Section        0  fsqrt.o(.text)
    .text                                    0x080006c6   Section        0  depilogue.o(.text)
    .text                                    0x08000780   Section        0  dadd.o(.text)
    .text                                    0x080008ce   Section        0  dfixul.o(.text)
    .text                                    0x08000900   Section       48  cdrcmple.o(.text)
    .text                                    0x08000930   Section       36  init.o(.text)
    .text                                    0x08000954   Section        0  llshl.o(.text)
    .text                                    0x08000972   Section        0  llsshr.o(.text)
    .text                                    0x08000996   Section        0  __dczerorl.o(.text)
    i.Angle_PID                              0x080009d0   Section        0  pid.o(i.Angle_PID)
    i.BusFault_Handler                       0x08000a5c   Section        0  stm32f1xx_it.o(i.BusFault_Handler)
    i.Calibrate_Gyro                         0x08000a60   Section        0  mpu9250.o(i.Calibrate_Gyro)
    i.Car_GetInstance                        0x08000b74   Section        0  car.o(i.Car_GetInstance)
    i.Car_Get_Real_Value                     0x08000b7c   Section        0  car.o(i.Car_Get_Real_Value)
    i.Car_Init                               0x08000d60   Section        0  car.o(i.Car_Init)
    i.DMA1_Channel5_IRQHandler               0x08000eb8   Section        0  stm32f1xx_it.o(i.DMA1_Channel5_IRQHandler)
    i.DWT_Delay_Init                         0x08000ec4   Section        0  delay.o(i.DWT_Delay_Init)
    i.DWT_Delay_us                           0x08000ef0   Section        0  delay.o(i.DWT_Delay_us)
    i.DebugMon_Handler                       0x08000f1c   Section        0  stm32f1xx_it.o(i.DebugMon_Handler)
    i.Encoder_Get_A                          0x08000f20   Section        0  motor.o(i.Encoder_Get_A)
    i.Encoder_Get_B                          0x08000f34   Section        0  motor.o(i.Encoder_Get_B)
    i.Error_Handler                          0x08000f48   Section        0  main.o(i.Error_Handler)
    i.Get_Data_SubTask                       0x08000f4c   Section        0  subtask.o(i.Get_Data_SubTask)
    i.HAL_DMA_Abort                          0x08000f50   Section        0  stm32f1xx_hal_dma.o(i.HAL_DMA_Abort)
    i.HAL_DMA_Abort_IT                       0x08000f98   Section        0  stm32f1xx_hal_dma.o(i.HAL_DMA_Abort_IT)
    i.HAL_DMA_IRQHandler                     0x08001030   Section        0  stm32f1xx_hal_dma.o(i.HAL_DMA_IRQHandler)
    i.HAL_DMA_Init                           0x08001184   Section        0  stm32f1xx_hal_dma.o(i.HAL_DMA_Init)
    i.HAL_GPIO_Init                          0x080011e0   Section        0  stm32f1xx_hal_gpio.o(i.HAL_GPIO_Init)
    i.HAL_GPIO_WritePin                      0x080013c0   Section        0  stm32f1xx_hal_gpio.o(i.HAL_GPIO_WritePin)
    i.HAL_GetTick                            0x080013cc   Section        0  stm32f1xx_hal.o(i.HAL_GetTick)
    i.HAL_IncTick                            0x080013d8   Section        0  stm32f1xx_hal.o(i.HAL_IncTick)
    i.HAL_Init                               0x080013e8   Section        0  stm32f1xx_hal.o(i.HAL_Init)
    i.HAL_InitTick                           0x0800140c   Section        0  stm32f1xx_hal.o(i.HAL_InitTick)
    i.HAL_MspInit                            0x0800144c   Section        0  stm32f1xx_hal_msp.o(i.HAL_MspInit)
    i.HAL_NVIC_EnableIRQ                     0x08001488   Section        0  stm32f1xx_hal_cortex.o(i.HAL_NVIC_EnableIRQ)
    i.HAL_NVIC_SetPriority                   0x080014a4   Section        0  stm32f1xx_hal_cortex.o(i.HAL_NVIC_SetPriority)
    i.HAL_NVIC_SetPriorityGrouping           0x080014e4   Section        0  stm32f1xx_hal_cortex.o(i.HAL_NVIC_SetPriorityGrouping)
    i.HAL_RCC_ClockConfig                    0x08001508   Section        0  stm32f1xx_hal_rcc.o(i.HAL_RCC_ClockConfig)
    i.HAL_RCC_GetPCLK1Freq                   0x08001634   Section        0  stm32f1xx_hal_rcc.o(i.HAL_RCC_GetPCLK1Freq)
    i.HAL_RCC_GetPCLK2Freq                   0x08001654   Section        0  stm32f1xx_hal_rcc.o(i.HAL_RCC_GetPCLK2Freq)
    i.HAL_RCC_GetSysClockFreq                0x08001674   Section        0  stm32f1xx_hal_rcc.o(i.HAL_RCC_GetSysClockFreq)
    i.HAL_RCC_OscConfig                      0x080016c0   Section        0  stm32f1xx_hal_rcc.o(i.HAL_RCC_OscConfig)
    i.HAL_SPI_GetState                       0x080019e0   Section        0  stm32f1xx_hal_spi.o(i.HAL_SPI_GetState)
    i.HAL_SPI_Init                           0x080019e6   Section        0  stm32f1xx_hal_spi.o(i.HAL_SPI_Init)
    i.HAL_SPI_MspInit                        0x08001a98   Section        0  stm32f1xx_hal_msp.o(i.HAL_SPI_MspInit)
    i.HAL_SPI_Receive                        0x08001b38   Section        0  stm32f1xx_hal_spi.o(i.HAL_SPI_Receive)
    i.HAL_SPI_Transmit                       0x08001c8c   Section        0  stm32f1xx_hal_spi.o(i.HAL_SPI_Transmit)
    i.HAL_SPI_TransmitReceive                0x08001df2   Section        0  stm32f1xx_hal_spi.o(i.HAL_SPI_TransmitReceive)
    i.HAL_SYSTICK_Config                     0x08001fe2   Section        0  stm32f1xx_hal_cortex.o(i.HAL_SYSTICK_Config)
    i.HAL_TIMEx_BreakCallback                0x0800200a   Section        0  stm32f1xx_hal_tim_ex.o(i.HAL_TIMEx_BreakCallback)
    i.HAL_TIMEx_CommutCallback               0x0800200c   Section        0  stm32f1xx_hal_tim_ex.o(i.HAL_TIMEx_CommutCallback)
    i.HAL_TIMEx_MasterConfigSynchronization  0x08002010   Section        0  stm32f1xx_hal_tim_ex.o(i.HAL_TIMEx_MasterConfigSynchronization)
    i.HAL_TIM_Base_Init                      0x08002078   Section        0  stm32f1xx_hal_tim.o(i.HAL_TIM_Base_Init)
    i.HAL_TIM_Base_MspInit                   0x080020d4   Section        0  stm32f1xx_hal_msp.o(i.HAL_TIM_Base_MspInit)
    i.HAL_TIM_Base_Start_IT                  0x08002128   Section        0  stm32f1xx_hal_tim.o(i.HAL_TIM_Base_Start_IT)
    i.HAL_TIM_ConfigClockSource              0x08002180   Section        0  stm32f1xx_hal_tim.o(i.HAL_TIM_ConfigClockSource)
    i.HAL_TIM_Encoder_Init                   0x0800225c   Section        0  stm32f1xx_hal_tim.o(i.HAL_TIM_Encoder_Init)
    i.HAL_TIM_Encoder_MspInit                0x08002300   Section        0  stm32f1xx_hal_msp.o(i.HAL_TIM_Encoder_MspInit)
    i.HAL_TIM_Encoder_Start                  0x0800238c   Section        0  stm32f1xx_hal_tim.o(i.HAL_TIM_Encoder_Start)
    i.HAL_TIM_IC_CaptureCallback             0x0800241a   Section        0  stm32f1xx_hal_tim.o(i.HAL_TIM_IC_CaptureCallback)
    i.HAL_TIM_IRQHandler                     0x0800241c   Section        0  stm32f1xx_hal_tim.o(i.HAL_TIM_IRQHandler)
    i.HAL_TIM_MspPostInit                    0x0800254c   Section        0  stm32f1xx_hal_msp.o(i.HAL_TIM_MspPostInit)
    i.HAL_TIM_OC_DelayElapsedCallback        0x08002598   Section        0  stm32f1xx_hal_tim.o(i.HAL_TIM_OC_DelayElapsedCallback)
    i.HAL_TIM_PWM_ConfigChannel              0x0800259a   Section        0  stm32f1xx_hal_tim.o(i.HAL_TIM_PWM_ConfigChannel)
    i.HAL_TIM_PWM_Init                       0x08002666   Section        0  stm32f1xx_hal_tim.o(i.HAL_TIM_PWM_Init)
    i.HAL_TIM_PWM_MspInit                    0x080026c0   Section        0  stm32f1xx_hal_tim.o(i.HAL_TIM_PWM_MspInit)
    i.HAL_TIM_PWM_PulseFinishedCallback      0x080026c2   Section        0  stm32f1xx_hal_tim.o(i.HAL_TIM_PWM_PulseFinishedCallback)
    i.HAL_TIM_PWM_Start                      0x080026c4   Section        0  stm32f1xx_hal_tim.o(i.HAL_TIM_PWM_Start)
    i.HAL_TIM_PeriodElapsedCallback          0x08002760   Section        0  main.o(i.HAL_TIM_PeriodElapsedCallback)
    i.HAL_TIM_TriggerCallback                0x0800278c   Section        0  stm32f1xx_hal_tim.o(i.HAL_TIM_TriggerCallback)
    i.HAL_UARTEx_RxEventCallback             0x0800278e   Section        0  stm32f1xx_hal_uart.o(i.HAL_UARTEx_RxEventCallback)
    i.HAL_UART_DMAStop                       0x08002790   Section        0  stm32f1xx_hal_uart.o(i.HAL_UART_DMAStop)
    i.HAL_UART_ErrorCallback                 0x08002800   Section        0  stm32f1xx_hal_uart.o(i.HAL_UART_ErrorCallback)
    i.HAL_UART_IRQHandler                    0x08002804   Section        0  stm32f1xx_hal_uart.o(i.HAL_UART_IRQHandler)
    i.HAL_UART_Init                          0x08002a70   Section        0  stm32f1xx_hal_uart.o(i.HAL_UART_Init)
    i.HAL_UART_MspInit                       0x08002ad4   Section        0  stm32f1xx_hal_msp.o(i.HAL_UART_MspInit)
    i.HAL_UART_RxCpltCallback                0x08002b84   Section        0  stm32f1xx_hal_uart.o(i.HAL_UART_RxCpltCallback)
    i.HAL_UART_Transmit                      0x08002b86   Section        0  stm32f1xx_hal_uart.o(i.HAL_UART_Transmit)
    i.HAL_UART_TxCpltCallback                0x08002c26   Section        0  stm32f1xx_hal_uart.o(i.HAL_UART_TxCpltCallback)
    i.HardFault_Handler                      0x08002c28   Section        0  stm32f1xx_it.o(i.HardFault_Handler)
    i.InfiniteYaw                            0x08002c2c   Section        0  car.o(i.InfiniteYaw)
    i.Log_Print                              0x08002c84   Section        0  text_utils.o(i.Log_Print)
    i.MPU9250_Init                           0x08002c9c   Section        0  mpu9250.o(i.MPU9250_Init)
    i.MPU9250_ReadAccel                      0x08002d4c   Section        0  mpu9250.o(i.MPU9250_ReadAccel)
    i.MPU9250_ReadGyro                       0x08002da8   Section        0  mpu9250.o(i.MPU9250_ReadGyro)
    i.MX_GPIO_Init                           0x08002e18   Section        0  main.o(i.MX_GPIO_Init)
    MX_GPIO_Init                             0x08002e19   Thumb Code   230  main.o(i.MX_GPIO_Init)
    i.MX_SPI1_Init                           0x08002f10   Section        0  main.o(i.MX_SPI1_Init)
    MX_SPI1_Init                             0x08002f11   Thumb Code    58  main.o(i.MX_SPI1_Init)
    i.MX_TIM1_Init                           0x08002f54   Section        0  main.o(i.MX_TIM1_Init)
    MX_TIM1_Init                             0x08002f55   Thumb Code   120  main.o(i.MX_TIM1_Init)
    i.MX_TIM2_Init                           0x08002fd4   Section        0  main.o(i.MX_TIM2_Init)
    MX_TIM2_Init                             0x08002fd5   Thumb Code    98  main.o(i.MX_TIM2_Init)
    i.MX_TIM3_Init                           0x0800303c   Section        0  main.o(i.MX_TIM3_Init)
    MX_TIM3_Init                             0x0800303d   Thumb Code   176  main.o(i.MX_TIM3_Init)
    i.MX_TIM4_Init                           0x080030f4   Section        0  main.o(i.MX_TIM4_Init)
    MX_TIM4_Init                             0x080030f5   Thumb Code    96  main.o(i.MX_TIM4_Init)
    i.Mahony_Init                            0x0800315c   Section        0  mahonyahrs.o(i.Mahony_Init)
    i.Mahony_computeAngles                   0x08003188   Section        0  mahonyahrs.o(i.Mahony_computeAngles)
    i.Mahony_invSqrt                         0x0800324c   Section        0  mahonyahrs.o(i.Mahony_invSqrt)
    i.Mahony_update_IMU                      0x080032a4   Section        0  mahonyahrs.o(i.Mahony_update_IMU)
    i.MemManage_Handler                      0x08003614   Section        0  stm32f1xx_it.o(i.MemManage_Handler)
    i.NMI_Handler                            0x08003616   Section        0  stm32f1xx_it.o(i.NMI_Handler)
    i.Normal_Balance_SubTask                 0x08003618   Section        0  subtask.o(i.Normal_Balance_SubTask)
    i.PID_Set_Current                        0x08003654   Section        0  pid.o(i.PID_Set_Current)
    i.PendSV_Handler                         0x08003658   Section        0  stm32f1xx_it.o(i.PendSV_Handler)
    i.Position_PID                           0x0800365a   Section        0  pid.o(i.Position_PID)
    i.SPI_EndRxTransaction                   0x0800370e   Section        0  stm32f1xx_hal_spi.o(i.SPI_EndRxTransaction)
    SPI_EndRxTransaction                     0x0800370f   Thumb Code    92  stm32f1xx_hal_spi.o(i.SPI_EndRxTransaction)
    i.SPI_EndRxTxTransaction                 0x0800376a   Section        0  stm32f1xx_hal_spi.o(i.SPI_EndRxTxTransaction)
    SPI_EndRxTxTransaction                   0x0800376b   Thumb Code    52  stm32f1xx_hal_spi.o(i.SPI_EndRxTxTransaction)
    i.SPI_WaitFlagStateUntilTimeout          0x080037a0   Section        0  stm32f1xx_hal_spi.o(i.SPI_WaitFlagStateUntilTimeout)
    SPI_WaitFlagStateUntilTimeout            0x080037a1   Thumb Code   180  stm32f1xx_hal_spi.o(i.SPI_WaitFlagStateUntilTimeout)
    i.SVC_Handler                            0x08003858   Section        0  stm32f1xx_it.o(i.SVC_Handler)
    i.Set_Motor_A_Speed                      0x0800385c   Section        0  motor.o(i.Set_Motor_A_Speed)
    i.Set_Motor_B_Speed                      0x080038ac   Section        0  motor.o(i.Set_Motor_B_Speed)
    i.Set_PID                                0x080038fc   Section        0  pid.o(i.Set_PID)
    i.SysTick_Handler                        0x08003902   Section        0  stm32f1xx_it.o(i.SysTick_Handler)
    i.SystemClock_Config                     0x08003906   Section        0  main.o(i.SystemClock_Config)
    i.SystemInit                             0x08003964   Section        0  system_stm32f1xx.o(i.SystemInit)
    i.TIM1_UP_IRQHandler                     0x08003968   Section        0  stm32f1xx_it.o(i.TIM1_UP_IRQHandler)
    i.TIM_Base_SetConfig                     0x08003974   Section        0  stm32f1xx_hal_tim.o(i.TIM_Base_SetConfig)
    i.TIM_CCxChannelCmd                      0x080039ec   Section        0  stm32f1xx_hal_tim.o(i.TIM_CCxChannelCmd)
    i.TIM_ETR_SetConfig                      0x08003a06   Section        0  stm32f1xx_hal_tim.o(i.TIM_ETR_SetConfig)
    i.TIM_ITRx_SetConfig                     0x08003a1a   Section        0  stm32f1xx_hal_tim.o(i.TIM_ITRx_SetConfig)
    TIM_ITRx_SetConfig                       0x08003a1b   Thumb Code    16  stm32f1xx_hal_tim.o(i.TIM_ITRx_SetConfig)
    i.TIM_OC1_SetConfig                      0x08003a2c   Section        0  stm32f1xx_hal_tim.o(i.TIM_OC1_SetConfig)
    TIM_OC1_SetConfig                        0x08003a2d   Thumb Code    74  stm32f1xx_hal_tim.o(i.TIM_OC1_SetConfig)
    i.TIM_OC2_SetConfig                      0x08003a7c   Section        0  stm32f1xx_hal_tim.o(i.TIM_OC2_SetConfig)
    i.TIM_OC3_SetConfig                      0x08003ad4   Section        0  stm32f1xx_hal_tim.o(i.TIM_OC3_SetConfig)
    TIM_OC3_SetConfig                        0x08003ad5   Thumb Code    82  stm32f1xx_hal_tim.o(i.TIM_OC3_SetConfig)
    i.TIM_OC4_SetConfig                      0x08003b2c   Section        0  stm32f1xx_hal_tim.o(i.TIM_OC4_SetConfig)
    TIM_OC4_SetConfig                        0x08003b2d   Thumb Code    64  stm32f1xx_hal_tim.o(i.TIM_OC4_SetConfig)
    i.TIM_TI1_ConfigInputStage               0x08003b70   Section        0  stm32f1xx_hal_tim.o(i.TIM_TI1_ConfigInputStage)
    TIM_TI1_ConfigInputStage                 0x08003b71   Thumb Code    34  stm32f1xx_hal_tim.o(i.TIM_TI1_ConfigInputStage)
    i.TIM_TI2_ConfigInputStage               0x08003b92   Section        0  stm32f1xx_hal_tim.o(i.TIM_TI2_ConfigInputStage)
    TIM_TI2_ConfigInputStage                 0x08003b93   Thumb Code    36  stm32f1xx_hal_tim.o(i.TIM_TI2_ConfigInputStage)
    i.UART_DMAAbortOnError                   0x08003bb6   Section        0  stm32f1xx_hal_uart.o(i.UART_DMAAbortOnError)
    UART_DMAAbortOnError                     0x08003bb7   Thumb Code    16  stm32f1xx_hal_uart.o(i.UART_DMAAbortOnError)
    i.UART_EndRxTransfer                     0x08003bc6   Section        0  stm32f1xx_hal_uart.o(i.UART_EndRxTransfer)
    UART_EndRxTransfer                       0x08003bc7   Thumb Code    78  stm32f1xx_hal_uart.o(i.UART_EndRxTransfer)
    i.UART_EndTxTransfer                     0x08003c14   Section        0  stm32f1xx_hal_uart.o(i.UART_EndTxTransfer)
    UART_EndTxTransfer                       0x08003c15   Thumb Code    28  stm32f1xx_hal_uart.o(i.UART_EndTxTransfer)
    i.UART_Receive_IT                        0x08003c30   Section        0  stm32f1xx_hal_uart.o(i.UART_Receive_IT)
    UART_Receive_IT                          0x08003c31   Thumb Code   194  stm32f1xx_hal_uart.o(i.UART_Receive_IT)
    i.UART_SetConfig                         0x08003cf4   Section        0  stm32f1xx_hal_uart.o(i.UART_SetConfig)
    UART_SetConfig                           0x08003cf5   Thumb Code   178  stm32f1xx_hal_uart.o(i.UART_SetConfig)
    i.UART_WaitOnFlagUntilTimeout            0x08003dac   Section        0  stm32f1xx_hal_uart.o(i.UART_WaitOnFlagUntilTimeout)
    UART_WaitOnFlagUntilTimeout              0x08003dad   Thumb Code   114  stm32f1xx_hal_uart.o(i.UART_WaitOnFlagUntilTimeout)
    i.USART1_IRQHandler                      0x08003e20   Section        0  stm32f1xx_it.o(i.USART1_IRQHandler)
    i.UsageFault_Handler                     0x08003e54   Section        0  stm32f1xx_it.o(i.UsageFault_Handler)
    i.__0vsnprintf                           0x08003e58   Section        0  printfa.o(i.__0vsnprintf)
    i.__ARM_fpclassifyf                      0x08003e8c   Section        0  fpclassifyf.o(i.__ARM_fpclassifyf)
    i.__NVIC_SetPriority                     0x08003eb2   Section        0  stm32f1xx_hal_cortex.o(i.__NVIC_SetPriority)
    __NVIC_SetPriority                       0x08003eb3   Thumb Code    32  stm32f1xx_hal_cortex.o(i.__NVIC_SetPriority)
    i.__mathlib_flt_infnan                   0x08003ed2   Section        0  funder.o(i.__mathlib_flt_infnan)
    i.__mathlib_flt_infnan2                  0x08003ed8   Section        0  funder.o(i.__mathlib_flt_infnan2)
    i.__mathlib_flt_invalid                  0x08003edc   Section        0  funder.o(i.__mathlib_flt_invalid)
    i.__mathlib_flt_underflow                0x08003ee4   Section        0  funder.o(i.__mathlib_flt_underflow)
    i.__scatterload_copy                     0x08003eee   Section       14  handlers.o(i.__scatterload_copy)
    i.__scatterload_null                     0x08003efc   Section        2  handlers.o(i.__scatterload_null)
    i.__scatterload_zeroinit                 0x08003efe   Section       14  handlers.o(i.__scatterload_zeroinit)
    i.__set_errno                            0x08003f0c   Section        0  errno.o(i.__set_errno)
    i._fp_digits                             0x08003f18   Section        0  printfa.o(i._fp_digits)
    _fp_digits                               0x08003f19   Thumb Code   366  printfa.o(i._fp_digits)
    i._printf_core                           0x0800409c   Section        0  printfa.o(i._printf_core)
    _printf_core                             0x0800409d   Thumb Code  1704  printfa.o(i._printf_core)
    i._printf_post_padding                   0x08004750   Section        0  printfa.o(i._printf_post_padding)
    _printf_post_padding                     0x08004751   Thumb Code    36  printfa.o(i._printf_post_padding)
    i._printf_pre_padding                    0x08004774   Section        0  printfa.o(i._printf_pre_padding)
    _printf_pre_padding                      0x08004775   Thumb Code    46  printfa.o(i._printf_pre_padding)
    i._snputc                                0x080047a2   Section        0  printfa.o(i._snputc)
    _snputc                                  0x080047a3   Thumb Code    22  printfa.o(i._snputc)
    i.asinf                                  0x080047b8   Section        0  asinf.o(i.asinf)
    i.atan2f                                 0x080048dc   Section        0  atan2f.o(i.atan2f)
    i.getPitch                               0x08004b80   Section        0  mahonyahrs.o(i.getPitch)
    i.getRoll                                0x08004ba0   Section        0  mahonyahrs.o(i.getRoll)
    i.main                                   0x08004bc0   Section        0  main.o(i.main)
    i.mpu_r_regs                             0x08004e6c   Section        0  mpu9250.o(i.mpu_r_regs)
    mpu_r_regs                               0x08004e6d   Thumb Code    74  mpu9250.o(i.mpu_r_regs)
    i.mpu_w_reg                              0x08004ec4   Section        0  mpu9250.o(i.mpu_w_reg)
    mpu_w_reg                                0x08004ec5   Thumb Code    80  mpu9250.o(i.mpu_w_reg)
    i.spi_wr_byte                            0x08004f20   Section        0  mpu9250.o(i.spi_wr_byte)
    spi_wr_byte                              0x08004f21   Thumb Code    54  mpu9250.o(i.spi_wr_byte)
    i.sqrtf                                  0x08004f56   Section        0  sqrtf.o(i.sqrtf)
    i.u1_printf                              0x08004f82   Section        0  text_utils.o(i.u1_printf)
    .constdata                               0x08004faa   Section       18  stm32f1xx_hal_rcc.o(.constdata)
    aPredivFactorTable                       0x08004faa   Data           2  stm32f1xx_hal_rcc.o(.constdata)
    aPLLMULFactorTable                       0x08004fac   Data          16  stm32f1xx_hal_rcc.o(.constdata)
    .constdata                               0x08004fbc   Section       16  system_stm32f1xx.o(.constdata)
    .constdata                               0x08004fcc   Section        8  system_stm32f1xx.o(.constdata)
    .conststring                             0x08004fd4   Section      150  main.o(.conststring)
    .data                                    0x20000000   Section        4  delay.o(.data)
    current_freq                             0x20000000   Data           4  delay.o(.data)
    .data                                    0x20000004   Section        8  subtask.o(.data)
    .data                                    0x2000000c   Section       52  mahonyahrs.o(.data)
    .data                                    0x20000040   Section        4  main.o(.data)
    .data                                    0x20000044   Section       12  stm32f1xx_hal.o(.data)
    .data                                    0x20000050   Section        4  system_stm32f1xx.o(.data)
    .data                                    0x20000054   Section        2  mpu9250.o(.data)
    i                                        0x20000054   Data           2  mpu9250.o(.data)
    .data                                    0x20000058   Section      208  pid.o(.data)
    .data                                    0x20000128   Section       28  car.o(.data)
    is_first_call                            0x20000128   Data           1  car.o(.data)
    g_car_flag_instance                      0x20000129   Data           2  car.o(.data)
    wrap_count                               0x2000012c   Data           4  car.o(.data)
    last_yaw                                 0x20000130   Data           4  car.o(.data)
    last_time                                0x20000134   Data           4  car.o(.data)
    acc_x_filtered                           0x20000138   Data           4  car.o(.data)
    acc_y_filtered                           0x2000013c   Data           4  car.o(.data)
    acc_z_filtered                           0x20000140   Data           4  car.o(.data)
    .data                                    0x20000144   Section        4  errno.o(.data)
    _errno                                   0x20000144   Data           4  errno.o(.data)
    .bss                                     0x20000148   Section      556  main.o(.bss)
    .bss                                     0x20000374   Section       68  main.o(.bss)
    .bss                                     0x200003b8   Section       68  main.o(.bss)
    .bss                                     0x200003fc   Section       16  mpu9250.o(.bss)
    dataBuf                                  0x200003fc   Data          16  mpu9250.o(.bss)
    .bss                                     0x2000040c   Section      516  car.o(.bss)
    SpeedControl                             0x200004b0   Data          40  car.o(.bss)
    g_pitch_pid_instance                     0x200004d8   Data          52  car.o(.bss)
    g_speed_pid_instance                     0x2000050c   Data          52  car.o(.bss)
    g_yaw_pid_instance                       0x20000540   Data          52  car.o(.bss)
    g_distance_pid_instance                  0x20000574   Data          52  car.o(.bss)
    g_angle_pid_instance                     0x200005a8   Data          52  car.o(.bss)
    g_roll_pid_instance                      0x200005dc   Data          52  car.o(.bss)
    STACK                                    0x20000610   Section     1024  startup_stm32f103xb.o(STACK)

    Global Symbols

    Symbol Name                              Value     Ov Type        Size  Object(Section)

    BuildAttributes$$THM_ISAv4$P$D$K$B$S$PE$A:L22UL41UL21$X:L11$S22US41US21$IEEE1$IW$USESV6$~STKCKD$USESV7$~SHL$OTIME$ROPI$IEEEX$EBA8$MICROLIB$REQ8$PRES8$EABIv2 0x00000000   Number         0  anon$$obj.o ABSOLUTE
    __ARM_use_no_argv                        0x00000000   Number         0  main.o ABSOLUTE
    _printf_a                                0x00000000   Number         0  stubs.o ABSOLUTE
    _printf_c                                0x00000000   Number         0  stubs.o ABSOLUTE
    _printf_charcount                        0x00000000   Number         0  stubs.o ABSOLUTE
    _printf_d                                0x00000000   Number         0  stubs.o ABSOLUTE
    _printf_e                                0x00000000   Number         0  stubs.o ABSOLUTE
    _printf_f                                0x00000000   Number         0  stubs.o ABSOLUTE
    _printf_flags                            0x00000000   Number         0  stubs.o ABSOLUTE
    _printf_fp_dec                           0x00000000   Number         0  stubs.o ABSOLUTE
    _printf_fp_hex                           0x00000000   Number         0  stubs.o ABSOLUTE
    _printf_g                                0x00000000   Number         0  stubs.o ABSOLUTE
    _printf_i                                0x00000000   Number         0  stubs.o ABSOLUTE
    _printf_int_dec                          0x00000000   Number         0  stubs.o ABSOLUTE
    _printf_l                                0x00000000   Number         0  stubs.o ABSOLUTE
    _printf_lc                               0x00000000   Number         0  stubs.o ABSOLUTE
    _printf_ll                               0x00000000   Number         0  stubs.o ABSOLUTE
    _printf_lld                              0x00000000   Number         0  stubs.o ABSOLUTE
    _printf_lli                              0x00000000   Number         0  stubs.o ABSOLUTE
    _printf_llo                              0x00000000   Number         0  stubs.o ABSOLUTE
    _printf_llu                              0x00000000   Number         0  stubs.o ABSOLUTE
    _printf_llx                              0x00000000   Number         0  stubs.o ABSOLUTE
    _printf_longlong_dec                     0x00000000   Number         0  stubs.o ABSOLUTE
    _printf_longlong_hex                     0x00000000   Number         0  stubs.o ABSOLUTE
    _printf_longlong_oct                     0x00000000   Number         0  stubs.o ABSOLUTE
    _printf_ls                               0x00000000   Number         0  stubs.o ABSOLUTE
    _printf_mbtowc                           0x00000000   Number         0  stubs.o ABSOLUTE
    _printf_n                                0x00000000   Number         0  stubs.o ABSOLUTE
    _printf_o                                0x00000000   Number         0  stubs.o ABSOLUTE
    _printf_p                                0x00000000   Number         0  stubs.o ABSOLUTE
    _printf_percent                          0x00000000   Number         0  stubs.o ABSOLUTE
    _printf_pre_padding                      0x00000000   Number         0  stubs.o ABSOLUTE
    _printf_return_value                     0x00000000   Number         0  stubs.o ABSOLUTE
    _printf_s                                0x00000000   Number         0  stubs.o ABSOLUTE
    _printf_sizespec                         0x00000000   Number         0  stubs.o ABSOLUTE
    _printf_str                              0x00000000   Number         0  stubs.o ABSOLUTE
    _printf_truncate_signed                  0x00000000   Number         0  stubs.o ABSOLUTE
    _printf_truncate_unsigned                0x00000000   Number         0  stubs.o ABSOLUTE
    _printf_u                                0x00000000   Number         0  stubs.o ABSOLUTE
    _printf_wc                               0x00000000   Number         0  stubs.o ABSOLUTE
    _printf_wctomb                           0x00000000   Number         0  stubs.o ABSOLUTE
    _printf_widthprec                        0x00000000   Number         0  stubs.o ABSOLUTE
    _printf_x                                0x00000000   Number         0  stubs.o ABSOLUTE
    __arm_fini_                               - Undefined Weak Reference
    __cpp_initialize__aeabi_                  - Undefined Weak Reference
    __cxa_finalize                            - Undefined Weak Reference
    _clock_init                               - Undefined Weak Reference
    _microlib_exit                            - Undefined Weak Reference
    __Vectors_Size                           0x000000ec   Number         0  startup_stm32f103xb.o ABSOLUTE
    __Vectors                                0x08000000   Data           4  startup_stm32f103xb.o(RESET)
    __Vectors_End                            0x080000ec   Data           0  startup_stm32f103xb.o(RESET)
    __main                                   0x080000ed   Thumb Code     0  entry.o(.ARM.Collect$$$$00000000)
    _main_stk                                0x080000ed   Thumb Code     0  entry2.o(.ARM.Collect$$$$00000001)
    _main_scatterload                        0x080000f1   Thumb Code     0  entry5.o(.ARM.Collect$$$$00000004)
    __main_after_scatterload                 0x080000f5   Thumb Code     0  entry5.o(.ARM.Collect$$$$00000004)
    _main_clock                              0x080000f5   Thumb Code     0  entry7b.o(.ARM.Collect$$$$00000008)
    _main_cpp_init                           0x080000f5   Thumb Code     0  entry8b.o(.ARM.Collect$$$$0000000A)
    _main_init                               0x080000f5   Thumb Code     0  entry9a.o(.ARM.Collect$$$$0000000B)
    __rt_lib_shutdown_fini                   0x080000fd   Thumb Code     0  entry12b.o(.ARM.Collect$$$$0000000E)
    __rt_final_cpp                           0x08000101   Thumb Code     0  entry10a.o(.ARM.Collect$$$$0000000F)
    __rt_final_exit                          0x08000101   Thumb Code     0  entry11a.o(.ARM.Collect$$$$00000011)
    Reset_Handler                            0x08000105   Thumb Code     8  startup_stm32f103xb.o(.text)
    ADC1_2_IRQHandler                        0x0800011f   Thumb Code     0  startup_stm32f103xb.o(.text)
    CAN1_RX1_IRQHandler                      0x0800011f   Thumb Code     0  startup_stm32f103xb.o(.text)
    CAN1_SCE_IRQHandler                      0x0800011f   Thumb Code     0  startup_stm32f103xb.o(.text)
    DMA1_Channel1_IRQHandler                 0x0800011f   Thumb Code     0  startup_stm32f103xb.o(.text)
    DMA1_Channel2_IRQHandler                 0x0800011f   Thumb Code     0  startup_stm32f103xb.o(.text)
    DMA1_Channel3_IRQHandler                 0x0800011f   Thumb Code     0  startup_stm32f103xb.o(.text)
    DMA1_Channel4_IRQHandler                 0x0800011f   Thumb Code     0  startup_stm32f103xb.o(.text)
    DMA1_Channel6_IRQHandler                 0x0800011f   Thumb Code     0  startup_stm32f103xb.o(.text)
    DMA1_Channel7_IRQHandler                 0x0800011f   Thumb Code     0  startup_stm32f103xb.o(.text)
    EXTI0_IRQHandler                         0x0800011f   Thumb Code     0  startup_stm32f103xb.o(.text)
    EXTI15_10_IRQHandler                     0x0800011f   Thumb Code     0  startup_stm32f103xb.o(.text)
    EXTI1_IRQHandler                         0x0800011f   Thumb Code     0  startup_stm32f103xb.o(.text)
    EXTI2_IRQHandler                         0x0800011f   Thumb Code     0  startup_stm32f103xb.o(.text)
    EXTI3_IRQHandler                         0x0800011f   Thumb Code     0  startup_stm32f103xb.o(.text)
    EXTI4_IRQHandler                         0x0800011f   Thumb Code     0  startup_stm32f103xb.o(.text)
    EXTI9_5_IRQHandler                       0x0800011f   Thumb Code     0  startup_stm32f103xb.o(.text)
    FLASH_IRQHandler                         0x0800011f   Thumb Code     0  startup_stm32f103xb.o(.text)
    I2C1_ER_IRQHandler                       0x0800011f   Thumb Code     0  startup_stm32f103xb.o(.text)
    I2C1_EV_IRQHandler                       0x0800011f   Thumb Code     0  startup_stm32f103xb.o(.text)
    I2C2_ER_IRQHandler                       0x0800011f   Thumb Code     0  startup_stm32f103xb.o(.text)
    I2C2_EV_IRQHandler                       0x0800011f   Thumb Code     0  startup_stm32f103xb.o(.text)
    PVD_IRQHandler                           0x0800011f   Thumb Code     0  startup_stm32f103xb.o(.text)
    RCC_IRQHandler                           0x0800011f   Thumb Code     0  startup_stm32f103xb.o(.text)
    RTC_Alarm_IRQHandler                     0x0800011f   Thumb Code     0  startup_stm32f103xb.o(.text)
    RTC_IRQHandler                           0x0800011f   Thumb Code     0  startup_stm32f103xb.o(.text)
    SPI1_IRQHandler                          0x0800011f   Thumb Code     0  startup_stm32f103xb.o(.text)
    SPI2_IRQHandler                          0x0800011f   Thumb Code     0  startup_stm32f103xb.o(.text)
    TAMPER_IRQHandler                        0x0800011f   Thumb Code     0  startup_stm32f103xb.o(.text)
    TIM1_BRK_IRQHandler                      0x0800011f   Thumb Code     0  startup_stm32f103xb.o(.text)
    TIM1_CC_IRQHandler                       0x0800011f   Thumb Code     0  startup_stm32f103xb.o(.text)
    TIM1_TRG_COM_IRQHandler                  0x0800011f   Thumb Code     0  startup_stm32f103xb.o(.text)
    TIM2_IRQHandler                          0x0800011f   Thumb Code     0  startup_stm32f103xb.o(.text)
    TIM3_IRQHandler                          0x0800011f   Thumb Code     0  startup_stm32f103xb.o(.text)
    TIM4_IRQHandler                          0x0800011f   Thumb Code     0  startup_stm32f103xb.o(.text)
    USART2_IRQHandler                        0x0800011f   Thumb Code     0  startup_stm32f103xb.o(.text)
    USART3_IRQHandler                        0x0800011f   Thumb Code     0  startup_stm32f103xb.o(.text)
    USBWakeUp_IRQHandler                     0x0800011f   Thumb Code     0  startup_stm32f103xb.o(.text)
    USB_HP_CAN1_TX_IRQHandler                0x0800011f   Thumb Code     0  startup_stm32f103xb.o(.text)
    USB_LP_CAN1_RX0_IRQHandler               0x0800011f   Thumb Code     0  startup_stm32f103xb.o(.text)
    WWDG_IRQHandler                          0x0800011f   Thumb Code     0  startup_stm32f103xb.o(.text)
    __aeabi_llsr                             0x08000129   Thumb Code    32  llushr.o(.text)
    _ll_ushift_r                             0x08000129   Thumb Code     0  llushr.o(.text)
    __aeabi_memset                           0x08000149   Thumb Code    14  memseta.o(.text)
    __aeabi_memset4                          0x08000149   Thumb Code     0  memseta.o(.text)
    __aeabi_memset8                          0x08000149   Thumb Code     0  memseta.o(.text)
    __aeabi_memclr                           0x08000157   Thumb Code     4  memseta.o(.text)
    __aeabi_memclr4                          0x08000157   Thumb Code     0  memseta.o(.text)
    __aeabi_memclr8                          0x08000157   Thumb Code     0  memseta.o(.text)
    _memset$wrapper                          0x0800015b   Thumb Code    18  memseta.o(.text)
    strlen                                   0x0800016d   Thumb Code    14  strlen.o(.text)
    __aeabi_fadd                             0x0800017b   Thumb Code   164  fadd.o(.text)
    __aeabi_fsub                             0x0800021f   Thumb Code     6  fadd.o(.text)
    __aeabi_frsub                            0x08000225   Thumb Code     6  fadd.o(.text)
    __aeabi_fmul                             0x0800022b   Thumb Code   100  fmul.o(.text)
    __aeabi_fdiv                             0x0800028f   Thumb Code   124  fdiv.o(.text)
    __ARM_scalbnf                            0x0800030b   Thumb Code    24  fscalb.o(.text)
    scalbnf                                  0x0800030b   Thumb Code     0  fscalb.o(.text)
    __aeabi_dmul                             0x08000323   Thumb Code   228  dmul.o(.text)
    __aeabi_ddiv                             0x08000407   Thumb Code   222  ddiv.o(.text)
    __aeabi_i2f                              0x080004e5   Thumb Code    18  fflti.o(.text)
    __aeabi_ui2f                             0x080004f7   Thumb Code    10  ffltui.o(.text)
    __aeabi_f2iz                             0x08000501   Thumb Code    50  ffixi.o(.text)
    __aeabi_f2d                              0x08000533   Thumb Code    38  f2d.o(.text)
    __aeabi_cfrcmple                         0x08000559   Thumb Code    20  cfrcmple.o(.text)
    __aeabi_uidiv                            0x0800056d   Thumb Code     0  uidiv.o(.text)
    __aeabi_uidivmod                         0x0800056d   Thumb Code    44  uidiv.o(.text)
    __aeabi_uldivmod                         0x08000599   Thumb Code    98  uldiv.o(.text)
    __I$use$fp                               0x080005fb   Thumb Code     0  iusefp.o(.text)
    _float_round                             0x080005fb   Thumb Code    18  fepilogue.o(.text)
    _float_epilogue                          0x0800060d   Thumb Code    92  fepilogue.o(.text)
    _fsqrt                                   0x08000669   Thumb Code    94  fsqrt.o(.text)
    _double_round                            0x080006c7   Thumb Code    30  depilogue.o(.text)
    _double_epilogue                         0x080006e5   Thumb Code   156  depilogue.o(.text)
    __aeabi_dadd                             0x08000781   Thumb Code   322  dadd.o(.text)
    __aeabi_dsub                             0x080008c3   Thumb Code     6  dadd.o(.text)
    __aeabi_drsub                            0x080008c9   Thumb Code     6  dadd.o(.text)
    __aeabi_d2ulz                            0x080008cf   Thumb Code    48  dfixul.o(.text)
    __aeabi_cdrcmple                         0x08000901   Thumb Code    48  cdrcmple.o(.text)
    __scatterload                            0x08000931   Thumb Code    28  init.o(.text)
    __scatterload_rt2                        0x08000931   Thumb Code     0  init.o(.text)
    __aeabi_llsl                             0x08000955   Thumb Code    30  llshl.o(.text)
    _ll_shift_l                              0x08000955   Thumb Code     0  llshl.o(.text)
    __aeabi_lasr                             0x08000973   Thumb Code    36  llsshr.o(.text)
    _ll_sshift_r                             0x08000973   Thumb Code     0  llsshr.o(.text)
    __decompress                             0x08000997   Thumb Code     0  __dczerorl.o(.text)
    __decompress0                            0x08000997   Thumb Code    58  __dczerorl.o(.text)
    Angle_PID                                0x080009d1   Thumb Code   140  pid.o(i.Angle_PID)
    BusFault_Handler                         0x08000a5d   Thumb Code     2  stm32f1xx_it.o(i.BusFault_Handler)
    Calibrate_Gyro                           0x08000a61   Thumb Code   162  mpu9250.o(i.Calibrate_Gyro)
    Car_GetInstance                          0x08000b75   Thumb Code     4  car.o(i.Car_GetInstance)
    Car_Get_Real_Value                       0x08000b7d   Thumb Code   448  car.o(i.Car_Get_Real_Value)
    Car_Init                                 0x08000d61   Thumb Code   312  car.o(i.Car_Init)
    DMA1_Channel5_IRQHandler                 0x08000eb9   Thumb Code     6  stm32f1xx_it.o(i.DMA1_Channel5_IRQHandler)
    DWT_Delay_Init                           0x08000ec5   Thumb Code    32  delay.o(i.DWT_Delay_Init)
    DWT_Delay_us                             0x08000ef1   Thumb Code    32  delay.o(i.DWT_Delay_us)
    DebugMon_Handler                         0x08000f1d   Thumb Code     2  stm32f1xx_it.o(i.DebugMon_Handler)
    Encoder_Get_A                            0x08000f21   Thumb Code    14  motor.o(i.Encoder_Get_A)
    Encoder_Get_B                            0x08000f35   Thumb Code    14  motor.o(i.Encoder_Get_B)
    Error_Handler                            0x08000f49   Thumb Code     4  main.o(i.Error_Handler)
    Get_Data_SubTask                         0x08000f4d   Thumb Code     4  subtask.o(i.Get_Data_SubTask)
    HAL_DMA_Abort                            0x08000f51   Thumb Code    70  stm32f1xx_hal_dma.o(i.HAL_DMA_Abort)
    HAL_DMA_Abort_IT                         0x08000f99   Thumb Code   148  stm32f1xx_hal_dma.o(i.HAL_DMA_Abort_IT)
    HAL_DMA_IRQHandler                       0x08001031   Thumb Code   316  stm32f1xx_hal_dma.o(i.HAL_DMA_IRQHandler)
    HAL_DMA_Init                             0x08001185   Thumb Code    84  stm32f1xx_hal_dma.o(i.HAL_DMA_Init)
    HAL_GPIO_Init                            0x080011e1   Thumb Code   446  stm32f1xx_hal_gpio.o(i.HAL_GPIO_Init)
    HAL_GPIO_WritePin                        0x080013c1   Thumb Code    10  stm32f1xx_hal_gpio.o(i.HAL_GPIO_WritePin)
    HAL_GetTick                              0x080013cd   Thumb Code     6  stm32f1xx_hal.o(i.HAL_GetTick)
    HAL_IncTick                              0x080013d9   Thumb Code    12  stm32f1xx_hal.o(i.HAL_IncTick)
    HAL_Init                                 0x080013e9   Thumb Code    32  stm32f1xx_hal.o(i.HAL_Init)
    HAL_InitTick                             0x0800140d   Thumb Code    54  stm32f1xx_hal.o(i.HAL_InitTick)
    HAL_MspInit                              0x0800144d   Thumb Code    52  stm32f1xx_hal_msp.o(i.HAL_MspInit)
    HAL_NVIC_EnableIRQ                       0x08001489   Thumb Code    26  stm32f1xx_hal_cortex.o(i.HAL_NVIC_EnableIRQ)
    HAL_NVIC_SetPriority                     0x080014a5   Thumb Code    60  stm32f1xx_hal_cortex.o(i.HAL_NVIC_SetPriority)
    HAL_NVIC_SetPriorityGrouping             0x080014e5   Thumb Code    26  stm32f1xx_hal_cortex.o(i.HAL_NVIC_SetPriorityGrouping)
    HAL_RCC_ClockConfig                      0x08001509   Thumb Code   280  stm32f1xx_hal_rcc.o(i.HAL_RCC_ClockConfig)
    HAL_RCC_GetPCLK1Freq                     0x08001635   Thumb Code    20  stm32f1xx_hal_rcc.o(i.HAL_RCC_GetPCLK1Freq)
    HAL_RCC_GetPCLK2Freq                     0x08001655   Thumb Code    20  stm32f1xx_hal_rcc.o(i.HAL_RCC_GetPCLK2Freq)
    HAL_RCC_GetSysClockFreq                  0x08001675   Thumb Code    58  stm32f1xx_hal_rcc.o(i.HAL_RCC_GetSysClockFreq)
    HAL_RCC_OscConfig                        0x080016c1   Thumb Code   778  stm32f1xx_hal_rcc.o(i.HAL_RCC_OscConfig)
    HAL_SPI_GetState                         0x080019e1   Thumb Code     6  stm32f1xx_hal_spi.o(i.HAL_SPI_GetState)
    HAL_SPI_Init                             0x080019e7   Thumb Code   178  stm32f1xx_hal_spi.o(i.HAL_SPI_Init)
    HAL_SPI_MspInit                          0x08001a99   Thumb Code   140  stm32f1xx_hal_msp.o(i.HAL_SPI_MspInit)
    HAL_SPI_Receive                          0x08001b39   Thumb Code   340  stm32f1xx_hal_spi.o(i.HAL_SPI_Receive)
    HAL_SPI_Transmit                         0x08001c8d   Thumb Code   358  stm32f1xx_hal_spi.o(i.HAL_SPI_Transmit)
    HAL_SPI_TransmitReceive                  0x08001df3   Thumb Code   496  stm32f1xx_hal_spi.o(i.HAL_SPI_TransmitReceive)
    HAL_SYSTICK_Config                       0x08001fe3   Thumb Code    40  stm32f1xx_hal_cortex.o(i.HAL_SYSTICK_Config)
    HAL_TIMEx_BreakCallback                  0x0800200b   Thumb Code     2  stm32f1xx_hal_tim_ex.o(i.HAL_TIMEx_BreakCallback)
    HAL_TIMEx_CommutCallback                 0x0800200d   Thumb Code     2  stm32f1xx_hal_tim_ex.o(i.HAL_TIMEx_CommutCallback)
    HAL_TIMEx_MasterConfigSynchronization    0x08002011   Thumb Code    92  stm32f1xx_hal_tim_ex.o(i.HAL_TIMEx_MasterConfigSynchronization)
    HAL_TIM_Base_Init                        0x08002079   Thumb Code    90  stm32f1xx_hal_tim.o(i.HAL_TIM_Base_Init)
    HAL_TIM_Base_MspInit                     0x080020d5   Thumb Code    72  stm32f1xx_hal_msp.o(i.HAL_TIM_Base_MspInit)
    HAL_TIM_Base_Start_IT                    0x08002129   Thumb Code    76  stm32f1xx_hal_tim.o(i.HAL_TIM_Base_Start_IT)
    HAL_TIM_ConfigClockSource                0x08002181   Thumb Code   220  stm32f1xx_hal_tim.o(i.HAL_TIM_ConfigClockSource)
    HAL_TIM_Encoder_Init                     0x0800225d   Thumb Code   164  stm32f1xx_hal_tim.o(i.HAL_TIM_Encoder_Init)
    HAL_TIM_Encoder_MspInit                  0x08002301   Thumb Code   122  stm32f1xx_hal_msp.o(i.HAL_TIM_Encoder_MspInit)
    HAL_TIM_Encoder_Start                    0x0800238d   Thumb Code   142  stm32f1xx_hal_tim.o(i.HAL_TIM_Encoder_Start)
    HAL_TIM_IC_CaptureCallback               0x0800241b   Thumb Code     2  stm32f1xx_hal_tim.o(i.HAL_TIM_IC_CaptureCallback)
    HAL_TIM_IRQHandler                       0x0800241d   Thumb Code   304  stm32f1xx_hal_tim.o(i.HAL_TIM_IRQHandler)
    HAL_TIM_MspPostInit                      0x0800254d   Thumb Code    62  stm32f1xx_hal_msp.o(i.HAL_TIM_MspPostInit)
    HAL_TIM_OC_DelayElapsedCallback          0x08002599   Thumb Code     2  stm32f1xx_hal_tim.o(i.HAL_TIM_OC_DelayElapsedCallback)
    HAL_TIM_PWM_ConfigChannel                0x0800259b   Thumb Code   204  stm32f1xx_hal_tim.o(i.HAL_TIM_PWM_ConfigChannel)
    HAL_TIM_PWM_Init                         0x08002667   Thumb Code    90  stm32f1xx_hal_tim.o(i.HAL_TIM_PWM_Init)
    HAL_TIM_PWM_MspInit                      0x080026c1   Thumb Code     2  stm32f1xx_hal_tim.o(i.HAL_TIM_PWM_MspInit)
    HAL_TIM_PWM_PulseFinishedCallback        0x080026c3   Thumb Code     2  stm32f1xx_hal_tim.o(i.HAL_TIM_PWM_PulseFinishedCallback)
    HAL_TIM_PWM_Start                        0x080026c5   Thumb Code   144  stm32f1xx_hal_tim.o(i.HAL_TIM_PWM_Start)
    HAL_TIM_PeriodElapsedCallback            0x08002761   Thumb Code    34  main.o(i.HAL_TIM_PeriodElapsedCallback)
    HAL_TIM_TriggerCallback                  0x0800278d   Thumb Code     2  stm32f1xx_hal_tim.o(i.HAL_TIM_TriggerCallback)
    HAL_UARTEx_RxEventCallback               0x0800278f   Thumb Code     2  stm32f1xx_hal_uart.o(i.HAL_UARTEx_RxEventCallback)
    HAL_UART_DMAStop                         0x08002791   Thumb Code   112  stm32f1xx_hal_uart.o(i.HAL_UART_DMAStop)
    HAL_UART_ErrorCallback                   0x08002801   Thumb Code     2  stm32f1xx_hal_uart.o(i.HAL_UART_ErrorCallback)
    HAL_UART_IRQHandler                      0x08002805   Thumb Code   616  stm32f1xx_hal_uart.o(i.HAL_UART_IRQHandler)
    HAL_UART_Init                            0x08002a71   Thumb Code   100  stm32f1xx_hal_uart.o(i.HAL_UART_Init)
    HAL_UART_MspInit                         0x08002ad5   Thumb Code   156  stm32f1xx_hal_msp.o(i.HAL_UART_MspInit)
    HAL_UART_RxCpltCallback                  0x08002b85   Thumb Code     2  stm32f1xx_hal_uart.o(i.HAL_UART_RxCpltCallback)
    HAL_UART_Transmit                        0x08002b87   Thumb Code   160  stm32f1xx_hal_uart.o(i.HAL_UART_Transmit)
    HAL_UART_TxCpltCallback                  0x08002c27   Thumb Code     2  stm32f1xx_hal_uart.o(i.HAL_UART_TxCpltCallback)
    HardFault_Handler                        0x08002c29   Thumb Code     2  stm32f1xx_it.o(i.HardFault_Handler)
    InfiniteYaw                              0x08002c2d   Thumb Code    76  car.o(i.InfiniteYaw)
    Log_Print                                0x08002c85   Thumb Code    20  text_utils.o(i.Log_Print)
    MPU9250_Init                             0x08002c9d   Thumb Code   148  mpu9250.o(i.MPU9250_Init)
    MPU9250_ReadAccel                        0x08002d4d   Thumb Code    84  mpu9250.o(i.MPU9250_ReadAccel)
    MPU9250_ReadGyro                         0x08002da9   Thumb Code   102  mpu9250.o(i.MPU9250_ReadGyro)
    Mahony_Init                              0x0800315d   Thumb Code    38  mahonyahrs.o(i.Mahony_Init)
    Mahony_computeAngles                     0x08003189   Thumb Code   190  mahonyahrs.o(i.Mahony_computeAngles)
    Mahony_invSqrt                           0x0800324d   Thumb Code    82  mahonyahrs.o(i.Mahony_invSqrt)
    Mahony_update_IMU                        0x080032a5   Thumb Code   866  mahonyahrs.o(i.Mahony_update_IMU)
    MemManage_Handler                        0x08003615   Thumb Code     2  stm32f1xx_it.o(i.MemManage_Handler)
    NMI_Handler                              0x08003617   Thumb Code     2  stm32f1xx_it.o(i.NMI_Handler)
    Normal_Balance_SubTask                   0x08003619   Thumb Code    56  subtask.o(i.Normal_Balance_SubTask)
    PID_Set_Current                          0x08003655   Thumb Code     4  pid.o(i.PID_Set_Current)
    PendSV_Handler                           0x08003659   Thumb Code     2  stm32f1xx_it.o(i.PendSV_Handler)
    Position_PID                             0x0800365b   Thumb Code   180  pid.o(i.Position_PID)
    SVC_Handler                              0x08003859   Thumb Code     2  stm32f1xx_it.o(i.SVC_Handler)
    Set_Motor_A_Speed                        0x0800385d   Thumb Code    72  motor.o(i.Set_Motor_A_Speed)
    Set_Motor_B_Speed                        0x080038ad   Thumb Code    72  motor.o(i.Set_Motor_B_Speed)
    Set_PID                                  0x080038fd   Thumb Code     6  pid.o(i.Set_PID)
    SysTick_Handler                          0x08003903   Thumb Code     4  stm32f1xx_it.o(i.SysTick_Handler)
    SystemClock_Config                       0x08003907   Thumb Code    94  main.o(i.SystemClock_Config)
    SystemInit                               0x08003965   Thumb Code     2  system_stm32f1xx.o(i.SystemInit)
    TIM1_UP_IRQHandler                       0x08003969   Thumb Code     6  stm32f1xx_it.o(i.TIM1_UP_IRQHandler)
    TIM_Base_SetConfig                       0x08003975   Thumb Code   108  stm32f1xx_hal_tim.o(i.TIM_Base_SetConfig)
    TIM_CCxChannelCmd                        0x080039ed   Thumb Code    26  stm32f1xx_hal_tim.o(i.TIM_CCxChannelCmd)
    TIM_ETR_SetConfig                        0x08003a07   Thumb Code    20  stm32f1xx_hal_tim.o(i.TIM_ETR_SetConfig)
    TIM_OC2_SetConfig                        0x08003a7d   Thumb Code    84  stm32f1xx_hal_tim.o(i.TIM_OC2_SetConfig)
    USART1_IRQHandler                        0x08003e21   Thumb Code    44  stm32f1xx_it.o(i.USART1_IRQHandler)
    UsageFault_Handler                       0x08003e55   Thumb Code     2  stm32f1xx_it.o(i.UsageFault_Handler)
    __0vsnprintf                             0x08003e59   Thumb Code    46  printfa.o(i.__0vsnprintf)
    __1vsnprintf                             0x08003e59   Thumb Code     0  printfa.o(i.__0vsnprintf)
    __2vsnprintf                             0x08003e59   Thumb Code     0  printfa.o(i.__0vsnprintf)
    __c89vsnprintf                           0x08003e59   Thumb Code     0  printfa.o(i.__0vsnprintf)
    vsnprintf                                0x08003e59   Thumb Code     0  printfa.o(i.__0vsnprintf)
    __ARM_fpclassifyf                        0x08003e8d   Thumb Code    38  fpclassifyf.o(i.__ARM_fpclassifyf)
    __mathlib_flt_infnan                     0x08003ed3   Thumb Code     6  funder.o(i.__mathlib_flt_infnan)
    __mathlib_flt_infnan2                    0x08003ed9   Thumb Code     4  funder.o(i.__mathlib_flt_infnan2)
    __mathlib_flt_invalid                    0x08003edd   Thumb Code     8  funder.o(i.__mathlib_flt_invalid)
    __mathlib_flt_underflow                  0x08003ee5   Thumb Code    10  funder.o(i.__mathlib_flt_underflow)
    __scatterload_copy                       0x08003eef   Thumb Code    14  handlers.o(i.__scatterload_copy)
    __scatterload_null                       0x08003efd   Thumb Code     2  handlers.o(i.__scatterload_null)
    __scatterload_zeroinit                   0x08003eff   Thumb Code    14  handlers.o(i.__scatterload_zeroinit)
    __set_errno                              0x08003f0d   Thumb Code     6  errno.o(i.__set_errno)
    asinf                                    0x080047b9   Thumb Code   254  asinf.o(i.asinf)
    atan2f                                   0x080048dd   Thumb Code   598  atan2f.o(i.atan2f)
    getPitch                                 0x08004b81   Thumb Code    24  mahonyahrs.o(i.getPitch)
    getRoll                                  0x08004ba1   Thumb Code    24  mahonyahrs.o(i.getRoll)
    main                                     0x08004bc1   Thumb Code   498  main.o(i.main)
    sqrtf                                    0x08004f57   Thumb Code    44  sqrtf.o(i.sqrtf)
    u1_printf                                0x08004f83   Thumb Code    40  text_utils.o(i.u1_printf)
    AHBPrescTable                            0x08004fbc   Data          16  system_stm32f1xx.o(.constdata)
    APBPrescTable                            0x08004fcc   Data           8  system_stm32f1xx.o(.constdata)
    Region$$Table$$Base                      0x0800506c   Number         0  anon$$obj.o(Region$$Table)
    Region$$Table$$Limit                     0x0800508c   Number         0  anon$$obj.o(Region$$Table)
    M1_PWM_Out                               0x20000004   Data           4  subtask.o(.data)
    M2_PWM_Out                               0x20000008   Data           4  subtask.o(.data)
    anglesComputed                           0x2000000c   Data           1  mahonyahrs.o(.data)
    twoKi                                    0x20000010   Data           4  mahonyahrs.o(.data)
    q0                                       0x20000014   Data           4  mahonyahrs.o(.data)
    q1                                       0x20000018   Data           4  mahonyahrs.o(.data)
    q2                                       0x2000001c   Data           4  mahonyahrs.o(.data)
    q3                                       0x20000020   Data           4  mahonyahrs.o(.data)
    integralFBx                              0x20000024   Data           4  mahonyahrs.o(.data)
    integralFBy                              0x20000028   Data           4  mahonyahrs.o(.data)
    integralFBz                              0x2000002c   Data           4  mahonyahrs.o(.data)
    invSampleFreq                            0x20000030   Data           4  mahonyahrs.o(.data)
    roll                                     0x20000034   Data           4  mahonyahrs.o(.data)
    pitch                                    0x20000038   Data           4  mahonyahrs.o(.data)
    yaw                                      0x2000003c   Data           4  mahonyahrs.o(.data)
    car_instance                             0x20000040   Data           4  main.o(.data)
    uwTickFreq                               0x20000044   Data           1  stm32f1xx_hal.o(.data)
    uwTickPrio                               0x20000048   Data           4  stm32f1xx_hal.o(.data)
    uwTick                                   0x2000004c   Data           4  stm32f1xx_hal.o(.data)
    SystemCoreClock                          0x20000050   Data           4  system_stm32f1xx.o(.data)
    g_stored_pid_params                      0x20000058   Data         208  pid.o(.data)
    mpu                                      0x20000148   Data         108  main.o(.bss)
    hspi1                                    0x200001b4   Data          88  main.o(.bss)
    htim1                                    0x2000020c   Data          72  main.o(.bss)
    htim2                                    0x20000254   Data          72  main.o(.bss)
    htim3                                    0x2000029c   Data          72  main.o(.bss)
    htim4                                    0x200002e4   Data          72  main.o(.bss)
    huart1                                   0x2000032c   Data          72  main.o(.bss)
    hdma_spi1_rx                             0x20000374   Data          68  main.o(.bss)
    hdma_usart1_rx                           0x200003b8   Data          68  main.o(.bss)
    g_car                                    0x2000040c   Data         164  car.o(.bss)
    __initial_sp                             0x20000a10   Data           0  startup_stm32f103xb.o(STACK)



==============================================================================

Memory Map of the image

  Image Entry point : 0x080000ed

  Load Region LR_IROM1 (Base: 0x08000000, Size: 0x000051d4, Max: 0x00010000, ABSOLUTE, COMPRESSED[0x000050bc])

    Execution Region ER_IROM1 (Exec base: 0x08000000, Load base: 0x08000000, Size: 0x0000508c, Max: 0x00010000, ABSOLUTE)

    Exec Addr    Load Addr    Size         Type   Attr      Idx    E Section Name        Object

    0x08000000   0x08000000   0x000000ec   Data   RO            3    RESET               startup_stm32f103xb.o
    0x080000ec   0x080000ec   0x00000000   Code   RO         4451  * .ARM.Collect$$$$00000000  mc_w.l(entry.o)
    0x080000ec   0x080000ec   0x00000004   Code   RO         4810    .ARM.Collect$$$$00000001  mc_w.l(entry2.o)
    0x080000f0   0x080000f0   0x00000004   Code   RO         4813    .ARM.Collect$$$$00000004  mc_w.l(entry5.o)
    0x080000f4   0x080000f4   0x00000000   Code   RO         4815    .ARM.Collect$$$$00000008  mc_w.l(entry7b.o)
    0x080000f4   0x080000f4   0x00000000   Code   RO         4817    .ARM.Collect$$$$0000000A  mc_w.l(entry8b.o)
    0x080000f4   0x080000f4   0x00000008   Code   RO         4818    .ARM.Collect$$$$0000000B  mc_w.l(entry9a.o)
    0x080000fc   0x080000fc   0x00000004   Code   RO         4825    .ARM.Collect$$$$0000000E  mc_w.l(entry12b.o)
    0x08000100   0x08000100   0x00000000   Code   RO         4820    .ARM.Collect$$$$0000000F  mc_w.l(entry10a.o)
    0x08000100   0x08000100   0x00000000   Code   RO         4822    .ARM.Collect$$$$00000011  mc_w.l(entry11a.o)
    0x08000100   0x08000100   0x00000004   Code   RO         4811    .ARM.Collect$$$$00002712  mc_w.l(entry2.o)
    0x08000104   0x08000104   0x00000024   Code   RO            4    .text               startup_stm32f103xb.o
    0x08000128   0x08000128   0x00000020   Code   RO         4456    .text               mc_w.l(llushr.o)
    0x08000148   0x08000148   0x00000024   Code   RO         4458    .text               mc_w.l(memseta.o)
    0x0800016c   0x0800016c   0x0000000e   Code   RO         4460    .text               mc_w.l(strlen.o)
    0x0800017a   0x0800017a   0x000000b0   Code   RO         4725    .text               mf_w.l(fadd.o)
    0x0800022a   0x0800022a   0x00000064   Code   RO         4727    .text               mf_w.l(fmul.o)
    0x0800028e   0x0800028e   0x0000007c   Code   RO         4729    .text               mf_w.l(fdiv.o)
    0x0800030a   0x0800030a   0x00000018   Code   RO         4731    .text               mf_w.l(fscalb.o)
    0x08000322   0x08000322   0x000000e4   Code   RO         4733    .text               mf_w.l(dmul.o)
    0x08000406   0x08000406   0x000000de   Code   RO         4735    .text               mf_w.l(ddiv.o)
    0x080004e4   0x080004e4   0x00000012   Code   RO         4739    .text               mf_w.l(fflti.o)
    0x080004f6   0x080004f6   0x0000000a   Code   RO         4741    .text               mf_w.l(ffltui.o)
    0x08000500   0x08000500   0x00000032   Code   RO         4745    .text               mf_w.l(ffixi.o)
    0x08000532   0x08000532   0x00000026   Code   RO         4749    .text               mf_w.l(f2d.o)
    0x08000558   0x08000558   0x00000014   Code   RO         4755    .text               mf_w.l(cfrcmple.o)
    0x0800056c   0x0800056c   0x0000002c   Code   RO         4827    .text               mc_w.l(uidiv.o)
    0x08000598   0x08000598   0x00000062   Code   RO         4829    .text               mc_w.l(uldiv.o)
    0x080005fa   0x080005fa   0x00000000   Code   RO         4838    .text               mc_w.l(iusefp.o)
    0x080005fa   0x080005fa   0x0000006e   Code   RO         4839    .text               mf_w.l(fepilogue.o)
    0x08000668   0x08000668   0x0000005e   Code   RO         4841    .text               mf_w.l(fsqrt.o)
    0x080006c6   0x080006c6   0x000000ba   Code   RO         4843    .text               mf_w.l(depilogue.o)
    0x08000780   0x08000780   0x0000014e   Code   RO         4845    .text               mf_w.l(dadd.o)
    0x080008ce   0x080008ce   0x00000030   Code   RO         4847    .text               mf_w.l(dfixul.o)
    0x080008fe   0x080008fe   0x00000002   PAD
    0x08000900   0x08000900   0x00000030   Code   RO         4851    .text               mf_w.l(cdrcmple.o)
    0x08000930   0x08000930   0x00000024   Code   RO         4853    .text               mc_w.l(init.o)
    0x08000954   0x08000954   0x0000001e   Code   RO         4855    .text               mc_w.l(llshl.o)
    0x08000972   0x08000972   0x00000024   Code   RO         4857    .text               mc_w.l(llsshr.o)
    0x08000996   0x08000996   0x0000003a   Code   RO         4869    .text               mc_w.l(__dczerorl.o)
    0x080009d0   0x080009d0   0x0000008c   Code   RO         4274    i.Angle_PID         pid.o
    0x08000a5c   0x08000a5c   0x00000002   Code   RO          442    i.BusFault_Handler  stm32f1xx_it.o
    0x08000a5e   0x08000a5e   0x00000002   PAD
    0x08000a60   0x08000a60   0x00000114   Code   RO         3347    i.Calibrate_Gyro    mpu9250.o
    0x08000b74   0x08000b74   0x00000008   Code   RO         4335    i.Car_GetInstance   car.o
    0x08000b7c   0x08000b7c   0x000001e4   Code   RO         4337    i.Car_Get_Real_Value  car.o
    0x08000d60   0x08000d60   0x00000158   Code   RO         4338    i.Car_Init          car.o
    0x08000eb8   0x08000eb8   0x0000000c   Code   RO          443    i.DMA1_Channel5_IRQHandler  stm32f1xx_it.o
    0x08000ec4   0x08000ec4   0x0000002c   Code   RO          156    i.DWT_Delay_Init    delay.o
    0x08000ef0   0x08000ef0   0x0000002c   Code   RO          157    i.DWT_Delay_us      delay.o
    0x08000f1c   0x08000f1c   0x00000002   Code   RO          444    i.DebugMon_Handler  stm32f1xx_it.o
    0x08000f1e   0x08000f1e   0x00000002   PAD
    0x08000f20   0x08000f20   0x00000014   Code   RO         3460    i.Encoder_Get_A     motor.o
    0x08000f34   0x08000f34   0x00000014   Code   RO         3461    i.Encoder_Get_B     motor.o
    0x08000f48   0x08000f48   0x00000004   Code   RO          326    i.Error_Handler     main.o
    0x08000f4c   0x08000f4c   0x00000004   Code   RO          201    i.Get_Data_SubTask  subtask.o
    0x08000f50   0x08000f50   0x00000046   Code   RO         1354    i.HAL_DMA_Abort     stm32f1xx_hal_dma.o
    0x08000f96   0x08000f96   0x00000002   PAD
    0x08000f98   0x08000f98   0x00000098   Code   RO         1355    i.HAL_DMA_Abort_IT  stm32f1xx_hal_dma.o
    0x08001030   0x08001030   0x00000154   Code   RO         1359    i.HAL_DMA_IRQHandler  stm32f1xx_hal_dma.o
    0x08001184   0x08001184   0x0000005c   Code   RO         1360    i.HAL_DMA_Init      stm32f1xx_hal_dma.o
    0x080011e0   0x080011e0   0x000001e0   Code   RO         1290    i.HAL_GPIO_Init     stm32f1xx_hal_gpio.o
    0x080013c0   0x080013c0   0x0000000a   Code   RO         1294    i.HAL_GPIO_WritePin  stm32f1xx_hal_gpio.o
    0x080013ca   0x080013ca   0x00000002   PAD
    0x080013cc   0x080013cc   0x0000000c   Code   RO          984    i.HAL_GetTick       stm32f1xx_hal.o
    0x080013d8   0x080013d8   0x00000010   Code   RO          990    i.HAL_IncTick       stm32f1xx_hal.o
    0x080013e8   0x080013e8   0x00000024   Code   RO          991    i.HAL_Init          stm32f1xx_hal.o
    0x0800140c   0x0800140c   0x00000040   Code   RO          992    i.HAL_InitTick      stm32f1xx_hal.o
    0x0800144c   0x0800144c   0x0000003c   Code   RO          536    i.HAL_MspInit       stm32f1xx_hal_msp.o
    0x08001488   0x08001488   0x0000001a   Code   RO         1450    i.HAL_NVIC_EnableIRQ  stm32f1xx_hal_cortex.o
    0x080014a2   0x080014a2   0x00000002   PAD
    0x080014a4   0x080014a4   0x00000040   Code   RO         1456    i.HAL_NVIC_SetPriority  stm32f1xx_hal_cortex.o
    0x080014e4   0x080014e4   0x00000024   Code   RO         1457    i.HAL_NVIC_SetPriorityGrouping  stm32f1xx_hal_cortex.o
    0x08001508   0x08001508   0x0000012c   Code   RO         1148    i.HAL_RCC_ClockConfig  stm32f1xx_hal_rcc.o
    0x08001634   0x08001634   0x00000020   Code   RO         1155    i.HAL_RCC_GetPCLK1Freq  stm32f1xx_hal_rcc.o
    0x08001654   0x08001654   0x00000020   Code   RO         1156    i.HAL_RCC_GetPCLK2Freq  stm32f1xx_hal_rcc.o
    0x08001674   0x08001674   0x0000004c   Code   RO         1157    i.HAL_RCC_GetSysClockFreq  stm32f1xx_hal_rcc.o
    0x080016c0   0x080016c0   0x00000320   Code   RO         1160    i.HAL_RCC_OscConfig  stm32f1xx_hal_rcc.o
    0x080019e0   0x080019e0   0x00000006   Code   RO          660    i.HAL_SPI_GetState  stm32f1xx_hal_spi.o
    0x080019e6   0x080019e6   0x000000b2   Code   RO          662    i.HAL_SPI_Init      stm32f1xx_hal_spi.o
    0x08001a98   0x08001a98   0x000000a0   Code   RO          538    i.HAL_SPI_MspInit   stm32f1xx_hal_msp.o
    0x08001b38   0x08001b38   0x00000154   Code   RO          665    i.HAL_SPI_Receive   stm32f1xx_hal_spi.o
    0x08001c8c   0x08001c8c   0x00000166   Code   RO          670    i.HAL_SPI_Transmit  stm32f1xx_hal_spi.o
    0x08001df2   0x08001df2   0x000001f0   Code   RO          671    i.HAL_SPI_TransmitReceive  stm32f1xx_hal_spi.o
    0x08001fe2   0x08001fe2   0x00000028   Code   RO         1461    i.HAL_SYSTICK_Config  stm32f1xx_hal_cortex.o
    0x0800200a   0x0800200a   0x00000002   Code   RO         2656    i.HAL_TIMEx_BreakCallback  stm32f1xx_hal_tim_ex.o
    0x0800200c   0x0800200c   0x00000002   Code   RO         2657    i.HAL_TIMEx_CommutCallback  stm32f1xx_hal_tim_ex.o
    0x0800200e   0x0800200e   0x00000002   PAD
    0x08002010   0x08002010   0x00000068   Code   RO         2675    i.HAL_TIMEx_MasterConfigSynchronization  stm32f1xx_hal_tim_ex.o
    0x08002078   0x08002078   0x0000005a   Code   RO         1952    i.HAL_TIM_Base_Init  stm32f1xx_hal_tim.o
    0x080020d2   0x080020d2   0x00000002   PAD
    0x080020d4   0x080020d4   0x00000054   Code   RO          540    i.HAL_TIM_Base_MspInit  stm32f1xx_hal_msp.o
    0x08002128   0x08002128   0x00000058   Code   RO         1957    i.HAL_TIM_Base_Start_IT  stm32f1xx_hal_tim.o
    0x08002180   0x08002180   0x000000dc   Code   RO         1961    i.HAL_TIM_ConfigClockSource  stm32f1xx_hal_tim.o
    0x0800225c   0x0800225c   0x000000a4   Code   RO         1973    i.HAL_TIM_Encoder_Init  stm32f1xx_hal_tim.o
    0x08002300   0x08002300   0x0000008c   Code   RO          542    i.HAL_TIM_Encoder_MspInit  stm32f1xx_hal_msp.o
    0x0800238c   0x0800238c   0x0000008e   Code   RO         1976    i.HAL_TIM_Encoder_Start  stm32f1xx_hal_tim.o
    0x0800241a   0x0800241a   0x00000002   Code   RO         1986    i.HAL_TIM_IC_CaptureCallback  stm32f1xx_hal_tim.o
    0x0800241c   0x0800241c   0x00000130   Code   RO         2000    i.HAL_TIM_IRQHandler  stm32f1xx_hal_tim.o
    0x0800254c   0x0800254c   0x0000004c   Code   RO          543    i.HAL_TIM_MspPostInit  stm32f1xx_hal_msp.o
    0x08002598   0x08002598   0x00000002   Code   RO         2003    i.HAL_TIM_OC_DelayElapsedCallback  stm32f1xx_hal_tim.o
    0x0800259a   0x0800259a   0x000000cc   Code   RO         2024    i.HAL_TIM_PWM_ConfigChannel  stm32f1xx_hal_tim.o
    0x08002666   0x08002666   0x0000005a   Code   RO         2027    i.HAL_TIM_PWM_Init  stm32f1xx_hal_tim.o
    0x080026c0   0x080026c0   0x00000002   Code   RO         2029    i.HAL_TIM_PWM_MspInit  stm32f1xx_hal_tim.o
    0x080026c2   0x080026c2   0x00000002   Code   RO         2030    i.HAL_TIM_PWM_PulseFinishedCallback  stm32f1xx_hal_tim.o
    0x080026c4   0x080026c4   0x0000009c   Code   RO         2032    i.HAL_TIM_PWM_Start  stm32f1xx_hal_tim.o
    0x08002760   0x08002760   0x0000002c   Code   RO          327    i.HAL_TIM_PeriodElapsedCallback  main.o
    0x0800278c   0x0800278c   0x00000002   Code   RO         2043    i.HAL_TIM_TriggerCallback  stm32f1xx_hal_tim.o
    0x0800278e   0x0800278e   0x00000002   Code   RO         2935    i.HAL_UARTEx_RxEventCallback  stm32f1xx_hal_uart.o
    0x08002790   0x08002790   0x00000070   Code   RO         2947    i.HAL_UART_DMAStop  stm32f1xx_hal_uart.o
    0x08002800   0x08002800   0x00000002   Code   RO         2949    i.HAL_UART_ErrorCallback  stm32f1xx_hal_uart.o
    0x08002802   0x08002802   0x00000002   PAD
    0x08002804   0x08002804   0x0000026c   Code   RO         2952    i.HAL_UART_IRQHandler  stm32f1xx_hal_uart.o
    0x08002a70   0x08002a70   0x00000064   Code   RO         2953    i.HAL_UART_Init     stm32f1xx_hal_uart.o
    0x08002ad4   0x08002ad4   0x000000b0   Code   RO          545    i.HAL_UART_MspInit  stm32f1xx_hal_msp.o
    0x08002b84   0x08002b84   0x00000002   Code   RO         2959    i.HAL_UART_RxCpltCallback  stm32f1xx_hal_uart.o
    0x08002b86   0x08002b86   0x000000a0   Code   RO         2961    i.HAL_UART_Transmit  stm32f1xx_hal_uart.o
    0x08002c26   0x08002c26   0x00000002   Code   RO         2964    i.HAL_UART_TxCpltCallback  stm32f1xx_hal_uart.o
    0x08002c28   0x08002c28   0x00000002   Code   RO          445    i.HardFault_Handler  stm32f1xx_it.o
    0x08002c2a   0x08002c2a   0x00000002   PAD
    0x08002c2c   0x08002c2c   0x00000058   Code   RO         4341    i.InfiniteYaw       car.o
    0x08002c84   0x08002c84   0x00000018   Code   RO           13    i.Log_Print         text_utils.o
    0x08002c9c   0x08002c9c   0x000000b0   Code   RO         3350    i.MPU9250_Init      mpu9250.o
    0x08002d4c   0x08002d4c   0x0000005c   Code   RO         3351    i.MPU9250_ReadAccel  mpu9250.o
    0x08002da8   0x08002da8   0x00000070   Code   RO         3353    i.MPU9250_ReadGyro  mpu9250.o
    0x08002e18   0x08002e18   0x000000f8   Code   RO          328    i.MX_GPIO_Init      main.o
    0x08002f10   0x08002f10   0x00000044   Code   RO          329    i.MX_SPI1_Init      main.o
    0x08002f54   0x08002f54   0x00000080   Code   RO          330    i.MX_TIM1_Init      main.o
    0x08002fd4   0x08002fd4   0x00000068   Code   RO          331    i.MX_TIM2_Init      main.o
    0x0800303c   0x0800303c   0x000000b8   Code   RO          332    i.MX_TIM3_Init      main.o
    0x080030f4   0x080030f4   0x00000068   Code   RO          333    i.MX_TIM4_Init      main.o
    0x0800315c   0x0800315c   0x0000002c   Code   RO          259    i.Mahony_Init       mahonyahrs.o
    0x08003188   0x08003188   0x000000c4   Code   RO          260    i.Mahony_computeAngles  mahonyahrs.o
    0x0800324c   0x0800324c   0x00000058   Code   RO          261    i.Mahony_invSqrt    mahonyahrs.o
    0x080032a4   0x080032a4   0x00000370   Code   RO          263    i.Mahony_update_IMU  mahonyahrs.o
    0x08003614   0x08003614   0x00000002   Code   RO          446    i.MemManage_Handler  stm32f1xx_it.o
    0x08003616   0x08003616   0x00000002   Code   RO          447    i.NMI_Handler       stm32f1xx_it.o
    0x08003618   0x08003618   0x0000003c   Code   RO          202    i.Normal_Balance_SubTask  subtask.o
    0x08003654   0x08003654   0x00000004   Code   RO         4277    i.PID_Set_Current   pid.o
    0x08003658   0x08003658   0x00000002   Code   RO          448    i.PendSV_Handler    stm32f1xx_it.o
    0x0800365a   0x0800365a   0x000000b4   Code   RO         4278    i.Position_PID      pid.o
    0x0800370e   0x0800370e   0x0000005c   Code   RO          699    i.SPI_EndRxTransaction  stm32f1xx_hal_spi.o
    0x0800376a   0x0800376a   0x00000034   Code   RO          700    i.SPI_EndRxTxTransaction  stm32f1xx_hal_spi.o
    0x0800379e   0x0800379e   0x00000002   PAD
    0x080037a0   0x080037a0   0x000000b8   Code   RO          705    i.SPI_WaitFlagStateUntilTimeout  stm32f1xx_hal_spi.o
    0x08003858   0x08003858   0x00000002   Code   RO          449    i.SVC_Handler       stm32f1xx_it.o
    0x0800385a   0x0800385a   0x00000002   PAD
    0x0800385c   0x0800385c   0x00000050   Code   RO         3463    i.Set_Motor_A_Speed  motor.o
    0x080038ac   0x080038ac   0x00000050   Code   RO         3464    i.Set_Motor_B_Speed  motor.o
    0x080038fc   0x080038fc   0x00000006   Code   RO         4279    i.Set_PID           pid.o
    0x08003902   0x08003902   0x00000004   Code   RO          450    i.SysTick_Handler   stm32f1xx_it.o
    0x08003906   0x08003906   0x0000005e   Code   RO          334    i.SystemClock_Config  main.o
    0x08003964   0x08003964   0x00000002   Code   RO         3287    i.SystemInit        system_stm32f1xx.o
    0x08003966   0x08003966   0x00000002   PAD
    0x08003968   0x08003968   0x0000000c   Code   RO          451    i.TIM1_UP_IRQHandler  stm32f1xx_it.o
    0x08003974   0x08003974   0x00000078   Code   RO         2045    i.TIM_Base_SetConfig  stm32f1xx_hal_tim.o
    0x080039ec   0x080039ec   0x0000001a   Code   RO         2046    i.TIM_CCxChannelCmd  stm32f1xx_hal_tim.o
    0x08003a06   0x08003a06   0x00000014   Code   RO         2056    i.TIM_ETR_SetConfig  stm32f1xx_hal_tim.o
    0x08003a1a   0x08003a1a   0x00000010   Code   RO         2057    i.TIM_ITRx_SetConfig  stm32f1xx_hal_tim.o
    0x08003a2a   0x08003a2a   0x00000002   PAD
    0x08003a2c   0x08003a2c   0x00000050   Code   RO         2058    i.TIM_OC1_SetConfig  stm32f1xx_hal_tim.o
    0x08003a7c   0x08003a7c   0x00000058   Code   RO         2059    i.TIM_OC2_SetConfig  stm32f1xx_hal_tim.o
    0x08003ad4   0x08003ad4   0x00000058   Code   RO         2060    i.TIM_OC3_SetConfig  stm32f1xx_hal_tim.o
    0x08003b2c   0x08003b2c   0x00000044   Code   RO         2061    i.TIM_OC4_SetConfig  stm32f1xx_hal_tim.o
    0x08003b70   0x08003b70   0x00000022   Code   RO         2063    i.TIM_TI1_ConfigInputStage  stm32f1xx_hal_tim.o
    0x08003b92   0x08003b92   0x00000024   Code   RO         2065    i.TIM_TI2_ConfigInputStage  stm32f1xx_hal_tim.o
    0x08003bb6   0x08003bb6   0x00000010   Code   RO         2966    i.UART_DMAAbortOnError  stm32f1xx_hal_uart.o
    0x08003bc6   0x08003bc6   0x0000004e   Code   RO         2976    i.UART_EndRxTransfer  stm32f1xx_hal_uart.o
    0x08003c14   0x08003c14   0x0000001c   Code   RO         2977    i.UART_EndTxTransfer  stm32f1xx_hal_uart.o
    0x08003c30   0x08003c30   0x000000c2   Code   RO         2978    i.UART_Receive_IT   stm32f1xx_hal_uart.o
    0x08003cf2   0x08003cf2   0x00000002   PAD
    0x08003cf4   0x08003cf4   0x000000b8   Code   RO         2979    i.UART_SetConfig    stm32f1xx_hal_uart.o
    0x08003dac   0x08003dac   0x00000072   Code   RO         2982    i.UART_WaitOnFlagUntilTimeout  stm32f1xx_hal_uart.o
    0x08003e1e   0x08003e1e   0x00000002   PAD
    0x08003e20   0x08003e20   0x00000034   Code   RO          452    i.USART1_IRQHandler  stm32f1xx_it.o
    0x08003e54   0x08003e54   0x00000002   Code   RO          453    i.UsageFault_Handler  stm32f1xx_it.o
    0x08003e56   0x08003e56   0x00000002   PAD
    0x08003e58   0x08003e58   0x00000034   Code   RO         4702    i.__0vsnprintf      mc_w.l(printfa.o)
    0x08003e8c   0x08003e8c   0x00000026   Code   RO         4783    i.__ARM_fpclassifyf  m_ws.l(fpclassifyf.o)
    0x08003eb2   0x08003eb2   0x00000020   Code   RO         1463    i.__NVIC_SetPriority  stm32f1xx_hal_cortex.o
    0x08003ed2   0x08003ed2   0x00000006   Code   RO         4786    i.__mathlib_flt_infnan  m_ws.l(funder.o)
    0x08003ed8   0x08003ed8   0x00000004   Code   RO         4787    i.__mathlib_flt_infnan2  m_ws.l(funder.o)
    0x08003edc   0x08003edc   0x00000008   Code   RO         4788    i.__mathlib_flt_invalid  m_ws.l(funder.o)
    0x08003ee4   0x08003ee4   0x0000000a   Code   RO         4791    i.__mathlib_flt_underflow  m_ws.l(funder.o)
    0x08003eee   0x08003eee   0x0000000e   Code   RO         4863    i.__scatterload_copy  mc_w.l(handlers.o)
    0x08003efc   0x08003efc   0x00000002   Code   RO         4864    i.__scatterload_null  mc_w.l(handlers.o)
    0x08003efe   0x08003efe   0x0000000e   Code   RO         4865    i.__scatterload_zeroinit  mc_w.l(handlers.o)
    0x08003f0c   0x08003f0c   0x0000000c   Code   RO         4833    i.__set_errno       mc_w.l(errno.o)
    0x08003f18   0x08003f18   0x00000184   Code   RO         4704    i._fp_digits        mc_w.l(printfa.o)
    0x0800409c   0x0800409c   0x000006b4   Code   RO         4705    i._printf_core      mc_w.l(printfa.o)
    0x08004750   0x08004750   0x00000024   Code   RO         4706    i._printf_post_padding  mc_w.l(printfa.o)
    0x08004774   0x08004774   0x0000002e   Code   RO         4707    i._printf_pre_padding  mc_w.l(printfa.o)
    0x080047a2   0x080047a2   0x00000016   Code   RO         4708    i._snputc           mc_w.l(printfa.o)
    0x080047b8   0x080047b8   0x00000124   Code   RO         4420    i.asinf             m_ws.l(asinf.o)
    0x080048dc   0x080048dc   0x000002a4   Code   RO         4436    i.atan2f            m_ws.l(atan2f.o)
    0x08004b80   0x08004b80   0x00000020   Code   RO          264    i.getPitch          mahonyahrs.o
    0x08004ba0   0x08004ba0   0x00000020   Code   RO          265    i.getRoll           mahonyahrs.o
    0x08004bc0   0x08004bc0   0x000002ac   Code   RO          336    i.main              main.o
    0x08004e6c   0x08004e6c   0x00000058   Code   RO         3358    i.mpu_r_regs        mpu9250.o
    0x08004ec4   0x08004ec4   0x0000005c   Code   RO         3360    i.mpu_w_reg         mpu9250.o
    0x08004f20   0x08004f20   0x00000036   Code   RO         3361    i.spi_wr_byte       mpu9250.o
    0x08004f56   0x08004f56   0x0000002c   Code   RO         4444    i.sqrtf             m_ws.l(sqrtf.o)
    0x08004f82   0x08004f82   0x00000028   Code   RO           16    i.u1_printf         text_utils.o
    0x08004faa   0x08004faa   0x00000012   Data   RO         1161    .constdata          stm32f1xx_hal_rcc.o
    0x08004fbc   0x08004fbc   0x00000010   Data   RO         3288    .constdata          system_stm32f1xx.o
    0x08004fcc   0x08004fcc   0x00000008   Data   RO         3289    .constdata          system_stm32f1xx.o
    0x08004fd4   0x08004fd4   0x00000096   Data   RO          340    .conststring        main.o
    0x0800506a   0x0800506a   0x00000002   PAD
    0x0800506c   0x0800506c   0x00000020   Data   RO         4861    Region$$Table       anon$$obj.o


    Execution Region RW_IRAM1 (Exec base: 0x20000000, Load base: 0x0800508c, Size: 0x00000a10, Max: 0x00005000, ABSOLUTE, COMPRESSED[0x00000030])

    Exec Addr    Load Addr    Size         Type   Attr      Idx    E Section Name        Object

    0x20000000   COMPRESSED   0x00000004   Data   RW          159    .data               delay.o
    0x20000004   COMPRESSED   0x00000008   Data   RW          203    .data               subtask.o
    0x2000000c   COMPRESSED   0x00000034   Data   RW          267    .data               mahonyahrs.o
    0x20000040   COMPRESSED   0x00000004   Data   RW          342    .data               main.o
    0x20000044   COMPRESSED   0x0000000c   Data   RW          998    .data               stm32f1xx_hal.o
    0x20000050   COMPRESSED   0x00000004   Data   RW         3290    .data               system_stm32f1xx.o
    0x20000054   COMPRESSED   0x00000002   Data   RW         3363    .data               mpu9250.o
    0x20000056   COMPRESSED   0x00000002   PAD
    0x20000058   COMPRESSED   0x000000d0   Data   RW         4280    .data               pid.o
    0x20000128   COMPRESSED   0x0000001c   Data   RW         4344    .data               car.o
    0x20000144   COMPRESSED   0x00000004   Data   RW         4834    .data               mc_w.l(errno.o)
    0x20000148        -       0x0000022c   Zero   RW          337    .bss                main.o
    0x20000374        -       0x00000044   Zero   RW          338    .bss                main.o
    0x200003b8        -       0x00000044   Zero   RW          339    .bss                main.o
    0x200003fc        -       0x00000010   Zero   RW         3362    .bss                mpu9250.o
    0x2000040c        -       0x00000204   Zero   RW         4342    .bss                car.o
    0x20000610        -       0x00000400   Zero   RW            1    STACK               startup_stm32f103xb.o


==============================================================================

Image component sizes


      Code (inc. data)   RO Data    RW Data    ZI Data      Debug   Object Name

       924         84          0         28        516       6216   car.o
        88         24          0          4          0       1032   delay.o
      1272         48          0         52          0       3811   mahonyahrs.o
      1662        254        150          4        692       6927   main.o
       200         28          0          0          0       1908   motor.o
       890        186          0          2         16       9543   mpu9250.o
       330          0          0        208          0       3469   pid.o
        36          8        236          0       1024        760   startup_stm32f103xb.o
       128         24          0         12          0       5005   stm32f1xx_hal.o
       198         14          0          0          0      28707   stm32f1xx_hal_cortex.o
       654         36          0          0          0       3183   stm32f1xx_hal_dma.o
       490         34          0          0          0       2764   stm32f1xx_hal_gpio.o
       696         92          0          0          0       4300   stm32f1xx_hal_msp.o
      1240         84         18          0          0       4872   stm32f1xx_hal_rcc.o
      1706          4          0          0          0       8241   stm32f1xx_hal_spi.o
      2044         56          0          0          0      17017   stm32f1xx_hal_tim.o
       108         12          0          0          0       2241   stm32f1xx_hal_tim_ex.o
      1614         10          0          0          0      10703   stm32f1xx_hal_uart.o
        96         20          0          0          0       5426   stm32f1xx_it.o
        64          4          0          8          0       8889   subtask.o
         2          0         24          4          0        995   system_stm32f1xx.o
        64          4          0          0          0     433830   text_utils.o

    ----------------------------------------------------------------------
     14538       1026        462        324       2248     569839   Object Totals
         0          0         32          0          0          0   (incl. Generated)
        32          0          2          2          0          0   (incl. Padding)

    ----------------------------------------------------------------------

      Code (inc. data)   RO Data    RW Data    ZI Data      Debug   Library Member Name

       292         38          0          0          0        120   asinf.o
       676         78          0          0          0        116   atan2f.o
        38          0          0          0          0         68   fpclassifyf.o
        28          0          0          0          0        272   funder.o
        44          0          0          0          0         80   sqrtf.o
        58          0          0          0          0          0   __dczerorl.o
         0          0          0          0          0          0   entry.o
         0          0          0          0          0          0   entry10a.o
         0          0          0          0          0          0   entry11a.o
         4          0          0          0          0          0   entry12b.o
         8          4          0          0          0          0   entry2.o
         4          0          0          0          0          0   entry5.o
         0          0          0          0          0          0   entry7b.o
         0          0          0          0          0          0   entry8b.o
         8          4          0          0          0          0   entry9a.o
        12          6          0          4          0         68   errno.o
        30          0          0          0          0          0   handlers.o
        36          8          0          0          0         68   init.o
         0          0          0          0          0          0   iusefp.o
        30          0          0          0          0         68   llshl.o
        36          0          0          0          0         68   llsshr.o
        32          0          0          0          0         68   llushr.o
        36          0          0          0          0        108   memseta.o
      2260         86          0          0          0        528   printfa.o
        14          0          0          0          0         68   strlen.o
        44          0          0          0          0         80   uidiv.o
        98          0          0          0          0         92   uldiv.o
        48          0          0          0          0         68   cdrcmple.o
        20          0          0          0          0         68   cfrcmple.o
       334          0          0          0          0        148   dadd.o
       222          0          0          0          0        100   ddiv.o
       186          0          0          0          0        176   depilogue.o
        48          0          0          0          0         68   dfixul.o
       228          0          0          0          0         96   dmul.o
        38          0          0          0          0         68   f2d.o
       176          0          0          0          0        140   fadd.o
       124          0          0          0          0         88   fdiv.o
       110          0          0          0          0        168   fepilogue.o
        50          0          0          0          0         68   ffixi.o
        18          0          0          0          0         68   fflti.o
        10          0          0          0          0         68   ffltui.o
       100          0          0          0          0         76   fmul.o
        24          0          0          0          0         68   fscalb.o
        94          0          0          0          0         96   fsqrt.o

    ----------------------------------------------------------------------
      5620        224          0          4          0       3504   Library Totals
         2          0          0          0          0          0   (incl. Padding)

    ----------------------------------------------------------------------

      Code (inc. data)   RO Data    RW Data    ZI Data      Debug   Library Name

      1078        116          0          0          0        656   m_ws.l
      2710        108          0          4          0       1216   mc_w.l
      1830          0          0          0          0       1632   mf_w.l

    ----------------------------------------------------------------------
      5620        224          0          4          0       3504   Library Totals

    ----------------------------------------------------------------------

==============================================================================


      Code (inc. data)   RO Data    RW Data    ZI Data      Debug   

     20158       1250        462        328       2248     565099   Grand Totals
     20158       1250        462         48       2248     565099   ELF Image Totals (compressed)
     20158       1250        462         48          0          0   ROM Totals

==============================================================================

    Total RO  Size (Code + RO Data)                20620 (  20.14kB)
    Total RW  Size (RW Data + ZI Data)              2576 (   2.52kB)
    Total ROM Size (Code + RO Data + RW Data)      20668 (  20.18kB)

==============================================================================

